
Optional file libmchp_peripheral.a not found

Optional file libmchp_peripheral_32MX795F512L.a not found
Archive member included because of file (symbol)

c:/program files (x86)/microchip/xc32/v1.40/bin/bin/../../lib/gcc/pic32mx/4.8.3/../../../../pic32mx/lib\libpic32.a(memcpy.o)
                              build/configRover/production/_ext/184327166/queue.o (memcpy)
c:/program files (x86)/microchip/xc32/v1.40/bin/bin/../../lib/gcc/pic32mx/4.8.3/../../../../pic32mx/lib\libpic32.a(memset.o)
                              build/configRover/production/_ext/184327166/tasks.o (memset)
c:/program files (x86)/microchip/xc32/v1.40/bin/bin/../../lib/gcc/pic32mx/4.8.3/../../../../pic32mx/lib\libpic32.a(default-bootstrap-exception-handler.o)
                              c:/program files (x86)/microchip/xc32/v1.40/bin/bin/../../lib/gcc/pic32mx/4.8.3/../../../../pic32mx/lib/./proc/32MX795F512L/crt0_mips32r2.o (_bootstrap_exception_handler)
c:/program files (x86)/microchip/xc32/v1.40/bin/bin/../../lib/gcc/pic32mx/4.8.3/../../../../pic32mx/lib\libpic32.a(default-on-reset.o)
                              c:/program files (x86)/microchip/xc32/v1.40/bin/bin/../../lib/gcc/pic32mx/4.8.3/../../../../pic32mx/lib/./proc/32MX795F512L/crt0_mips32r2.o (_on_reset)
c:/program files (x86)/microchip/xc32/v1.40/bin/bin/../../lib/gcc/pic32mx/4.8.3/../../../../pic32mx/lib\libpic32.a(default-on-bootstrap.o)
                              c:/program files (x86)/microchip/xc32/v1.40/bin/bin/../../lib/gcc/pic32mx/4.8.3/../../../../pic32mx/lib/./proc/32MX795F512L/crt0_mips32r2.o (_on_bootstrap)
c:/program files (x86)/microchip/xc32/v1.40/bin/bin/../../lib/gcc/pic32mx/4.8.3/../../../../pic32mx/lib\libpic32.a(default-nmi-handler.o)
                              c:/program files (x86)/microchip/xc32/v1.40/bin/bin/../../lib/gcc/pic32mx/4.8.3/../../../../pic32mx/lib/./proc/32MX795F512L/crt0_mips32r2.o (_nmi_handler)
c:/program files (x86)/microchip/xc32/v1.40/bin/bin/../../lib/gcc/pic32mx/4.8.3/../../../../pic32mx/lib\libpic32.a(general-exception.o)
                              c:/program files (x86)/microchip/xc32/v1.40/bin/bin/../../lib/gcc/pic32mx/4.8.3/../../../../pic32mx/lib/./proc/32MX795F512L/crt0_mips32r2.o (_general_exception_context)
c:/program files (x86)/microchip/xc32/v1.40/bin/bin/../../lib/gcc/pic32mx/4.8.3/../../../../pic32mx/lib\libpic32.a(vector0.o)
                              c:/program files (x86)/microchip/xc32/v1.40/bin/bin/../../lib/gcc/pic32mx/4.8.3/../../../../pic32mx/lib/./proc/32MX795F512L\default_isr_vectors.o (__vector_dispatch_0)
c:/program files (x86)/microchip/xc32/v1.40/bin/bin/../../lib/gcc/pic32mx/4.8.3/../../../../pic32mx/lib\libpic32.a(vector2.o)
                              c:/program files (x86)/microchip/xc32/v1.40/bin/bin/../../lib/gcc/pic32mx/4.8.3/../../../../pic32mx/lib/./proc/32MX795F512L\default_isr_vectors.o (__vector_dispatch_2)
c:/program files (x86)/microchip/xc32/v1.40/bin/bin/../../lib/gcc/pic32mx/4.8.3/../../../../pic32mx/lib\libpic32.a(vector3.o)
                              c:/program files (x86)/microchip/xc32/v1.40/bin/bin/../../lib/gcc/pic32mx/4.8.3/../../../../pic32mx/lib/./proc/32MX795F512L\default_isr_vectors.o (__vector_dispatch_3)
c:/program files (x86)/microchip/xc32/v1.40/bin/bin/../../lib/gcc/pic32mx/4.8.3/../../../../pic32mx/lib\libpic32.a(vector6.o)
                              c:/program files (x86)/microchip/xc32/v1.40/bin/bin/../../lib/gcc/pic32mx/4.8.3/../../../../pic32mx/lib/./proc/32MX795F512L\default_isr_vectors.o (__vector_dispatch_6)
c:/program files (x86)/microchip/xc32/v1.40/bin/bin/../../lib/gcc/pic32mx/4.8.3/../../../../pic32mx/lib\libpic32.a(vector7.o)
                              c:/program files (x86)/microchip/xc32/v1.40/bin/bin/../../lib/gcc/pic32mx/4.8.3/../../../../pic32mx/lib/./proc/32MX795F512L\default_isr_vectors.o (__vector_dispatch_7)
c:/program files (x86)/microchip/xc32/v1.40/bin/bin/../../lib/gcc/pic32mx/4.8.3/../../../../pic32mx/lib\libpic32.a(vector10.o)
                              c:/program files (x86)/microchip/xc32/v1.40/bin/bin/../../lib/gcc/pic32mx/4.8.3/../../../../pic32mx/lib/./proc/32MX795F512L\default_isr_vectors.o (__vector_dispatch_10)
c:/program files (x86)/microchip/xc32/v1.40/bin/bin/../../lib/gcc/pic32mx/4.8.3/../../../../pic32mx/lib\libpic32.a(vector11.o)
                              c:/program files (x86)/microchip/xc32/v1.40/bin/bin/../../lib/gcc/pic32mx/4.8.3/../../../../pic32mx/lib/./proc/32MX795F512L\default_isr_vectors.o (__vector_dispatch_11)
c:/program files (x86)/microchip/xc32/v1.40/bin/bin/../../lib/gcc/pic32mx/4.8.3/../../../../pic32mx/lib\libpic32.a(vector13.o)
                              c:/program files (x86)/microchip/xc32/v1.40/bin/bin/../../lib/gcc/pic32mx/4.8.3/../../../../pic32mx/lib/./proc/32MX795F512L\default_isr_vectors.o (__vector_dispatch_13)
c:/program files (x86)/microchip/xc32/v1.40/bin/bin/../../lib/gcc/pic32mx/4.8.3/../../../../pic32mx/lib\libpic32.a(vector14.o)
[...]
Memory Configuration

Name             Origin             Length             Attributes
kseg0_program_mem 0x9d000000         0x00080000         xr
kseg0_boot_mem   0x9fc00490         0x00000970
exception_mem    0x9fc01000         0x00001000
kseg1_boot_mem   0xbfc00000         0x00000490
debug_exec_mem   0xbfc02000         0x00000ff0
config3          0xbfc02ff0         0x00000004
config2          0xbfc02ff4         0x00000004
config1          0xbfc02ff8         0x00000004
config0          0xbfc02ffc         0x00000004
kseg1_data_mem   0xa0000000         0x00020000         w !x
sfrs             0xbf800000         0x00100000
configsfrs       0xbfc02ff0         0x00000010
*default*        0x00000000         0xffffffff

Linker script and memory map

LOAD c:/program files (x86)/microchip/xc32/v1.40/bin/bin/../../lib/gcc/pic32mx/4.8.3/../../../../pic32mx/lib/./proc/32MX795F512L/crt0_mips32r2.o
LOAD c:/program files (x86)/microchip/xc32/v1.40/bin/bin/../../lib/gcc/pic32mx/4.8.3/../../../../pic32mx/lib\debug-exception-return.o
LOAD build/configRover/production/_ext/1360937237/communication.o
LOAD build/configRover/production/_ext/1360937237/motor.o
LOAD build/configRover/production/_ext/1360937237/main.o
LOAD build/configRover/production/_ext/1536116519/debug.o
LOAD build/configRover/production/_ext/1360937237/timer.o
LOAD build/configRover/production/_ext/1879384925/osal_freertos.o
LOAD build/configRover/production/_ext/351848739/sys_devcon.o
LOAD build/configRover/production/_ext/351848739/sys_devcon_pic32mx.o
LOAD build/configRover/production/_ext/474818461/sys_int_pic32.o
LOAD build/configRover/production/_ext/1139950406/sys_ports.o
LOAD build/configRover/production/_ext/184327166/croutine.o
LOAD build/configRover/production/_ext/184327166/list.o
LOAD build/configRover/production/_ext/184327166/queue.o
LOAD build/configRover/production/_ext/184327166/tasks.o
LOAD build/configRover/production/_ext/184327166/timers.o
LOAD build/configRover/production/_ext/184327166/event_groups.o
LOAD build/configRover/production/_ext/1818123999/heap_1.o
LOAD build/configRover/production/_ext/1062886388/port.o
LOAD build/configRover/production/_ext/1062886388/port_asm.o
LOAD build/configRover/production/_ext/106981565/drv_ic_static.o
LOAD build/configRover/production/_ext/64793341/drv_oc_static.o
LOAD build/configRover/production/_ext/1797679462/drv_tmr_static.o
LOAD build/configRover/production/_ext/1532176561/drv_usart_static.o
LOAD build/configRover/production/_ext/249367850/sys_clk_static.o
LOAD build/configRover/production/_ext/1926720346/sys_ports_static.o
LOAD build/configRover/production/_ext/369138285/system_init.o
LOAD build/configRover/production/_ext/369138285/system_interrupt.o
LOAD build/configRover/production/_ext/369138285/system_exceptions.o
LOAD build/configRover/production/_ext/369138285/system_tasks.o
LOAD build/configRover/production/_ext/369138285/system_interrupt_a.o
LOAD build/configRover/production/_ext/369138285/rtos_hooks.o
LOAD ..\..\..\..\microchip\harmony\v1_05\bin\framework\peripheral\PIC32MX795F512L_peripherals.a
                0x00000001                __MPLAB_BUILD = 0x1
                0x00000000                _min_heap_size = 0x0
LOAD c:/program files (x86)/microchip/xc32/v1.40/bin/bin/../../lib/gcc/pic32mx/4.8.3/../../../../pic32mx/lib/./proc/32MX795F512L\default_isr_vectors.o
LOAD c:/program files (x86)/microchip/xc32/v1.40/bin/bin/../../lib/gcc/pic32mx/4.8.3/../../../../pic32mx/lib\pic32_software_reset.o
                0x00000400                PROVIDE (_min_stack_size, 0x400)
LOAD c:/program files (x86)/microchip/xc32/v1.40/bin/bin/../../lib/gcc/pic32mx/4.8.3/../../../../pic32mx/lib/./proc/32MX795F512L\processor.o
START GROUP
LOAD libmchp_peripheral.a
END GROUP
START GROUP
LOAD libmchp_peripheral_32MX795F512L.a
END GROUP
                0x00000001                PROVIDE (_vector_spacing, 0x1)
                0x9fc01000                _ebase_address = 0x9fc01000
                0xbfc00000                _RESET_ADDR = 0xbfc00000
                0xbfc00380                _BEV_EXCPT_ADDR = 0xbfc00380
                0xbfc00480                _DBG_EXCPT_ADDR = 0xbfc00480
                0xbfc02000                _DBG_CODE_ADDR = 0xbfc02000
                0x00000ff0                _DBG_CODE_SIZE = 0xff0
                0x9fc01180                _GEN_EXCPT_ADDR = (_ebase_address + 0x180)

.config_BFC02FF0
                0xbfc02ff0        0x4
 *(.config_BFC02FF0)
 .config_BFC02FF0
                0xbfc02ff0        0x4 build/configRover/production/_ext/369138285/system_init.o

.config_BFC02FF4
                0xbfc02ff4        0x4
 *(.config_BFC02FF4)
 .config_BFC02FF4
                0xbfc02ff4        0x4 build/configRover/production/_ext/369138285/system_init.o

.config_BFC02FF8
                0xbfc02ff8        0x4
 *(.config_BFC02FF8)
 .config_BFC02FF8
                0xbfc02ff8        0x4 build/configRover/production/_ext/369138285/system_init.o

.config_BFC02FFC
                0xbfc02ffc        0x4
 *(.config_BFC02FFC)
 .config_BFC02FFC
                0xbfc02ffc        0x4 build/configRover/production/_ext/369138285/system_init.o
                0xbfc02000                PROVIDE (_DBG_CODE_ADDR, 0xbfc02000)
                0x00000ff0                PROVIDE (_DBG_CODE_SIZE, 0xff0)

.reset          0xbfc00000      0x1f4
 *(.reset)
 .reset         0xbfc00000        0x8 c:/program files (x86)/microchip/xc32/v1.40/bin/bin/../../lib/gcc/pic32mx/4.8.3/../../../../pic32mx/lib/./proc/32MX795F512L/crt0_mips32r2.o
                0xbfc00000                _reset
 *(.reset.startup)
 .reset.startup
                0xbfc00008      0x1ec c:/program files (x86)/microchip/xc32/v1.40/bin/bin/../../lib/gcc/pic32mx/4.8.3/../../../../pic32mx/lib/./proc/32MX795F512L/crt0_mips32r2.o

.bev_excpt      0xbfc00380       0x10
 *(.bev_handler)
 .bev_handler   0xbfc00380       0x10 c:/program files (x86)/microchip/xc32/v1.40/bin/bin/../../lib/gcc/pic32mx/4.8.3/../../../../pic32mx/lib/./proc/32MX795F512L/crt0_mips32r2.o

.dbg_excpt      0xbfc00480        0x0
                0xbfc00480                . = (. + DEFINED (_DEBUGGER)?0x8:0x0)

.dbg_code       0xbfc02000        0x0
                0xbfc02000                . = (. + DEFINED (_DEBUGGER)?_DBG_CODE_SIZE:0x0)

.app_excpt      0x9fc01180       0x10
 *(.gen_handler)
 .gen_handler   0x9fc01180       0x10 c:/program files (x86)/microchip/xc32/v1.40/bin/bin/../../lib/gcc/pic32mx/4.8.3/../../../../pic32mx/lib/./proc/32MX795F512L/crt0_mips32r2.o

.vector_0       0x9fc01200        0x8
 *(.vector_0)
 .vector_0      0x9fc01200        0x8 c:/program files (x86)/microchip/xc32/v1.40/bin/bin/../../lib/gcc/pic32mx/4.8.3/../../../../pic32mx/lib\libpic32.a(vector0.o)
                0x9fc01200                __vector_dispatch_0
                0x00000001                ASSERT (((_vector_spacing == 0x0) || (SIZEOF (.vector_0) <= (_vector_spacing << 0x5))), function at exception vector 0 too large)

.vector_1       0x9fc01220        0x8
 *(.vector_1)
 .vector_1      0x9fc01220        0x8 build/configRover/production/_ext/1062886388/port.o
                0x9fc01220                __vector_dispatch_1
                0x00000001                ASSERT (((_vector_spacing == 0x0) || (SIZEOF (.vector_1) <= (_vector_spacing << 0x5))), function at exception vector 1 too large)

.vector_2       0x9fc01240        0x8
 *(.vector_2)
 .vector_2      0x9fc01240        0x8 c:/program files (x86)/microchip/xc32/v1.40/bin/bin/../../lib/gcc/pic32mx/4.8.3/../../../../pic32mx/lib\libpic32.a(vector2.o)
                0x9fc01240                __vector_dispatch_2
                0x00000001                ASSERT (((_vector_spacing == 0x0) || (SIZEOF (.vector_2) <= (_vector_spacing << 0x5))), function at exception vector 2 too large)

.vector_3       0x9fc01260        0x8
 *(.vector_3)
 .vector_3      0x9fc01260        0x8 c:/program files (x86)/microchip/xc32/v1.40/bin/bin/../../lib/gcc/pic32mx/4.8.3/../../../../pic32mx/lib\libpic32.a(vector3.o)
                0x9fc01260                __vector_dispatch_3
                0x00000001                ASSERT (((_vector_spacing == 0x0) || (SIZEOF (.vector_3) <= (_vector_spacing << 0x5))), function at exception vector 3 too large)

.vector_4       0x9fc01280        0x8
 *(.vector_4)
 .vector_4      0x9fc01280        0x8 build/configRover/production/_ext/1062886388/port.o
                0x9fc01280                __vector_dispatch_4
                0x00000001                ASSERT (((_vector_spacing == 0x0) || (SIZEOF (.vector_4) <= (_vector_spacing << 0x5))), function at exception vector 4 too large)

.vector_5       0x9fc012a0       0x10
 *(.vector_5)
 .vector_5      0x9fc012a0       0x10 build/configRover/production/_ext/369138285/system_interrupt_a.o
                0x9fc012a0                __vector_dispatch_5
                0x00000001                ASSERT (((_vector_spacing == 0x0) || (SIZEOF (.vector_5) <= (_vector_spacing << 0x5))), function at exception vector 5 too large)

.vector_6       0x9fc012c0        0x8
 *(.vector_6)
 .vector_6      0x9fc012c0        0x8 c:/program files (x86)/microchip/xc32/v1.40/bin/bin/../../lib/gcc/pic32mx/4.8.3/../../../../pic32mx/lib\libpic32.a(vector6.o)
                0x9fc012c0                __vector_dispatch_6
                0x00000001                ASSERT (((_vector_spacing == 0x0) || (SIZEOF (.vector_6) <= (_vector_spacing << 0x5))), function at exception vector 6 too large)

.vector_7       0x9fc012e0        0x8
 *(.vector_7)
 .vector_7      0x9fc012e0        0x8 c:/program files (x86)/microchip/xc32/v1.40/bin/bin/../../lib/gcc/pic32mx/4.8.3/../../../../pic32mx/lib\libpic32.a(vector7.o)
                0x9fc012e0                __vector_dispatch_7
                0x00000001                ASSERT (((_vector_spacing == 0x0) || (SIZEOF (.vector_7) <= (_vector_spacing << 0x5))), function at exception vector 7 too large)

.vector_8       0x9fc01300       0x10
 *(.vector_8)
 .vector_8      0x9fc01300       0x10 build/configRover/production/_ext/369138285/system_interrupt_a.o
                0x9fc01300                __vector_dispatch_8
                0x00000001                ASSERT (((_vector_spacing == 0x0) || (SIZEOF (.vector_8) <= (_vector_spacing << 0x5))), function at exception vector 8 too large)

.vector_9       0x9fc01320       0x10
 *(.vector_9)
 .vector_9      0x9fc01320       0x10 build/configRover/production/_ext/369138285/system_interrupt_a.o
                0x9fc01320                __vector_dispatch_9
                0x00000001                ASSERT (((_vector_spacing == 0x0) || (SIZEOF (.vector_9) <= (_vector_spacing << 0x5))), function at exception vector 9 too large)

.vector_10      0x9fc01340        0x8
 *(.vector_10)
 .vector_10     0x9fc01340        0x8 c:/program files (x86)/microchip/xc32/v1.40/bin/bin/../../lib/gcc/pic32mx/4.8.3/../../../../pic32mx/lib\libpic32.a(vector10.o)
                0x9fc01340                __vector_dispatch_10
                0x00000001                ASSERT (((_vector_spacing == 0x0) || (SIZEOF (.vector_10) <= (_vector_spacing << 0x5))), function at exception vector 10 too large)

.vector_11      0x9fc01360        0x8
 *(.vector_11)
 .vector_11     0x9fc01360        0x8 c:/program files (x86)/microchip/xc32/v1.40/bin/bin/../../lib/gcc/pic32mx/4.8.3/../../../../pic32mx/lib\libpic32.a(vector11.o)
                0x9fc01360                __vector_dispatch_11
                0x00000001                ASSERT (((_vector_spacing == 0x0) || (SIZEOF (.vector_11) <= (_vector_spacing << 0x5))), function at exception vector 11 too large)

.vector_12      0x9fc01380       0x10
 *(.vector_12)
 .vector_12     0x9fc01380       0x10 build/configRover/production/_ext/369138285/system_interrupt_a.o
                0x9fc01380                __vector_dispatch_12
                0x00000001                ASSERT (((_vector_spacing == 0x0) || (SIZEOF (.vector_12) <= (_vector_spacing << 0x5))), function at exception vector 12 too large)

.vector_13      0x9fc013a0        0x8
 *(.vector_13)
 .vector_13     0x9fc013a0        0x8 c:/program files (x86)/microchip/xc32/v1.40/bin/bin/../../lib/gcc/pic32mx/4.8.3/../../../../pic32mx/lib\libpic32.a(vector13.o)
                0x9fc013a0                __vector_dispatch_13
                0x00000001                ASSERT (((_vector_spacing == 0x0) || (SIZEOF (.vector_13) <= (_vector_spacing << 0x5))), function at exception vector 13 too large)

.vector_14      0x9fc013c0        0x8
 *(.vector_14)
 .vector_14     0x9fc013c0        0x8 c:/program files (x86)/microchip/xc32/v1.40/bin/bin/../../lib/gcc/pic32mx/4.8.3/../../../../pic32mx/lib\libpic32.a(vector14.o)
                0x9fc013c0                __vector_dispatch_14
                0x00000001                ASSERT (((_vector_spacing == 0x0) || (SIZEOF (.vector_14) <= (_vector_spacing << 0x5))), function at exception vector 14 too large)

.vector_15      0x9fc013e0        0x8
 *(.vector_15)
 .vector_15     0x9fc013e0        0x8 c:/program files (x86)/microchip/xc32/v1.40/bin/bin/../../lib/gcc/pic32mx/4.8.3/../../../../pic32mx/lib\libpic32.a(vector15.o)
                0x9fc013e0                __vector_dispatch_15
                0x00000001                ASSERT (((_vector_spacing == 0x0) || (SIZEOF (.vector_15) <= (_vector_spacing << 0x5))), function at exception vector 15 too large)

.vector_16      0x9fc01400       0x10
 *(.vector_16)
 .vector_16     0x9fc01400       0x10 build/configRover/production/_ext/369138285/system_interrupt_a.o
                0x9fc01400                __vector_dispatch_16
                0x00000001                ASSERT (((_vector_spacing == 0x0) || (SIZEOF (.vector_16) <= (_vector_spacing << 0x5))), function at exception vector 16 too large)

.vector_17      0x9fc01420        0x8
 *(.vector_17)
 .vector_17     0x9fc01420        0x8 c:/program files (x86)/microchip/xc32/v1.40/bin/bin/../../lib/gcc/pic32mx/4.8.3/../../../../pic32mx/lib\libpic32.a(vector17.o)
                0x9fc01420                __vector_dispatch_17
                0x00000001                ASSERT (((_vector_spacing == 0x0) || (SIZEOF (.vector_17) <= (_vector_spacing << 0x5))), function at exception vector 17 too large)

.vector_18      0x9fc01440        0x8
 *(.vector_18)
 .vector_18     0x9fc01440        0x8 c:/program files (x86)/microchip/xc32/v1.40/bin/bin/../../lib/gcc/pic32mx/4.8.3/../../../../pic32mx/lib\libpic32.a(vector18.o)
                0x9fc01440                __vector_dispatch_18
                0x00000001                ASSERT (((_vector_spacing == 0x0) || (SIZEOF (.vector_18) <= (_vector_spacing << 0x5))), function at exception vector 18 too large)

.vector_19      0x9fc01460        0x8
 *(.vector_19)
 .vector_19     0x9fc01460        0x8 c:/program files (x86)/microchip/xc32/v1.40/bin/bin/../../lib/gcc/pic32mx/4.8.3/../../../../pic32mx/lib\libpic32.a(vector19.o)
                0x9fc01460                __vector_dispatch_19
                0x00000001                ASSERT (((_vector_spacing == 0x0) || (SIZEOF (.vector_19) <= (_vector_spacing << 0x5))), function at exception vector 19 too large)

.vector_20      0x9fc01480       0x10
 *(.vector_20)
 .vector_20     0x9fc01480       0x10 build/configRover/production/_ext/369138285/system_interrupt_a.o
                0x9fc01480                __vector_dispatch_20
                0x00000001                ASSERT (((_vector_spacing == 0x0) || (SIZEOF (.vector_20) <= (_vector_spacing << 0x5))), function at exception vector 20 too large)

.vector_21      0x9fc014a0        0x8
 *(.vector_21)
 .vector_21     0x9fc014a0        0x8 c:/program files (x86)/microchip/xc32/v1.40/bin/bin/../../lib/gcc/pic32mx/4.8.3/../../../../pic32mx/lib\libpic32.a(vector21.o)
                0x9fc014a0                __vector_dispatch_21
                0x00000001                ASSERT (((_vector_spacing == 0x0) || (SIZEOF (.vector_21) <= (_vector_spacing << 0x5))), function at exception vector 21 too large)

.vector_22      0x9fc014c0        0x8
 *(.vector_22)
 .vector_22     0x9fc014c0        0x8 c:/program files (x86)/microchip/xc32/v1.40/bin/bin/../../lib/gcc/pic32mx/4.8.3/../../../../pic32mx/lib\libpic32.a(vector22.o)
                0x9fc014c0                __vector_dispatch_22
                0x00000001                ASSERT (((_vector_spacing == 0x0) || (SIZEOF (.vector_22) <= (_vector_spacing << 0x5))), function at exception vector 22 too large)

.vector_23      0x9fc014e0        0x8
 *(.vector_23)
 .vector_23     0x9fc014e0        0x8 c:/program files (x86)/microchip/xc32/v1.40/bin/bin/../../lib/gcc/pic32mx/4.8.3/../../../../pic32mx/lib\libpic32.a(vector23.o)
                0x9fc014e0                __vector_dispatch_23
                0x00000001                ASSERT (((_vector_spacing == 0x0) || (SIZEOF (.vector_23) <= (_vector_spacing << 0x5))), function at exception vector 23 too large)

.vector_24      0x9fc01500       0x10
 *(.vector_24)
 .vector_24     0x9fc01500       0x10 build/configRover/production/_ext/369138285/system_interrupt_a.o
                0x9fc01500                __vector_dispatch_24
                0x00000001                ASSERT (((_vector_spacing == 0x0) || (SIZEOF (.vector_24) <= (_vector_spacing << 0x5))), function at exception vector 24 too large)

.vector_25      0x9fc01520        0x8
 *(.vector_25)
 .vector_25     0x9fc01520        0x8 c:/program files (x86)/microchip/xc32/v1.40/bin/bin/../../lib/gcc/pic32mx/4.8.3/../../../../pic32mx/lib\libpic32.a(vector25.o)
                0x9fc01520                __vector_dispatch_25
                0x00000001                ASSERT (((_vector_spacing == 0x0) || (SIZEOF (.vector_25) <= (_vector_spacing << 0x5))), function at exception vector 25 too large)

.vector_26      0x9fc01540        0x8
 *(.vector_26)
 .vector_26     0x9fc01540        0x8 c:/program files (x86)/microchip/xc32/v1.40/bin/bin/../../lib/gcc/pic32mx/4.8.3/../../../../pic32mx/lib\libpic32.a(vector26.o)
                0x9fc01540                __vector_dispatch_26
                0x00000001                ASSERT (((_vector_spacing == 0x0) || (SIZEOF (.vector_26) <= (_vector_spacing << 0x5))), function at exception vector 26 too large)

.vector_27      0x9fc01560        0x8
 *(.vector_27)
 .vector_27     0x9fc01560        0x8 c:/program files (x86)/microchip/xc32/v1.40/bin/bin/../../lib/gcc/pic32mx/4.8.3/../../../../pic32mx/lib\libpic32.a(vector27.o)
                0x9fc01560                __vector_dispatch_27
                0x00000001                ASSERT (((_vector_spacing == 0x0) || (SIZEOF (.vector_27) <= (_vector_spacing << 0x5))), function at exception vector 27 too large)

.vector_28      0x9fc01580        0x8
 *(.vector_28)
 .vector_28     0x9fc01580        0x8 c:/program files (x86)/microchip/xc32/v1.40/bin/bin/../../lib/gcc/pic32mx/4.8.3/../../../../pic32mx/lib\libpic32.a(vector28.o)
                0x9fc01580                __vector_dispatch_28
                0x00000001                ASSERT (((_vector_spacing == 0x0) || (SIZEOF (.vector_28) <= (_vector_spacing << 0x5))), function at exception vector 28 too large)

.vector_29      0x9fc015a0        0x8
 *(.vector_29)
 .vector_29     0x9fc015a0        0x8 c:/program files (x86)/microchip/xc32/v1.40/bin/bin/../../lib/gcc/pic32mx/4.8.3/../../../../pic32mx/lib\libpic32.a(vector29.o)
                0x9fc015a0                __vector_dispatch_29
                0x00000001                ASSERT (((_vector_spacing == 0x0) || (SIZEOF (.vector_29) <= (_vector_spacing << 0x5))), function at exception vector 29 too large)

.vector_30      0x9fc015c0        0x8
 *(.vector_30)
 .vector_30     0x9fc015c0        0x8 c:/program files (x86)/microchip/xc32/v1.40/bin/bin/../../lib/gcc/pic32mx/4.8.3/../../../../pic32mx/lib\libpic32.a(vector30.o)
                0x9fc015c0                __vector_dispatch_30
                0x00000001                ASSERT (((_vector_spacing == 0x0) || (SIZEOF (.vector_30) <= (_vector_spacing << 0x5))), function at exception vector 30 too large)

.vector_31      0x9fc015e0        0x8
 *(.vector_31)
 .vector_31     0x9fc015e0        0x8 c:/program files (x86)/microchip/xc32/v1.40/bin/bin/../../lib/gcc/pic32mx/4.8.3/../../../../pic32mx/lib\libpic32.a(vector31.o)
                0x9fc015e0                __vector_dispatch_31
                0x00000001                ASSERT (((_vector_spacing == 0x0) || (SIZEOF (.vector_31) <= (_vector_spacing << 0x5))), function at exception vector 31 too large)

.vector_32      0x9fc01600       0x10
 *(.vector_32)
 .vector_32     0x9fc01600       0x10 build/configRover/production/_ext/369138285/system_interrupt_a.o
                0x9fc01600                __vector_dispatch_32
                0x00000001                ASSERT (((_vector_spacing == 0x0) || (SIZEOF (.vector_32) <= (_vector_spacing << 0x5))), function at exception vector 32 too large)

.vector_33      0x9fc01620        0x8
 *(.vector_33)
 .vector_33     0x9fc01620        0x8 c:/program files (x86)/microchip/xc32/v1.40/bin/bin/../../lib/gcc/pic32mx/4.8.3/../../../../pic32mx/lib\libpic32.a(vector33.o)
                0x9fc01620                __vector_dispatch_33
                0x00000001                ASSERT (((_vector_spacing == 0x0) || (SIZEOF (.vector_33) <= (_vector_spacing << 0x5))), function at exception vector 33 too large)

.vector_34      0x9fc01640        0x8
 *(.vector_34)
 .vector_34     0x9fc01640        0x8 c:/program files (x86)/microchip/xc32/v1.40/bin/bin/../../lib/gcc/pic32mx/4.8.3/../../../../pic32mx/lib\libpic32.a(vector34.o)
                0x9fc01640                __vector_dispatch_34
                0x00000001                ASSERT (((_vector_spacing == 0x0) || (SIZEOF (.vector_34) <= (_vector_spacing << 0x5))), function at exception vector 34 too large)

.vector_35      0x9fc01660        0x8
 *(.vector_35)
 .vector_35     0x9fc01660        0x8 c:/program files (x86)/microchip/xc32/v1.40/bin/bin/../../lib/gcc/pic32mx/4.8.3/../../../../pic32mx/lib\libpic32.a(vector35.o)
                0x9fc01660                __vector_dispatch_35
                0x00000001                ASSERT (((_vector_spacing == 0x0) || (SIZEOF (.vector_35) <= (_vector_spacing << 0x5))), function at exception vector 35 too large)

.vector_36      0x9fc01680        0x8
 *(.vector_36)
 .vector_36     0x9fc01680        0x8 c:/program files (x86)/microchip/xc32/v1.40/bin/bin/../../lib/gcc/pic32mx/4.8.3/../../../../pic32mx/lib\libpic32.a(vector36.o)
                0x9fc01680                __vector_dispatch_36
                0x00000001                ASSERT (((_vector_spacing == 0x0) || (SIZEOF (.vector_36) <= (_vector_spacing << 0x5))), function at exception vector 36 too large)

.vector_37      0x9fc016a0        0x8
 *(.vector_37)
 .vector_37     0x9fc016a0        0x8 c:/program files (x86)/microchip/xc32/v1.40/bin/bin/../../lib/gcc/pic32mx/4.8.3/../../../../pic32mx/lib\libpic32.a(vector37.o)
                0x9fc016a0                __vector_dispatch_37
                0x00000001                ASSERT (((_vector_spacing == 0x0) || (SIZEOF (.vector_37) <= (_vector_spacing << 0x5))), function at exception vector 37 too large)

.vector_38      0x9fc016c0        0x8
 *(.vector_38)
 .vector_38     0x9fc016c0        0x8 c:/program files (x86)/microchip/xc32/v1.40/bin/bin/../../lib/gcc/pic32mx/4.8.3/../../../../pic32mx/lib\libpic32.a(vector38.o)
                0x9fc016c0                __vector_dispatch_38
                0x00000001                ASSERT (((_vector_spacing == 0x0) || (SIZEOF (.vector_38) <= (_vector_spacing << 0x5))), function at exception vector 38 too large)

.vector_39      0x9fc016e0        0x8
 *(.vector_39)
 .vector_39     0x9fc016e0        0x8 c:/program files (x86)/microchip/xc32/v1.40/bin/bin/../../lib/gcc/pic32mx/4.8.3/../../../../pic32mx/lib\libpic32.a(vector39.o)
                0x9fc016e0                __vector_dispatch_39
                0x00000001                ASSERT (((_vector_spacing == 0x0) || (SIZEOF (.vector_39) <= (_vector_spacing << 0x5))), function at exception vector 39 too large)

.vector_40      0x9fc01700        0x8
 *(.vector_40)
 .vector_40     0x9fc01700        0x8 c:/program files (x86)/microchip/xc32/v1.40/bin/bin/../../lib/gcc/pic32mx/4.8.3/../../../../pic32mx/lib\libpic32.a(vector40.o)
                0x9fc01700                __vector_dispatch_40
                0x00000001                ASSERT (((_vector_spacing == 0x0) || (SIZEOF (.vector_40) <= (_vector_spacing << 0x5))), function at exception vector 40 too large)

.vector_41      0x9fc01720        0x8
 *(.vector_41)
 .vector_41     0x9fc01720        0x8 c:/program files (x86)/microchip/xc32/v1.40/bin/bin/../../lib/gcc/pic32mx/4.8.3/../../../../pic32mx/lib\libpic32.a(vector41.o)
                0x9fc01720                __vector_dispatch_41
                0x00000001                ASSERT (((_vector_spacing == 0x0) || (SIZEOF (.vector_41) <= (_vector_spacing << 0x5))), function at exception vector 41 too large)

.vector_42      0x9fc01740        0x8
 *(.vector_42)
 .vector_42     0x9fc01740        0x8 c:/program files (x86)/microchip/xc32/v1.40/bin/bin/../../lib/gcc/pic32mx/4.8.3/../../../../pic32mx/lib\libpic32.a(vector42.o)
                0x9fc01740                __vector_dispatch_42
                0x00000001                ASSERT (((_vector_spacing == 0x0) || (SIZEOF (.vector_42) <= (_vector_spacing << 0x5))), function at exception vector 42 too large)

.vector_43      0x9fc01760        0x8
 *(.vector_43)
 .vector_43     0x9fc01760        0x8 c:/program files (x86)/microchip/xc32/v1.40/bin/bin/../../lib/gcc/pic32mx/4.8.3/../../../../pic32mx/lib\libpic32.a(vector43.o)
                0x9fc01760                __vector_dispatch_43
                0x00000001                ASSERT (((_vector_spacing == 0x0) || (SIZEOF (.vector_43) <= (_vector_spacing << 0x5))), function at exception vector 43 too large)

.vector_44      0x9fc01780        0x8
 *(.vector_44)
 .vector_44     0x9fc01780        0x8 c:/program files (x86)/microchip/xc32/v1.40/bin/bin/../../lib/gcc/pic32mx/4.8.3/../../../../pic32mx/lib\libpic32.a(vector44.o)
                0x9fc01780                __vector_dispatch_44
                0x00000001                ASSERT (((_vector_spacing == 0x0) || (SIZEOF (.vector_44) <= (_vector_spacing << 0x5))), function at exception vector 44 too large)

.vector_45      0x9fc017a0        0x8
 *(.vector_45)
 .vector_45     0x9fc017a0        0x8 c:/program files (x86)/microchip/xc32/v1.40/bin/bin/../../lib/gcc/pic32mx/4.8.3/../../../../pic32mx/lib\libpic32.a(vector45.o)
                0x9fc017a0                __vector_dispatch_45
                0x00000001                ASSERT (((_vector_spacing == 0x0) || (SIZEOF (.vector_45) <= (_vector_spacing << 0x5))), function at exception vector 45 too large)

.vector_46      0x9fc017c0        0x8
 *(.vector_46)
 .vector_46     0x9fc017c0        0x8 c:/program files (x86)/microchip/xc32/v1.40/bin/bin/../../lib/gcc/pic32mx/4.8.3/../../../../pic32mx/lib\libpic32.a(vector46.o)
                0x9fc017c0                __vector_dispatch_46
                0x00000001                ASSERT (((_vector_spacing == 0x0) || (SIZEOF (.vector_46) <= (_vector_spacing << 0x5))), function at exception vector 46 too large)

.vector_47      0x9fc017e0        0x8
 *(.vector_47)
 .vector_47     0x9fc017e0        0x8 c:/program files (x86)/microchip/xc32/v1.40/bin/bin/../../lib/gcc/pic32mx/4.8.3/../../../../pic32mx/lib\libpic32.a(vector47.o)
                0x9fc017e0                __vector_dispatch_47
                0x00000001                ASSERT (((_vector_spacing == 0x0) || (SIZEOF (.vector_47) <= (_vector_spacing << 0x5))), function at exception vector 47 too large)

.vector_48      0x9fc01800        0x8
 *(.vector_48)
 .vector_48     0x9fc01800        0x8 c:/program files (x86)/microchip/xc32/v1.40/bin/bin/../../lib/gcc/pic32mx/4.8.3/../../../../pic32mx/lib\libpic32.a(vector48.o)
                0x9fc01800                __vector_dispatch_48
                0x00000001                ASSERT (((_vector_spacing == 0x0) || (SIZEOF (.vector_48) <= (_vector_spacing << 0x5))), function at exception vector 48 too large)

.vector_49      0x9fc01820        0x8
 *(.vector_49)
 .vector_49     0x9fc01820        0x8 c:/program files (x86)/microchip/xc32/v1.40/bin/bin/../../lib/gcc/pic32mx/4.8.3/../../../../pic32mx/lib\libpic32.a(vector49.o)
                0x9fc01820                __vector_dispatch_49
                0x00000001                ASSERT (((_vector_spacing == 0x0) || (SIZEOF (.vector_49) <= (_vector_spacing << 0x5))), function at exception vector 49 too large)

.vector_50      0x9fc01840        0x8
 *(.vector_50)
 .vector_50     0x9fc01840        0x8 c:/program files (x86)/microchip/xc32/v1.40/bin/bin/../../lib/gcc/pic32mx/4.8.3/../../../../pic32mx/lib\libpic32.a(vector50.o)
                0x9fc01840                __vector_dispatch_50
                0x00000001                ASSERT (((_vector_spacing == 0x0) || (SIZEOF (.vector_50) <= (_vector_spacing << 0x5))), function at exception vector 50 too large)

.vector_51      0x9fc01860        0x8
 *(.vector_51)
 .vector_51     0x9fc01860        0x8 c:/program files (x86)/microchip/xc32/v1.40/bin/bin/../../lib/gcc/pic32mx/4.8.3/../../../../pic32mx/lib\libpic32.a(vector51.o)
                0x9fc01860                __vector_dispatch_51
                0x00000001                ASSERT (((_vector_spacing == 0x0) || (SIZEOF (.vector_51) <= (_vector_spacing << 0x5))), function at exception vector 51 too large)

.vector_52      0x9fc01880        0x0
 *(.vector_52)
                0x00000001                ASSERT (((_vector_spacing == 0x0) || (SIZEOF (.vector_52) <= (_vector_spacing << 0x5))), function at exception vector 52 too large)

.vector_53      0x9fc018a0        0x0
 *(.vector_53)
                0x00000001                ASSERT (((_vector_spacing == 0x0) || (SIZEOF (.vector_53) <= (_vector_spacing << 0x5))), function at exception vector 53 too large)

.vector_54      0x9fc018c0        0x0
 *(.vector_54)
                0x00000001                ASSERT (((_vector_spacing == 0x0) || (SIZEOF (.vector_54) <= (_vector_spacing << 0x5))), function at exception vector 54 too large)

.vector_55      0x9fc018e0        0x0
 *(.vector_55)
                0x00000001                ASSERT (((_vector_spacing == 0x0) || (SIZEOF (.vector_55) <= (_vector_spacing << 0x5))), function at exception vector 55 too large)

.vector_56      0x9fc01900        0x0
 *(.vector_56)
                0x00000001                ASSERT (((_vector_spacing == 0x0) || (SIZEOF (.vector_56) <= (_vector_spacing << 0x5))), function at exception vector 56 too large)

.vector_57      0x9fc01920        0x0
 *(.vector_57)
                0x00000001                ASSERT (((_vector_spacing == 0x0) || (SIZEOF (.vector_57) <= (_vector_spacing << 0x5))), function at exception vector 57 too large)

.vector_58      0x9fc01940        0x0
 *(.vector_58)
                0x00000001                ASSERT (((_vector_spacing == 0x0) || (SIZEOF (.vector_58) <= (_vector_spacing << 0x5))), function at exception vector 58 too large)

.vector_59      0x9fc01960        0x0
 *(.vector_59)
                0x00000001                ASSERT (((_vector_spacing == 0x0) || (SIZEOF (.vector_59) <= (_vector_spacing << 0x5))), function at exception vector 59 too large)

.vector_60      0x9fc01980        0x0
 *(.vector_60)
                0x00000001                ASSERT (((_vector_spacing == 0x0) || (SIZEOF (.vector_60) <= (_vector_spacing << 0x5))), function at exception vector 60 too large)

.vector_61      0x9fc019a0        0x0
 *(.vector_61)
                0x00000001                ASSERT (((_vector_spacing == 0x0) || (SIZEOF (.vector_61) <= (_vector_spacing << 0x5))), function at exception vector 61 too large)

.vector_62      0x9fc019c0        0x0
 *(.vector_62)
                0x00000001                ASSERT (((_vector_spacing == 0x0) || (SIZEOF (.vector_62) <= (_vector_spacing << 0x5))), function at exception vector 62 too large)

.vector_63      0x9fc019e0        0x0
 *(.vector_63)
                0x00000001                ASSERT (((_vector_spacing == 0x0) || (SIZEOF (.vector_63) <= (_vector_spacing << 0x5))), function at exception vector 63 too large)

.startup
 *(.startup)

.text           0x9d000000        0x0
 *(.stub .gnu.linkonce.t.*)
 *(.text.*personality*)
 *(.mips16.fn.*)
 *(.mips16.call.*)
 *(.gnu.warning)
                0x9d000000                . = ALIGN (0x4)

.init           0x9d000000        0x0
 *crti.o(.init)
 *crtbegin.o(.init)
 *(EXCLUDE_FILE(*crtn.o *crtend?.o *crtend.o) .init)
 *crtend.o(.init)
 *crtn.o(.init)
                0x9d000000                . = ALIGN (0x4)

.fini           0x9d000000        0x0
 *(.fini)
                0x9d000000                . = ALIGN (0x4)

.preinit_array  0x9d000000        0x0
                0x9d000000                PROVIDE (__preinit_array_start, .)
 *(.preinit_array)
                0x9d000000                PROVIDE (__preinit_array_end, .)
                0x9d000000                . = ALIGN (0x4)

.init_array     0x9d000000        0x0
                0x9d000000                PROVIDE (__init_array_start, .)
 *(SORT(.init_array.*))
 *(.init_array)
                0x9d000000                PROVIDE (__init_array_end, .)
                0x9d000000                . = ALIGN (0x4)

.fini_array     0x9d000000        0x0
                0x9d000000                PROVIDE (__fini_array_start, .)
 *(SORT(.fini_array.*))
 *(.fini_array)
                0x9d000000                PROVIDE (__fini_array_end, .)
                0x9d000000                . = ALIGN (0x4)

.ctors          0x9d000000        0x0
 *crtbegin.o(.ctors)
 *crtbegin?.o(.ctors)
 *(EXCLUDE_FILE(*crtend?.o *crtend.o) .ctors)
 *(SORT(.ctors.*))
 *(.ctors)
                0x9d000000                . = ALIGN (0x4)

.dtors          0x9d000000        0x0
 *crtbegin.o(.dtors)
 *crtbegin?.o(.dtors)
 *(EXCLUDE_FILE(*crtend?.o *crtend.o) .dtors)
 *(SORT(.dtors.*))
 *(.dtors)
                0x9d000000                . = ALIGN (0x4)

.rodata         0x9d000000        0x0
 *(.gnu.linkonce.r.*)
 *(.rodata1)
                0x9d000000                . = ALIGN (0x4)

.sdata2         0x9fc00490        0x0
 *(.sdata2 .sdata2.* .gnu.linkonce.s2.*)
                0x9fc00490                . = ALIGN (0x4)

.sbss2          0x9fc00490        0x0
 *(.sbss2 .sbss2.* .gnu.linkonce.sb2.*)
                0x9fc00490                . = ALIGN (0x4)

.eh_frame_hdr
 *(.eh_frame_hdr)
                0x9fc00490                . = ALIGN (0x4)

.eh_frame
 *(.eh_frame)
                0x9fc00490                . = ALIGN (0x4)

.gcc_except_table
 *(.gcc_except_table .gcc_except_table.*)
                0x9fc00490                . = ALIGN (0x4)

.dbg_data       0xa0000000        0x0
                0xa0000000                . = (. + DEFINED (_DEBUGGER)?0x200:0x0)

.jcr            0xa0000000        0x0
 *(.jcr)
                0xa0000000                . = ALIGN (0x4)

.eh_frame
 *(.eh_frame)
                0xa0000000                . = ALIGN (0x4)

.gcc_except_table
 *(.gcc_except_table .gcc_except_table.*)
                0xa0000000                . = ALIGN (0x4)

.persist        0xa0000000        0x0
                0xa0000000                _persist_begin = .
 *(.persist .persist.*)
 *(.pbss .pbss.*)
                0xa0000000                . = ALIGN (0x4)
                0xa0000000                _persist_end = .

.data           0xa0000000        0x0
 *(.gnu.linkonce.d.*)
 *(.data1)
                0xa0000000                . = ALIGN (0x4)
                0xa0000000                . = .
                0xa0007ff0                _gp = (ALIGN (0x10) + 0x7ff0)

.got            0xa0000000        0x0
 *(.got.plt)
 *(.got)
                0xa0000000                . = ALIGN (0x4)

.sdata          0xa0000000        0xc
                0xa0000000                _sdata_begin = .
 *(.sdata .sdata.* .gnu.linkonce.s.*)
 .sdata         0xa0000000        0x4 build/configRover/production/_ext/184327166/tasks.o
 .sdata         0xa0000004        0x4 build/configRover/production/_ext/1062886388/port.o
                0xa0000004                uxInterruptNesting
 .sdata         0xa0000008        0x4 c:/program files (x86)/microchip/xc32/v1.40/bin/bin/../../lib/gcc/pic32mx/4.8.3/../../../../pic32mx/lib\libpic32.a(xc32_uart.o)
                0xa0000008                __XC_UART
                0xa000000c                . = ALIGN (0x4)
                0xa000000c                _sdata_end = .

.lit8
 *(.lit8)

.lit4
 *(.lit4)
                0xa000000c                . = ALIGN (0x4)
                0xa000000c                _data_end = .
                0xa000000c                _bss_begin = .

.sbss           0xa000000c       0x7c
                0xa000000c                _sbss_begin = .
 *(.dynsbss)
 *(.sbss .sbss.* .gnu.linkonce.sb.*)
 .sbss          0xa000000c       0x1c build/configRover/production/_ext/184327166/croutine.o
                0xa0000014                pxCurrentCoRoutine
 .sbss          0xa0000028       0x34 build/configRover/production/_ext/184327166/tasks.o
                0xa0000028                pxCurrentTCB
 .sbss          0xa000005c        0x8 build/configRover/production/_ext/1818123999/heap_1.o
 .sbss          0xa0000064        0x4 build/configRover/production/_ext/1062886388/port.o
                0xa0000064                uxSavedTaskStackPointer
 .sbss          0xa0000068        0x4 build/configRover/production/_ext/369138285/system_interrupt.o
                0xa0000068                i
 .sbss          0xa000006c        0xc build/configRover/production/_ext/369138285/system_exceptions.o
 *(.scommon)
 .scommon       0xa0000078        0x8 build/configRover/production/_ext/1536116519/debug.o
                0xa0000078                lastTime
                0xa000007c                msTime
 .scommon       0xa0000080        0x8 build/configRover/production/_ext/351848739/sys_devcon.o
                0xa0000080                sysDevconObj
                0xa0000088                _sbss_end = .
                0xa0000088                . = ALIGN (0x4)

.bss            0xa0000088       0x84
 *(.dynbss)
 *(COMMON)
 COMMON         0xa0000088       0x48 build/configRover/production/_ext/1360937237/communication.o
                0xa0000088                communicationData
 COMMON         0xa00000d0       0x28 build/configRover/production/_ext/1360937237/motor.o
                0xa00000d0                motorData
 COMMON         0xa00000f8       0x14 build/configRover/production/_ext/369138285/system_init.o
                0xa00000f8                sysObj
                0xa000010c                . = ALIGN ((. != 0x0)?0x4:0x1)
                0xa000010c                . = ALIGN (0x4)
                0xa000010c                _end = .
                0xa000010c                _bss_end = .
                0x00020000                _bmxdudba_address = 0x20000
                0x00020000                _bmxdupba_address = 0x20000

/DISCARD/
 *(.pdr)
 *(.rel.dyn)
 *(.note.GNU-stack)
 *(.note.GNU-stack)
 *(.gnu_debuglink)
 *(.gnu.lto_*)
 *(.discard)

.gptab.sdata
 *(.gptab.data)
 *(.gptab.sdata)

.gptab.sbss
 *(.gptab.bss)
 *(.gptab.sbss)

.mdebug.abi32   0xa000010c        0x0
 *(.mdebug.abi32)
 .mdebug.abi32  0xa000010c        0x0 build/configRover/production/_ext/1360937237/communication.o
 .mdebug.abi32  0xa000010c        0x0 build/configRover/production/_ext/1360937237/motor.o
 .mdebug.abi32  0xa000010c        0x0 build/configRover/production/_ext/1360937237/main.o
 .mdebug.abi32  0xa000010c        0x0 build/configRover/production/_ext/1536116519/debug.o
 .mdebug.abi32  0xa000010c        0x0 build/configRover/production/_ext/1360937237/timer.o
 .mdebug.abi32  0xa000010c        0x0 build/configRover/production/_ext/1879384925/osal_freertos.o
 .mdebug.abi32  0xa000010c        0x0 build/configRover/production/_ext/351848739/sys_devcon.o
 .mdebug.abi32  0xa000010c        0x0 build/configRover/production/_ext/351848739/sys_devcon_pic32mx.o
 .mdebug.abi32  0xa000010c        0x0 build/configRover/production/_ext/474818461/sys_int_pic32.o
 .mdebug.abi32  0xa000010c        0x0 build/configRover/production/_ext/1139950406/sys_ports.o
 .mdebug.abi32  0xa000010c        0x0 build/configRover/production/_ext/184327166/croutine.o
 .mdebug.abi32  0xa000010c        0x0 build/configRover/production/_ext/184327166/list.o
 .mdebug.abi32  0xa000010c        0x0 build/configRover/production/_ext/184327166/queue.o
 .mdebug.abi32  0xa000010c        0x0 build/configRover/production/_ext/184327166/tasks.o
 .mdebug.abi32  0xa000010c        0x0 build/configRover/production/_ext/184327166/timers.o
 .mdebug.abi32  0xa000010c        0x0 build/configRover/production/_ext/184327166/event_groups.o
 .mdebug.abi32  0xa000010c        0x0 build/configRover/production/_ext/1818123999/heap_1.o
 .mdebug.abi32  0xa000010c        0x0 build/configRover/production/_ext/1062886388/port.o
 .mdebug.abi32  0xa000010c        0x0 build/configRover/production/_ext/106981565/drv_ic_static.o
 .mdebug.abi32  0xa000010c        0x0 build/configRover/production/_ext/64793341/drv_oc_static.o
 .mdebug.abi32  0xa000010c        0x0 build/configRover/production/_ext/1797679462/drv_tmr_static.o
 .mdebug.abi32  0xa000010c        0x0 build/configRover/production/_ext/1532176561/drv_usart_static.o
 .mdebug.abi32  0xa000010c        0x0 build/configRover/production/_ext/249367850/sys_clk_static.o
 .mdebug.abi32  0xa000010c        0x0 build/configRover/production/_ext/1926720346/sys_ports_static.o
 .mdebug.abi32  0xa000010c        0x0 build/configRover/production/_ext/369138285/system_init.o
 .mdebug.abi32  0xa000010c        0x0 build/configRover/production/_ext/369138285/system_interrupt.o
 .mdebug.abi32  0xa000010c        0x0 build/configRover/production/_ext/369138285/system_exceptions.o
 .mdebug.abi32  0xa000010c        0x0 build/configRover/production/_ext/369138285/system_tasks.o
 .mdebug.abi32  0xa000010c        0x0 build/configRover/production/_ext/369138285/rtos_hooks.o
 .mdebug.abi32  0xa000010c        0x0 c:/program files (x86)/microchip/xc32/v1.40/bin/bin/../../lib/gcc/pic32mx/4.8.3/../../../../pic32mx/lib\libpic32.a(default-bootstrap-exception-handler.o)
 .mdebug.abi32  0xa000010c        0x0 c:/program files (x86)/microchip/xc32/v1.40/bin/bin/../../lib/gcc/pic32mx/4.8.3/../../../../pic32mx/lib\libpic32.a(default-on-reset.o)
 .mdebug.abi32  0xa000010c        0x0 c:/program files (x86)/microchip/xc32/v1.40/bin/bin/../../lib/gcc/pic32mx/4.8.3/../../../../pic32mx/lib\libpic32.a(default-on-bootstrap.o)
 .mdebug.abi32  0xa000010c        0x0 c:/program files (x86)/microchip/xc32/v1.40/bin/bin/../../lib/gcc/pic32mx/4.8.3/../../../../pic32mx/lib\libpic32.a(defaultinterrupt.o)
 .mdebug.abi32  0xa000010c        0x0 c:/program files (x86)/microchip/xc32/v1.40/bin/bin/../../lib/gcc/pic32mx/4.8.3/../../../../pic32mx/lib\libc.a(sprintf_cdnopuxX.eo)
 .mdebug.abi32  0xa000010c        0x0 c:/program files (x86)/microchip/xc32/v1.40/bin/bin/../../lib/gcc/pic32mx/4.8.3/../../../../pic32mx/lib\libc.a(doprnt_cdnopuxX.eo)
 .mdebug.abi32  0xa000010c        0x0 c:/program files (x86)/microchip/xc32/v1.40/bin/bin/../../lib/gcc/pic32mx/4.8.3/../../../../pic32mx/lib\libc.a(_fputc_simple.o)
 .mdebug.abi32  0xa000010c        0x0 c:/program files (x86)/microchip/xc32/v1.40/bin/bin/../../lib/gcc/pic32mx/4.8.3/../../../../pic32mx/lib\libc.a(ctype.o)
 .mdebug.abi32  0xa000010c        0x0 c:/program files (x86)/microchip/xc32/v1.40/bin/bin/../../lib/gcc/pic32mx/4.8.3/../../../../pic32mx/lib\libc.a(_iob.o)
 .mdebug.abi32  0xa000010c        0x0 c:/program files (x86)/microchip/xc32/v1.40/bin/bin/../../lib/gcc/pic32mx/4.8.3/../../../../pic32mx/lib\libc.a(_flsbuf_simple.o)
 .mdebug.abi32  0xa000010c        0x0 c:/program files (x86)/microchip/xc32/v1.40/bin/bin/../../lib/gcc/pic32mx/4.8.3/../../../../pic32mx/lib\libpic32.a(write.o)
 .mdebug.abi32  0xa000010c        0x0 c:/program files (x86)/microchip/xc32/v1.40/bin/bin/../../lib/gcc/pic32mx/4.8.3/../../../../pic32mx/lib\libpic32.a(_mon_putc.o)
 .mdebug.abi32  0xa000010c        0x0 c:/program files (x86)/microchip/xc32/v1.40/bin/bin/../../lib/gcc/pic32mx/4.8.3/../../../../pic32mx/lib\libpic32.a(xc32_uart.o)
 .mdebug.abi32  0xa000010c        0x0 c:/program files (x86)/microchip/xc32/v1.40/bin/bin/../../lib/gcc/pic32mx/4.8.3\libgcc.a(_udivdi3.o)
 .mdebug.abi32  0xa000010c        0x0 c:/program files (x86)/microchip/xc32/v1.40/bin/bin/../../lib/gcc/pic32mx/4.8.3\libgcc.a(_umoddi3.o)

.mdebug.abiN32
 *(.mdebug.abiN32)

.mdebug.abi64
 *(.mdebug.abi64)

.mdebug.abiO64
 *(.mdebug.abiO64)

.mdebug.eabi32
 *(.mdebug.eabi32)

.mdebug.eabi64
 *(.mdebug.eabi64)

.gcc_compiled_long32
 *(.gcc_compiled_long32)

.gcc_compiled_long64
 *(.gcc_compiled_long64)

.stab
 *(.stab)

.stabstr
 *(.stabstr)

.stab.excl
 *(.stab.excl)

.stab.exclstr
 *(.stab.exclstr)

.stab.index
 *(.stab.index)

.stab.indexstr
 *(.stab.indexstr)

.comment        0x00000000       0xba
 *(.comment)
 .comment       0x00000000       0x3c build/configRover/production/_ext/1360937237/communication.o
                                 0x3d (size before relaxing)
 .comment       0x00000000       0x3d build/configRover/production/_ext/1360937237/motor.o
 .comment       0x00000000       0x3d build/configRover/production/_ext/1360937237/main.o
 .comment       0x00000000       0x3d build/configRover/production/_ext/1536116519/debug.o
 .comment       0x00000000       0x3d build/configRover/production/_ext/1360937237/timer.o
 .comment       0x00000000       0x3d build/configRover/production/_ext/1879384925/osal_freertos.o
 .comment       0x00000000       0x3d build/configRover/production/_ext/351848739/sys_devcon.o
 .comment       0x00000000       0x3d build/configRover/production/_ext/351848739/sys_devcon_pic32mx.o
 .comment       0x00000000       0x3d build/configRover/production/_ext/474818461/sys_int_pic32.o
 .comment       0x00000000       0x3d build/configRover/production/_ext/1139950406/sys_ports.o
 .comment       0x00000000       0x3d build/configRover/production/_ext/184327166/croutine.o
 .comment       0x00000000       0x3d build/configRover/production/_ext/184327166/list.o
 .comment       0x00000000       0x3d build/configRover/production/_ext/184327166/queue.o
 .comment       0x00000000       0x3d build/configRover/production/_ext/184327166/tasks.o
 .comment       0x00000000       0x3d build/configRover/production/_ext/184327166/timers.o
 .comment       0x00000000       0x3d build/configRover/production/_ext/184327166/event_groups.o
 .comment       0x00000000       0x3d build/configRover/production/_ext/1818123999/heap_1.o
 .comment       0x00000000       0x3d build/configRover/production/_ext/1062886388/port.o
 .comment       0x00000000       0x3d build/configRover/production/_ext/106981565/drv_ic_static.o
 .comment       0x00000000       0x3d build/configRover/production/_ext/64793341/drv_oc_static.o
 .comment       0x00000000       0x3d build/configRover/production/_ext/1797679462/drv_tmr_static.o
 .comment       0x00000000       0x3d build/configRover/production/_ext/1532176561/drv_usart_static.o
 .comment       0x00000000       0x3d build/configRover/production/_ext/249367850/sys_clk_static.o
 .comment       0x00000000       0x3d build/configRover/production/_ext/1926720346/sys_ports_static.o
 .comment       0x00000000       0x3d build/configRover/production/_ext/369138285/system_init.o
 .comment       0x00000000       0x3d build/configRover/production/_ext/369138285/system_interrupt.o
 .comment       0x00000000       0x3d build/configRover/production/_ext/369138285/system_exceptions.o
 .comment       0x00000000       0x3d build/configRover/production/_ext/369138285/system_tasks.o
 .comment       0x00000000       0x3d build/configRover/production/_ext/369138285/rtos_hooks.o
 .comment       0x0000003c       0x18 c:/program files (x86)/microchip/xc32/v1.40/bin/bin/../../lib/gcc/pic32mx/4.8.3/../../../../pic32mx/lib\libpic32.a(memset.o)
                                 0x19 (size before relaxing)
 .comment       0x00000000       0x3d c:/program files (x86)/microchip/xc32/v1.40/bin/bin/../../lib/gcc/pic32mx/4.8.3/../../../../pic32mx/lib\libpic32.a(default-bootstrap-exception-handler.o)
 .comment       0x00000000       0x3d c:/program files (x86)/microchip/xc32/v1.40/bin/bin/../../lib/gcc/pic32mx/4.8.3/../../../../pic32mx/lib\libpic32.a(default-on-reset.o)
 .comment       0x00000000       0x3d c:/program files (x86)/microchip/xc32/v1.40/bin/bin/../../lib/gcc/pic32mx/4.8.3/../../../../pic32mx/lib\libpic32.a(default-on-bootstrap.o)
 .comment       0x00000054       0x18 c:/program files (x86)/microchip/xc32/v1.40/bin/bin/../../lib/gcc/pic32mx/4.8.3/../../../../pic32mx/lib\libpic32.a(memcmp.o)
                                 0x19 (size before relaxing)
 .comment       0x00000000       0x3d c:/program files (x86)/microchip/xc32/v1.40/bin/bin/../../lib/gcc/pic32mx/4.8.3/../../../../pic32mx/lib\libpic32.a(defaultinterrupt.o)
 .comment       0x00000000       0x3d c:/program files (x86)/microchip/xc32/v1.40/bin/bin/../../lib/gcc/pic32mx/4.8.3/../../../../pic32mx/lib\libc.a(sprintf_cdnopuxX.eo)
 .comment       0x00000000       0x3d c:/program files (x86)/microchip/xc32/v1.40/bin/bin/../../lib/gcc/pic32mx/4.8.3/../../../../pic32mx/lib\libc.a(doprnt_cdnopuxX.eo)
 .comment       0x00000000       0x3d c:/program files (x86)/microchip/xc32/v1.40/bin/bin/../../lib/gcc/pic32mx/4.8.3/../../../../pic32mx/lib\libc.a(_fputc_simple.o)
 .comment       0x0000006c       0x4e c:/program files (x86)/microchip/xc32/v1.40/bin/bin/../../lib/gcc/pic32mx/4.8.3/../../../../pic32mx/lib\libc.a(ctype.o)
                                 0x8b (size before relaxing)
 .comment       0x00000000       0x3d c:/program files (x86)/microchip/xc32/v1.40/bin/bin/../../lib/gcc/pic32mx/4.8.3/../../../../pic32mx/lib\libc.a(_iob.o)
 .comment       0x00000000       0x3d c:/program files (x86)/microchip/xc32/v1.40/bin/bin/../../lib/gcc/pic32mx/4.8.3/../../../../pic32mx/lib\libc.a(_flsbuf_simple.o)
 .comment       0x00000000       0x3d c:/program files (x86)/microchip/xc32/v1.40/bin/bin/../../lib/gcc/pic32mx/4.8.3/../../../../pic32mx/lib\libpic32.a(write.o)
 .comment       0x00000000       0x3d c:/program files (x86)/microchip/xc32/v1.40/bin/bin/../../lib/gcc/pic32mx/4.8.3/../../../../pic32mx/lib\libpic32.a(_mon_putc.o)
 .comment       0x00000000       0x3d c:/program files (x86)/microchip/xc32/v1.40/bin/bin/../../lib/gcc/pic32mx/4.8.3/../../../../pic32mx/lib\libpic32.a(xc32_uart.o)
 .comment       0x00000000       0x3d c:/program files (x86)/microchip/xc32/v1.40/bin/bin/../../lib/gcc/pic32mx/4.8.3\libgcc.a(_udivdi3.o)
 .comment       0x00000000       0x3d c:/program files (x86)/microchip/xc32/v1.40/bin/bin/../../lib/gcc/pic32mx/4.8.3\libgcc.a(_umoddi3.o)

.debug
 *(.debug)

.line
 *(.line)

.debug_srcinfo
 *(.debug_srcinfo)

.debug_sfnames
 *(.debug_sfnames)

.debug_aranges  0x00000000      0xcd0
 *(.debug_aranges)
 .debug_aranges
                0x00000000       0x78 build/configRover/production/_ext/1360937237/communication.o
 .debug_aranges
                0x00000078       0x40 build/configRover/production/_ext/1360937237/motor.o
 .debug_aranges
                0x000000b8       0x20 build/configRover/production/_ext/1360937237/main.o
 .debug_aranges
                0x000000d8       0x68 build/configRover/production/_ext/1536116519/debug.o
 .debug_aranges
                0x00000140       0x88 build/configRover/production/_ext/1879384925/osal_freertos.o
 .debug_aranges
                0x000001c8       0x78 build/configRover/production/_ext/351848739/sys_devcon.o
 .debug_aranges
                0x00000240       0x20 build/configRover/production/_ext/351848739/sys_devcon_pic32mx.o
 .debug_aranges
                0x00000260       0x48 build/configRover/production/_ext/474818461/sys_int_pic32.o
 .debug_aranges
                0x000002a8       0xf8 build/configRover/production/_ext/1139950406/sys_ports.o
 .debug_aranges
                0x000003a0       0x38 build/configRover/production/_ext/184327166/croutine.o
 .debug_aranges
                0x000003d8       0x40 build/configRover/production/_ext/184327166/list.o
 .debug_aranges
                0x00000418       0xb0 build/configRover/production/_ext/184327166/queue.o
 .debug_aranges
                0x000004c8      0x168 build/configRover/production/_ext/184327166/tasks.o
 .debug_aranges
                0x00000630       0x18 build/configRover/production/_ext/184327166/timers.o
 .debug_aranges
                0x00000648       0x60 build/configRover/production/_ext/184327166/event_groups.o
 .debug_aranges
                0x000006a8       0x38 build/configRover/production/_ext/1818123999/heap_1.o
 .debug_aranges
                0x000006e0       0x58 build/configRover/production/_ext/1062886388/port.o
 .debug_aranges
                0x00000738       0x20 build/configRover/production/_ext/1062886388/port_asm.o
 .debug_aranges
                0x00000758       0x78 build/configRover/production/_ext/106981565/drv_ic_static.o
 .debug_aranges
                0x000007d0       0x78 build/configRover/production/_ext/64793341/drv_oc_static.o
 .debug_aranges
                0x00000848       0xd8 build/configRover/production/_ext/1797679462/drv_tmr_static.o
 .debug_aranges
                0x00000920       0x48 build/configRover/production/_ext/1532176561/drv_usart_static.o
 .debug_aranges
                0x00000968       0x38 build/configRover/production/_ext/249367850/sys_clk_static.o
 .debug_aranges
                0x000009a0       0x20 build/configRover/production/_ext/1926720346/sys_ports_static.o
 .debug_aranges
                0x000009c0       0x20 build/configRover/production/_ext/369138285/system_init.o
 .debug_aranges
                0x000009e0       0x58 build/configRover/production/_ext/369138285/system_interrupt.o
 .debug_aranges
                0x00000a38       0x20 build/configRover/production/_ext/369138285/system_exceptions.o
 .debug_aranges
                0x00000a58       0x38 build/configRover/production/_ext/369138285/system_tasks.o
 .debug_aranges
                0x00000a90       0x98 build/configRover/production/_ext/369138285/system_interrupt_a.o
 .debug_aranges
                0x00000b28       0x28 build/configRover/production/_ext/369138285/rtos_hooks.o
 .debug_aranges
                0x00000b50       0x20 c:/program files (x86)/microchip/xc32/v1.40/bin/bin/../../lib/gcc/pic32mx/4.8.3/../../../../pic32mx/lib\libpic32.a(default-bootstrap-exception-handler.o)
 .debug_aranges
                0x00000b70       0x20 c:/program files (x86)/microchip/xc32/v1.40/bin/bin/../../lib/gcc/pic32mx/4.8.3/../../../../pic32mx/lib\libpic32.a(default-on-reset.o)
 .debug_aranges
                0x00000b90       0x20 c:/program files (x86)/microchip/xc32/v1.40/bin/bin/../../lib/gcc/pic32mx/4.8.3/../../../../pic32mx/lib\libpic32.a(default-on-bootstrap.o)
 .debug_aranges
                0x00000bb0       0x20 c:/program files (x86)/microchip/xc32/v1.40/bin/bin/../../lib/gcc/pic32mx/4.8.3/../../../../pic32mx/lib\libpic32.a(defaultinterrupt.o)
 .debug_aranges
                0x00000bd0       0x20 c:/program files (x86)/microchip/xc32/v1.40/bin/bin/../../lib/gcc/pic32mx/4.8.3/../../../../pic32mx/lib\libc.a(sprintf_cdnopuxX.eo)
 .debug_aranges
                0x00000bf0       0x20 c:/program files (x86)/microchip/xc32/v1.40/bin/bin/../../lib/gcc/pic32mx/4.8.3/../../../../pic32mx/lib\libc.a(doprnt_cdnopuxX.eo)
 .debug_aranges
                0x00000c10       0x20 c:/program files (x86)/microchip/xc32/v1.40/bin/bin/../../lib/gcc/pic32mx/4.8.3/../../../../pic32mx/lib\libc.a(_fputc_simple.o)
 .debug_aranges
                0x00000c30       0x20 c:/program files (x86)/microchip/xc32/v1.40/bin/bin/../../lib/gcc/pic32mx/4.8.3/../../../../pic32mx/lib\libc.a(_flsbuf_simple.o)
 .debug_aranges
                0x00000c50       0x20 c:/program files (x86)/microchip/xc32/v1.40/bin/bin/../../lib/gcc/pic32mx/4.8.3/../../../../pic32mx/lib\libpic32.a(write.o)
 .debug_aranges
                0x00000c70       0x20 c:/program files (x86)/microchip/xc32/v1.40/bin/bin/../../lib/gcc/pic32mx/4.8.3/../../../../pic32mx/lib\libpic32.a(_mon_putc.o)
 .debug_aranges
                0x00000c90       0x20 c:/program files (x86)/microchip/xc32/v1.40/bin/bin/../../lib/gcc/pic32mx/4.8.3\libgcc.a(_udivdi3.o)
 .debug_aranges
                0x00000cb0       0x20 c:/program files (x86)/microchip/xc32/v1.40/bin/bin/../../lib/gcc/pic32mx/4.8.3\libgcc.a(_umoddi3.o)

.debug_pubnames
 *(.debug_pubnames)

.debug_info     0x00000000    0x246b0
 *(.debug_info .gnu.linkonce.wi.*)
 .debug_info    0x00000000     0x24a9 build/configRover/production/_ext/1360937237/communication.o
 .debug_info    0x000024a9     0x1943 build/configRover/production/_ext/1360937237/motor.o
 .debug_info    0x00003dec      0x19a build/configRover/production/_ext/1360937237/main.o
 .debug_info    0x00003f86      0xdd8 build/configRover/production/_ext/1536116519/debug.o
 .debug_info    0x00004d5e      0xa58 build/configRover/production/_ext/1879384925/osal_freertos.o
 .debug_info    0x000057b6     0x1084 build/configRover/production/_ext/351848739/sys_devcon.o
 .debug_info    0x0000683a      0xd5b build/configRover/production/_ext/351848739/sys_devcon_pic32mx.o
 .debug_info    0x00007595     0x15c2 build/configRover/production/_ext/474818461/sys_int_pic32.o
 .debug_info    0x00008b57     0x3245 build/configRover/production/_ext/1139950406/sys_ports.o
 .debug_info    0x0000bd9c      0xbd0 build/configRover/production/_ext/184327166/croutine.o
 .debug_info    0x0000c96c      0x47b build/configRover/production/_ext/184327166/list.o
 .debug_info    0x0000cde7     0x1759 build/configRover/production/_ext/184327166/queue.o
 .debug_info    0x0000e540     0x288e build/configRover/production/_ext/184327166/tasks.o
 .debug_info    0x00010dce      0x175 build/configRover/production/_ext/184327166/timers.o
 .debug_info    0x00010f43      0xd49 build/configRover/production/_ext/184327166/event_groups.o
 .debug_info    0x00011c8c      0x37b build/configRover/production/_ext/1818123999/heap_1.o
 .debug_info    0x00012007     0x11a6 build/configRover/production/_ext/1062886388/port.o
 .debug_info    0x000131ad       0xc5 build/configRover/production/_ext/1062886388/port_asm.o
 .debug_info    0x00013272     0x2847 build/configRover/production/_ext/106981565/drv_ic_static.o
 .debug_info    0x00015ab9     0x1297 build/configRover/production/_ext/64793341/drv_oc_static.o
 .debug_info    0x00016d50     0x2de4 build/configRover/production/_ext/1797679462/drv_tmr_static.o
 .debug_info    0x00019b34     0x376e build/configRover/production/_ext/1532176561/drv_usart_static.o
 .debug_info    0x0001d2a2     0x10ab build/configRover/production/_ext/249367850/sys_clk_static.o
 .debug_info    0x0001e34d      0xcb2 build/configRover/production/_ext/1926720346/sys_ports_static.o
 .debug_info    0x0001efff      0xe56 build/configRover/production/_ext/369138285/system_init.o
 .debug_info    0x0001fe55     0x1bd4 build/configRover/production/_ext/369138285/system_interrupt.o
 .debug_info    0x00021a29      0x7b1 build/configRover/production/_ext/369138285/system_exceptions.o
 .debug_info    0x000221da      0xb95 build/configRover/production/_ext/369138285/system_tasks.o
 .debug_info    0x00022d6f       0x90 build/configRover/production/_ext/369138285/system_interrupt_a.o
 .debug_info    0x00022dff      0x246 build/configRover/production/_ext/369138285/rtos_hooks.o
 .debug_info    0x00023045       0xe3 c:/program files (x86)/microchip/xc32/v1.40/bin/bin/../../lib/gcc/pic32mx/4.8.3/../../../../pic32mx/lib\libpic32.a(default-bootstrap-exception-handler.o)
 .debug_info    0x00023128       0xbd c:/program files (x86)/microchip/xc32/v1.40/bin/bin/../../lib/gcc/pic32mx/4.8.3/../../../../pic32mx/lib\libpic32.a(default-on-reset.o)
 .debug_info    0x000231e5       0xc5 c:/program files (x86)/microchip/xc32/v1.40/bin/bin/../../lib/gcc/pic32mx/4.8.3/../../../../pic32mx/lib\libpic32.a(default-on-bootstrap.o)
 .debug_info    0x000232aa       0xd7 c:/program files (x86)/microchip/xc32/v1.40/bin/bin/../../lib/gcc/pic32mx/4.8.3/../../../../pic32mx/lib\libpic32.a(defaultinterrupt.o)
 .debug_info    0x00023381       0xc2 c:/program files (x86)/microchip/xc32/v1.40/bin/bin/../../lib/gcc/pic32mx/4.8.3/../../../../pic32mx/lib\libc.a(sprintf_cdnopuxX.eo)
 .debug_info    0x00023443       0xc3 c:/program files (x86)/microchip/xc32/v1.40/bin/bin/../../lib/gcc/pic32mx/4.8.3/../../../../pic32mx/lib\libc.a(doprnt_cdnopuxX.eo)
 .debug_info    0x00023506       0xb4 c:/program files (x86)/microchip/xc32/v1.40/bin/bin/../../lib/gcc/pic32mx/4.8.3/../../../../pic32mx/lib\libc.a(_fputc_simple.o)
 .debug_info    0x000235ba       0xb7 c:/program files (x86)/microchip/xc32/v1.40/bin/bin/../../lib/gcc/pic32mx/4.8.3/../../../../pic32mx/lib\libc.a(_flsbuf_simple.o)
 .debug_info    0x00023671       0xae c:/program files (x86)/microchip/xc32/v1.40/bin/bin/../../lib/gcc/pic32mx/4.8.3/../../../../pic32mx/lib\libpic32.a(write.o)
 .debug_info    0x0002371f       0xb6 c:/program files (x86)/microchip/xc32/v1.40/bin/bin/../../lib/gcc/pic32mx/4.8.3/../../../../pic32mx/lib\libpic32.a(_mon_putc.o)
 .debug_info    0x000237d5      0x74f c:/program files (x86)/microchip/xc32/v1.40/bin/bin/../../lib/gcc/pic32mx/4.8.3\libgcc.a(_udivdi3.o)
 .debug_info    0x00023f24      0x78c c:/program files (x86)/microchip/xc32/v1.40/bin/bin/../../lib/gcc/pic32mx/4.8.3\libgcc.a(_umoddi3.o)

.debug_abbrev   0x00000000     0x37c5
 *(.debug_abbrev)
 .debug_abbrev  0x00000000      0x306 build/configRover/production/_ext/1360937237/communication.o
 .debug_abbrev  0x00000306      0x267 build/configRover/production/_ext/1360937237/motor.o
 .debug_abbrev  0x0000056d       0x93 build/configRover/production/_ext/1360937237/main.o
 .debug_abbrev  0x00000600      0x24f build/configRover/production/_ext/1536116519/debug.o
 .debug_abbrev  0x0000084f      0x1fe build/configRover/production/_ext/1879384925/osal_freertos.o
 .debug_abbrev  0x00000a4d      0x26d build/configRover/production/_ext/351848739/sys_devcon.o
 .debug_abbrev  0x00000cba      0x16d build/configRover/production/_ext/351848739/sys_devcon_pic32mx.o
 .debug_abbrev  0x00000e27      0x1d0 build/configRover/production/_ext/474818461/sys_int_pic32.o
 .debug_abbrev  0x00000ff7      0x219 build/configRover/production/_ext/1139950406/sys_ports.o
 .debug_abbrev  0x00001210      0x2ae build/configRover/production/_ext/184327166/croutine.o
 .debug_abbrev  0x000014be       0xf1 build/configRover/production/_ext/184327166/list.o
 .debug_abbrev  0x000015af      0x2b3 build/configRover/production/_ext/184327166/queue.o
 .debug_abbrev  0x00001862      0x370 build/configRover/production/_ext/184327166/tasks.o
 .debug_abbrev  0x00001bd2       0x1b build/configRover/production/_ext/184327166/timers.o
 .debug_abbrev  0x00001bed      0x29a build/configRover/production/_ext/184327166/event_groups.o
 .debug_abbrev  0x00001e87      0x13f build/configRover/production/_ext/1818123999/heap_1.o
 .debug_abbrev  0x00001fc6      0x2cf build/configRover/production/_ext/1062886388/port.o
 .debug_abbrev  0x00002295       0x14 build/configRover/production/_ext/1062886388/port_asm.o
 .debug_abbrev  0x000022a9      0x193 build/configRover/production/_ext/106981565/drv_ic_static.o
 .debug_abbrev  0x0000243c      0x160 build/configRover/production/_ext/64793341/drv_oc_static.o
 .debug_abbrev  0x0000259c      0x20a build/configRover/production/_ext/1797679462/drv_tmr_static.o
 .debug_abbrev  0x000027a6      0x20f build/configRover/production/_ext/1532176561/drv_usart_static.o
 .debug_abbrev  0x000029b5      0x209 build/configRover/production/_ext/249367850/sys_clk_static.o
 .debug_abbrev  0x00002bbe      0x12f build/configRover/production/_ext/1926720346/sys_ports_static.o
 .debug_abbrev  0x00002ced      0x201 build/configRover/production/_ext/369138285/system_init.o
 .debug_abbrev  0x00002eee      0x23f build/configRover/production/_ext/369138285/system_interrupt.o
 .debug_abbrev  0x0000312d       0x8c build/configRover/production/_ext/369138285/system_exceptions.o
 .debug_abbrev  0x000031b9      0x154 build/configRover/production/_ext/369138285/system_tasks.o
 .debug_abbrev  0x0000330d       0x12 build/configRover/production/_ext/369138285/system_interrupt_a.o
 .debug_abbrev  0x0000331f       0x97 build/configRover/production/_ext/369138285/rtos_hooks.o
 .debug_abbrev  0x000033b6       0x28 c:/program files (x86)/microchip/xc32/v1.40/bin/bin/../../lib/gcc/pic32mx/4.8.3/../../../../pic32mx/lib\libpic32.a(default-bootstrap-exception-handler.o)
 .debug_abbrev  0x000033de       0x28 c:/program files (x86)/microchip/xc32/v1.40/bin/bin/../../lib/gcc/pic32mx/4.8.3/../../../../pic32mx/lib\libpic32.a(default-on-reset.o)
 .debug_abbrev  0x00003406       0x28 c:/program files (x86)/microchip/xc32/v1.40/bin/bin/../../lib/gcc/pic32mx/4.8.3/../../../../pic32mx/lib\libpic32.a(default-on-bootstrap.o)
 .debug_abbrev  0x0000342e       0x28 c:/program files (x86)/microchip/xc32/v1.40/bin/bin/../../lib/gcc/pic32mx/4.8.3/../../../../pic32mx/lib\libpic32.a(defaultinterrupt.o)
 .debug_abbrev  0x00003456       0x28 c:/program files (x86)/microchip/xc32/v1.40/bin/bin/../../lib/gcc/pic32mx/4.8.3/../../../../pic32mx/lib\libc.a(sprintf_cdnopuxX.eo)
 .debug_abbrev  0x0000347e       0x28 c:/program files (x86)/microchip/xc32/v1.40/bin/bin/../../lib/gcc/pic32mx/4.8.3/../../../../pic32mx/lib\libc.a(doprnt_cdnopuxX.eo)
 .debug_abbrev  0x000034a6       0x28 c:/program files (x86)/microchip/xc32/v1.40/bin/bin/../../lib/gcc/pic32mx/4.8.3/../../../../pic32mx/lib\libc.a(_fputc_simple.o)
 .debug_abbrev  0x000034ce       0x28 c:/program files (x86)/microchip/xc32/v1.40/bin/bin/../../lib/gcc/pic32mx/4.8.3/../../../../pic32mx/lib\libc.a(_flsbuf_simple.o)
 .debug_abbrev  0x000034f6       0x28 c:/program files (x86)/microchip/xc32/v1.40/bin/bin/../../lib/gcc/pic32mx/4.8.3/../../../../pic32mx/lib\libpic32.a(write.o)
 .debug_abbrev  0x0000351e       0x28 c:/program files (x86)/microchip/xc32/v1.40/bin/bin/../../lib/gcc/pic32mx/4.8.3/../../../../pic32mx/lib\libpic32.a(_mon_putc.o)
 .debug_abbrev  0x00003546      0x138 c:/program files (x86)/microchip/xc32/v1.40/bin/bin/../../lib/gcc/pic32mx/4.8.3\libgcc.a(_udivdi3.o)
 .debug_abbrev  0x0000367e      0x147 c:/program files (x86)/microchip/xc32/v1.40/bin/bin/../../lib/gcc/pic32mx/4.8.3\libgcc.a(_umoddi3.o)

.debug_line     0x00000000     0x7594
 *(.debug_line)
 .debug_line    0x00000000      0x5e4 build/configRover/production/_ext/1360937237/communication.o
 .debug_line    0x000005e4      0x505 build/configRover/production/_ext/1360937237/motor.o
 .debug_line    0x00000ae9       0xa5 build/configRover/production/_ext/1360937237/main.o
 .debug_line    0x00000b8e      0x447 build/configRover/production/_ext/1536116519/debug.o
 .debug_line    0x00000fd5        0x0 build/configRover/production/_ext/1360937237/timer.o
 .debug_line    0x00000fd5      0x2bb build/configRover/production/_ext/1879384925/osal_freertos.o
 .debug_line    0x00001290      0x5c6 build/configRover/production/_ext/351848739/sys_devcon.o
 .debug_line    0x00001856      0x471 build/configRover/production/_ext/351848739/sys_devcon_pic32mx.o
 .debug_line    0x00001cc7      0x38c build/configRover/production/_ext/474818461/sys_int_pic32.o
 .debug_line    0x00002053      0x870 build/configRover/production/_ext/1139950406/sys_ports.o
 .debug_line    0x000028c3      0x2a0 build/configRover/production/_ext/184327166/croutine.o
 .debug_line    0x00002b63      0x1dc build/configRover/production/_ext/184327166/list.o
 .debug_line    0x00002d3f      0x488 build/configRover/production/_ext/184327166/queue.o
 .debug_line    0x000031c7      0x7b1 build/configRover/production/_ext/184327166/tasks.o
 .debug_line    0x00003978       0x1d build/configRover/production/_ext/184327166/timers.o
 .debug_line    0x00003995      0x321 build/configRover/production/_ext/184327166/event_groups.o
 .debug_line    0x00003cb6      0x216 build/configRover/production/_ext/1818123999/heap_1.o
 .debug_line    0x00003ecc      0x23a build/configRover/production/_ext/1062886388/port.o
 .debug_line    0x00004106      0x11a build/configRover/production/_ext/1062886388/port_asm.o
 .debug_line    0x00004220      0x51b build/configRover/production/_ext/106981565/drv_ic_static.o
 .debug_line    0x0000473b      0x422 build/configRover/production/_ext/64793341/drv_oc_static.o
 .debug_line    0x00004b5d      0x657 build/configRover/production/_ext/1797679462/drv_tmr_static.o
 .debug_line    0x000051b4      0x69a build/configRover/production/_ext/1532176561/drv_usart_static.o
 .debug_line    0x0000584e      0x369 build/configRover/production/_ext/249367850/sys_clk_static.o
 .debug_line    0x00005bb7      0x2c6 build/configRover/production/_ext/1926720346/sys_ports_static.o
 .debug_line    0x00005e7d      0x4e2 build/configRover/production/_ext/369138285/system_init.o
 .debug_line    0x0000635f      0x497 build/configRover/production/_ext/369138285/system_interrupt.o
 .debug_line    0x000067f6       0xde build/configRover/production/_ext/369138285/system_exceptions.o
 .debug_line    0x000068d4      0x30c build/configRover/production/_ext/369138285/system_tasks.o
 .debug_line    0x00006be0      0x1a5 build/configRover/production/_ext/369138285/system_interrupt_a.o
 .debug_line    0x00006d85      0x134 build/configRover/production/_ext/369138285/rtos_hooks.o
 .debug_line    0x00006eb9       0x97 c:/program files (x86)/microchip/xc32/v1.40/bin/bin/../../lib/gcc/pic32mx/4.8.3/../../../../pic32mx/lib\libpic32.a(default-bootstrap-exception-handler.o)
 .debug_line    0x00006f50       0x84 c:/program files (x86)/microchip/xc32/v1.40/bin/bin/../../lib/gcc/pic32mx/4.8.3/../../../../pic32mx/lib\libpic32.a(default-on-reset.o)
 .debug_line    0x00006fd4       0x88 c:/program files (x86)/microchip/xc32/v1.40/bin/bin/../../lib/gcc/pic32mx/4.8.3/../../../../pic32mx/lib\libpic32.a(default-on-bootstrap.o)
 .debug_line    0x0000705c       0x96 c:/program files (x86)/microchip/xc32/v1.40/bin/bin/../../lib/gcc/pic32mx/4.8.3/../../../../pic32mx/lib\libpic32.a(defaultinterrupt.o)
 .debug_line    0x000070f2       0x71 c:/program files (x86)/microchip/xc32/v1.40/bin/bin/../../lib/gcc/pic32mx/4.8.3/../../../../pic32mx/lib\libc.a(sprintf_cdnopuxX.eo)
 .debug_line    0x00007163       0x70 c:/program files (x86)/microchip/xc32/v1.40/bin/bin/../../lib/gcc/pic32mx/4.8.3/../../../../pic32mx/lib\libc.a(doprnt_cdnopuxX.eo)
 .debug_line    0x000071d3       0x6f c:/program files (x86)/microchip/xc32/v1.40/bin/bin/../../lib/gcc/pic32mx/4.8.3/../../../../pic32mx/lib\libc.a(_fputc_simple.o)
 .debug_line    0x00007242        0x0 c:/program files (x86)/microchip/xc32/v1.40/bin/bin/../../lib/gcc/pic32mx/4.8.3/../../../../pic32mx/lib\libc.a(ctype.o)
 .debug_line    0x00007242        0x0 c:/program files (x86)/microchip/xc32/v1.40/bin/bin/../../lib/gcc/pic32mx/4.8.3/../../../../pic32mx/lib\libc.a(_iob.o)
 .debug_line    0x00007242       0x70 c:/program files (x86)/microchip/xc32/v1.40/bin/bin/../../lib/gcc/pic32mx/4.8.3/../../../../pic32mx/lib\libc.a(_flsbuf_simple.o)
 .debug_line    0x000072b2       0x79 c:/program files (x86)/microchip/xc32/v1.40/bin/bin/../../lib/gcc/pic32mx/4.8.3/../../../../pic32mx/lib\libpic32.a(write.o)
 .debug_line    0x0000732b       0x7d c:/program files (x86)/microchip/xc32/v1.40/bin/bin/../../lib/gcc/pic32mx/4.8.3/../../../../pic32mx/lib\libpic32.a(_mon_putc.o)
 .debug_line    0x000073a8        0x0 c:/program files (x86)/microchip/xc32/v1.40/bin/bin/../../lib/gcc/pic32mx/4.8.3/../../../../pic32mx/lib\libpic32.a(xc32_uart.o)
 .debug_line    0x000073a8       0xed c:/program files (x86)/microchip/xc32/v1.40/bin/bin/../../lib/gcc/pic32mx/4.8.3\libgcc.a(_udivdi3.o)
 .debug_line    0x00007495       0xff c:/program files (x86)/microchip/xc32/v1.40/bin/bin/../../lib/gcc/pic32mx/4.8.3\libgcc.a(_umoddi3.o)

.debug_frame    0x00000000     0x18a8
 *(.debug_frame)
 .debug_frame   0x00000000      0x144 build/configRover/production/_ext/1360937237/communication.o
 .debug_frame   0x00000144       0xa0 build/configRover/production/_ext/1360937237/motor.o
 .debug_frame   0x000001e4       0x28 build/configRover/production/_ext/1360937237/main.o
 .debug_frame   0x0000020c       0xe4 build/configRover/production/_ext/1536116519/debug.o
 .debug_frame   0x000002f0      0x150 build/configRover/production/_ext/1879384925/osal_freertos.o
 .debug_frame   0x00000440       0xe8 build/configRover/production/_ext/351848739/sys_devcon.o
 .debug_frame   0x00000528       0x28 build/configRover/production/_ext/351848739/sys_devcon_pic32mx.o
 .debug_frame   0x00000550       0x90 build/configRover/production/_ext/474818461/sys_int_pic32.o
 .debug_frame   0x000005e0      0x1d0 build/configRover/production/_ext/1139950406/sys_ports.o
 .debug_frame   0x000007b0       0x8c build/configRover/production/_ext/184327166/croutine.o
 .debug_frame   0x0000083c       0x60 build/configRover/production/_ext/184327166/list.o
 .debug_frame   0x0000089c      0x214 build/configRover/production/_ext/184327166/queue.o
 .debug_frame   0x00000ab0      0x424 build/configRover/production/_ext/184327166/tasks.o
 .debug_frame   0x00000ed4      0x108 build/configRover/production/_ext/184327166/event_groups.o
 .debug_frame   0x00000fdc       0x5c build/configRover/production/_ext/1818123999/heap_1.o
 .debug_frame   0x00001038       0xc0 build/configRover/production/_ext/1062886388/port.o
 .debug_frame   0x000010f8       0xd0 build/configRover/production/_ext/106981565/drv_ic_static.o
 .debug_frame   0x000011c8       0xd0 build/configRover/production/_ext/64793341/drv_oc_static.o
 .debug_frame   0x00001298      0x190 build/configRover/production/_ext/1797679462/drv_tmr_static.o
 .debug_frame   0x00001428       0x80 build/configRover/production/_ext/1532176561/drv_usart_static.o
 .debug_frame   0x000014a8       0x58 build/configRover/production/_ext/249367850/sys_clk_static.o
 .debug_frame   0x00001500       0x20 build/configRover/production/_ext/1926720346/sys_ports_static.o
 .debug_frame   0x00001520       0x28 build/configRover/production/_ext/369138285/system_init.o
 .debug_frame   0x00001548       0xa8 build/configRover/production/_ext/369138285/system_interrupt.o
 .debug_frame   0x000015f0       0x28 build/configRover/production/_ext/369138285/system_exceptions.o
 .debug_frame   0x00001618       0x70 build/configRover/production/_ext/369138285/system_tasks.o
 .debug_frame   0x00001688       0x40 build/configRover/production/_ext/369138285/rtos_hooks.o
 .debug_frame   0x000016c8       0x2c c:/program files (x86)/microchip/xc32/v1.40/bin/bin/../../lib/gcc/pic32mx/4.8.3/../../../../pic32mx/lib\libpic32.a(default-bootstrap-exception-handler.o)
 .debug_frame   0x000016f4       0x20 c:/program files (x86)/microchip/xc32/v1.40/bin/bin/../../lib/gcc/pic32mx/4.8.3/../../../../pic32mx/lib\libpic32.a(default-on-reset.o)
 .debug_frame   0x00001714       0x20 c:/program files (x86)/microchip/xc32/v1.40/bin/bin/../../lib/gcc/pic32mx/4.8.3/../../../../pic32mx/lib\libpic32.a(default-on-bootstrap.o)
 .debug_frame   0x00001734       0x20 c:/program files (x86)/microchip/xc32/v1.40/bin/bin/../../lib/gcc/pic32mx/4.8.3/../../../../pic32mx/lib\libpic32.a(defaultinterrupt.o)
 .debug_frame   0x00001754       0x28 c:/program files (x86)/microchip/xc32/v1.40/bin/bin/../../lib/gcc/pic32mx/4.8.3/../../../../pic32mx/lib\libc.a(sprintf_cdnopuxX.eo)
 .debug_frame   0x0000177c       0x38 c:/program files (x86)/microchip/xc32/v1.40/bin/bin/../../lib/gcc/pic32mx/4.8.3/../../../../pic32mx/lib\libc.a(doprnt_cdnopuxX.eo)
 .debug_frame   0x000017b4       0x2c c:/program files (x86)/microchip/xc32/v1.40/bin/bin/../../lib/gcc/pic32mx/4.8.3/../../../../pic32mx/lib\libc.a(_fputc_simple.o)
 .debug_frame   0x000017e0       0x28 c:/program files (x86)/microchip/xc32/v1.40/bin/bin/../../lib/gcc/pic32mx/4.8.3/../../../../pic32mx/lib\libc.a(_flsbuf_simple.o)
 .debug_frame   0x00001808       0x38 c:/program files (x86)/microchip/xc32/v1.40/bin/bin/../../lib/gcc/pic32mx/4.8.3/../../../../pic32mx/lib\libpic32.a(write.o)
 .debug_frame   0x00001840       0x28 c:/program files (x86)/microchip/xc32/v1.40/bin/bin/../../lib/gcc/pic32mx/4.8.3/../../../../pic32mx/lib\libpic32.a(_mon_putc.o)
 .debug_frame   0x00001868       0x20 c:/program files (x86)/microchip/xc32/v1.40/bin/bin/../../lib/gcc/pic32mx/4.8.3\libgcc.a(_udivdi3.o)
 .debug_frame   0x00001888       0x20 c:/program files (x86)/microchip/xc32/v1.40/bin/bin/../../lib/gcc/pic32mx/4.8.3\libgcc.a(_umoddi3.o)

.debug_str      0x00000000      0x73c
 *(.debug_str)
 .debug_str     0x00000000       0x52 build/configRover/production/_ext/1360937237/communication.o
 .debug_str     0x00000052       0x2a build/configRover/production/_ext/1360937237/motor.o
 .debug_str     0x0000007c        0x0 build/configRover/production/_ext/1360937237/main.o
 .debug_str     0x0000007c       0x1b build/configRover/production/_ext/1536116519/debug.o
 .debug_str     0x00000097        0x0 build/configRover/production/_ext/1360937237/timer.o
 .debug_str     0x00000097       0x40 build/configRover/production/_ext/1879384925/osal_freertos.o
 .debug_str     0x000000d7       0x16 build/configRover/production/_ext/351848739/sys_devcon.o
 .debug_str     0x000000ed        0x6 build/configRover/production/_ext/351848739/sys_devcon_pic32mx.o
 .debug_str     0x000000f3       0x2d build/configRover/production/_ext/474818461/sys_int_pic32.o
 .debug_str     0x00000120       0x98 build/configRover/production/_ext/1139950406/sys_ports.o
 .debug_str     0x000001b8       0x46 build/configRover/production/_ext/184327166/croutine.o
 .debug_str     0x000001fe       0x2b build/configRover/production/_ext/184327166/list.o
 .debug_str     0x00000229       0xf1 build/configRover/production/_ext/184327166/queue.o
 .debug_str     0x0000031a      0x174 build/configRover/production/_ext/184327166/tasks.o
 .debug_str     0x0000048e        0x0 build/configRover/production/_ext/184327166/timers.o
 .debug_str     0x0000048e       0xe6 build/configRover/production/_ext/184327166/event_groups.o
 .debug_str     0x00000574       0x1d build/configRover/production/_ext/1818123999/heap_1.o
 .debug_str     0x00000591       0x37 build/configRover/production/_ext/1062886388/port.o
 .debug_str     0x000005c8       0x28 build/configRover/production/_ext/106981565/drv_ic_static.o
 .debug_str     0x000005f0       0x1a build/configRover/production/_ext/64793341/drv_oc_static.o
 .debug_str     0x0000060a       0x35 build/configRover/production/_ext/1797679462/drv_tmr_static.o
 .debug_str     0x0000063f       0x7c build/configRover/production/_ext/1532176561/drv_usart_static.o
 .debug_str     0x000006bb       0x39 build/configRover/production/_ext/249367850/sys_clk_static.o
 .debug_str     0x000006f4        0xd build/configRover/production/_ext/1926720346/sys_ports_static.o
 .debug_str     0x00000701       0x16 build/configRover/production/_ext/369138285/system_init.o
 .debug_str     0x00000717       0x1c build/configRover/production/_ext/369138285/system_interrupt.o
 .debug_str     0x00000733        0x0 build/configRover/production/_ext/369138285/system_exceptions.o
 .debug_str     0x00000733        0x0 build/configRover/production/_ext/369138285/system_tasks.o
 .debug_str     0x00000733        0x9 build/configRover/production/_ext/369138285/rtos_hooks.o
 .debug_str     0x0000073c        0x0 c:/program files (x86)/microchip/xc32/v1.40/bin/bin/../../lib/gcc/pic32mx/4.8.3/../../../../pic32mx/lib\libpic32.a(default-bootstrap-exception-handler.o)
 .debug_str     0x0000073c        0x0 c:/program files (x86)/microchip/xc32/v1.40/bin/bin/../../lib/gcc/pic32mx/4.8.3/../../../../pic32mx/lib\libpic32.a(default-on-reset.o)
 .debug_str     0x0000073c        0x0 c:/program files (x86)/microchip/xc32/v1.40/bin/bin/../../lib/gcc/pic32mx/4.8.3/../../../../pic32mx/lib\libpic32.a(default-on-bootstrap.o)
 .debug_str     0x0000073c        0x0 c:/program files (x86)/microchip/xc32/v1.40/bin/bin/../../lib/gcc/pic32mx/4.8.3/../../../../pic32mx/lib\libpic32.a(defaultinterrupt.o)
 .debug_str     0x0000073c        0x0 c:/program files (x86)/microchip/xc32/v1.40/bin/bin/../../lib/gcc/pic32mx/4.8.3/../../../../pic32mx/lib\libc.a(sprintf_cdnopuxX.eo)
 .debug_str     0x0000073c        0x0 c:/program files (x86)/microchip/xc32/v1.40/bin/bin/../../lib/gcc/pic32mx/4.8.3/../../../../pic32mx/lib\libc.a(doprnt_cdnopuxX.eo)
 .debug_str     0x0000073c        0x0 c:/program files (x86)/microchip/xc32/v1.40/bin/bin/../../lib/gcc/pic32mx/4.8.3/../../../../pic32mx/lib\libc.a(_fputc_simple.o)
 .debug_str     0x0000073c        0x0 c:/program files (x86)/microchip/xc32/v1.40/bin/bin/../../lib/gcc/pic32mx/4.8.3/../../../../pic32mx/lib\libc.a(ctype.o)
 .debug_str     0x0000073c        0x0 c:/program files (x86)/microchip/xc32/v1.40/bin/bin/../../lib/gcc/pic32mx/4.8.3/../../../../pic32mx/lib\libc.a(_iob.o)
 .debug_str     0x0000073c        0x0 c:/program files (x86)/microchip/xc32/v1.40/bin/bin/../../lib/gcc/pic32mx/4.8.3/../../../../pic32mx/lib\libc.a(_flsbuf_simple.o)
 .debug_str     0x0000073c        0x0 c:/program files (x86)/microchip/xc32/v1.40/bin/bin/../../lib/gcc/pic32mx/4.8.3/../../../../pic32mx/lib\libpic32.a(write.o)
 .debug_str     0x0000073c        0x0 c:/program files (x86)/microchip/xc32/v1.40/bin/bin/../../lib/gcc/pic32mx/4.8.3/../../../../pic32mx/lib\libpic32.a(_mon_putc.o)
 .debug_str     0x0000073c        0x0 c:/program files (x86)/microchip/xc32/v1.40/bin/bin/../../lib/gcc/pic32mx/4.8.3/../../../../pic32mx/lib\libpic32.a(xc32_uart.o)
 .debug_str     0x0000073c        0x0 c:/program files (x86)/microchip/xc32/v1.40/bin/bin/../../lib/gcc/pic32mx/4.8.3\libgcc.a(_udivdi3.o)
 .debug_str     0x0000073c        0x0 c:/program files (x86)/microchip/xc32/v1.40/bin/bin/../../lib/gcc/pic32mx/4.8.3\libgcc.a(_umoddi3.o)

.debug_loc      0x00000000     0x6268
 *(.debug_loc)
 .debug_loc     0x00000000      0x4dc build/configRover/production/_ext/1360937237/communication.o
 .debug_loc     0x000004dc      0x2a8 build/configRover/production/_ext/1360937237/motor.o
 .debug_loc     0x00000784       0xfa build/configRover/production/_ext/1536116519/debug.o
 .debug_loc     0x0000087e      0x3cc build/configRover/production/_ext/1879384925/osal_freertos.o
 .debug_loc     0x00000c4a       0xf0 build/configRover/production/_ext/351848739/sys_devcon.o
 .debug_loc     0x00000d3a       0xe0 build/configRover/production/_ext/351848739/sys_devcon_pic32mx.o
 .debug_loc     0x00000e1a       0x8d build/configRover/production/_ext/474818461/sys_int_pic32.o
 .debug_loc     0x00000ea7      0xee1 build/configRover/production/_ext/1139950406/sys_ports.o
 .debug_loc     0x00001d88      0x324 build/configRover/production/_ext/184327166/croutine.o
 .debug_loc     0x000020ac       0x31 build/configRover/production/_ext/184327166/list.o
 .debug_loc     0x000020dd      0xcb1 build/configRover/production/_ext/184327166/queue.o
 .debug_loc     0x00002d8e     0x146e build/configRover/production/_ext/184327166/tasks.o
 .debug_loc     0x000041fc      0x8ea build/configRover/production/_ext/184327166/event_groups.o
 .debug_loc     0x00004ae6       0x49 build/configRover/production/_ext/1818123999/heap_1.o
 .debug_loc     0x00004b2f       0xea build/configRover/production/_ext/1062886388/port.o
 .debug_loc     0x00004c19       0x84 build/configRover/production/_ext/1797679462/drv_tmr_static.o
 .debug_loc     0x00004c9d       0x60 build/configRover/production/_ext/1532176561/drv_usart_static.o
 .debug_loc     0x00004cfd       0x21 build/configRover/production/_ext/249367850/sys_clk_static.o
 .debug_loc     0x00004d1e       0x21 build/configRover/production/_ext/369138285/system_init.o
 .debug_loc     0x00004d3f       0x4e build/configRover/production/_ext/369138285/system_interrupt.o
 .debug_loc     0x00004d8d       0x34 build/configRover/production/_ext/369138285/rtos_hooks.o
 .debug_loc     0x00004dc1      0xa6a c:/program files (x86)/microchip/xc32/v1.40/bin/bin/../../lib/gcc/pic32mx/4.8.3\libgcc.a(_udivdi3.o)
 .debug_loc     0x0000582b      0xa3d c:/program files (x86)/microchip/xc32/v1.40/bin/bin/../../lib/gcc/pic32mx/4.8.3\libgcc.a(_umoddi3.o)

.debug_macinfo
 *(.debug_macinfo)

.debug_weaknames
 *(.debug_weaknames)

.debug_funcnames
 *(.debug_funcnames)

.debug_typenames
 *(.debug_typenames)

.debug_varnames
 *(.debug_varnames)

.debug_pubtypes
 *(.debug_pubtypes)

.debug_ranges   0x00000000      0xd30
 *(.debug_ranges)
 .debug_ranges  0x00000000      0x108 build/configRover/production/_ext/1360937237/communication.o
 .debug_ranges  0x00000108       0x60 build/configRover/production/_ext/1360937237/motor.o
 .debug_ranges  0x00000168       0x10 build/configRover/production/_ext/1360937237/main.o
 .debug_ranges  0x00000178       0x58 build/configRover/production/_ext/1536116519/debug.o
 .debug_ranges  0x000001d0       0x78 build/configRover/production/_ext/1879384925/osal_freertos.o
 .debug_ranges  0x00000248       0x68 build/configRover/production/_ext/351848739/sys_devcon.o
 .debug_ranges  0x000002b0       0x10 build/configRover/production/_ext/351848739/sys_devcon_pic32mx.o
 .debug_ranges  0x000002c0       0x50 build/configRover/production/_ext/474818461/sys_int_pic32.o
 .debug_ranges  0x00000310       0xe8 build/configRover/production/_ext/1139950406/sys_ports.o
 .debug_ranges  0x000003f8       0x70 build/configRover/production/_ext/184327166/croutine.o
 .debug_ranges  0x00000468       0x30 build/configRover/production/_ext/184327166/list.o
 .debug_ranges  0x00000498       0xa0 build/configRover/production/_ext/184327166/queue.o
 .debug_ranges  0x00000538      0x1a0 build/configRover/production/_ext/184327166/tasks.o
 .debug_ranges  0x000006d8       0x98 build/configRover/production/_ext/184327166/event_groups.o
 .debug_ranges  0x00000770       0x28 build/configRover/production/_ext/1818123999/heap_1.o
 .debug_ranges  0x00000798       0x48 build/configRover/production/_ext/1062886388/port.o
 .debug_ranges  0x000007e0       0x68 build/configRover/production/_ext/106981565/drv_ic_static.o
 .debug_ranges  0x00000848       0x68 build/configRover/production/_ext/64793341/drv_oc_static.o
 .debug_ranges  0x000008b0       0xc8 build/configRover/production/_ext/1797679462/drv_tmr_static.o
 .debug_ranges  0x00000978       0x38 build/configRover/production/_ext/1532176561/drv_usart_static.o
 .debug_ranges  0x000009b0       0x28 build/configRover/production/_ext/249367850/sys_clk_static.o
 .debug_ranges  0x000009d8       0x10 build/configRover/production/_ext/1926720346/sys_ports_static.o
 .debug_ranges  0x000009e8       0x10 build/configRover/production/_ext/369138285/system_init.o
 .debug_ranges  0x000009f8       0x48 build/configRover/production/_ext/369138285/system_interrupt.o
 .debug_ranges  0x00000a40       0x10 build/configRover/production/_ext/369138285/system_exceptions.o
 .debug_ranges  0x00000a50       0x28 build/configRover/production/_ext/369138285/system_tasks.o
 .debug_ranges  0x00000a78       0x90 build/configRover/production/_ext/369138285/system_interrupt_a.o
 .debug_ranges  0x00000b08       0x18 build/configRover/production/_ext/369138285/rtos_hooks.o
 .debug_ranges  0x00000b20       0x10 c:/program files (x86)/microchip/xc32/v1.40/bin/bin/../../lib/gcc/pic32mx/4.8.3/../../../../pic32mx/lib\libpic32.a(default-bootstrap-exception-handler.o)
 .debug_ranges  0x00000b30       0x10 c:/program files (x86)/microchip/xc32/v1.40/bin/bin/../../lib/gcc/pic32mx/4.8.3/../../../../pic32mx/lib\libpic32.a(default-on-reset.o)
 .debug_ranges  0x00000b40       0x10 c:/program files (x86)/microchip/xc32/v1.40/bin/bin/../../lib/gcc/pic32mx/4.8.3/../../../../pic32mx/lib\libpic32.a(default-on-bootstrap.o)
 .debug_ranges  0x00000b50       0x10 c:/program files (x86)/microchip/xc32/v1.40/bin/bin/../../lib/gcc/pic32mx/4.8.3/../../../../pic32mx/lib\libpic32.a(defaultinterrupt.o)
 .debug_ranges  0x00000b60       0x10 c:/program files (x86)/microchip/xc32/v1.40/bin/bin/../../lib/gcc/pic32mx/4.8.3/../../../../pic32mx/lib\libc.a(sprintf_cdnopuxX.eo)
 .debug_ranges  0x00000b70       0x10 c:/program files (x86)/microchip/xc32/v1.40/bin/bin/../../lib/gcc/pic32mx/4.8.3/../../../../pic32mx/lib\libc.a(doprnt_cdnopuxX.eo)
 .debug_ranges  0x00000b80       0x10 c:/program files (x86)/microchip/xc32/v1.40/bin/bin/../../lib/gcc/pic32mx/4.8.3/../../../../pic32mx/lib\libc.a(_fputc_simple.o)
 .debug_ranges  0x00000b90       0x10 c:/program files (x86)/microchip/xc32/v1.40/bin/bin/../../lib/gcc/pic32mx/4.8.3/../../../../pic32mx/lib\libc.a(_flsbuf_simple.o)
 .debug_ranges  0x00000ba0       0x10 c:/program files (x86)/microchip/xc32/v1.40/bin/bin/../../lib/gcc/pic32mx/4.8.3/../../../../pic32mx/lib\libpic32.a(write.o)
 .debug_ranges  0x00000bb0       0x10 c:/program files (x86)/microchip/xc32/v1.40/bin/bin/../../lib/gcc/pic32mx/4.8.3/../../../../pic32mx/lib\libpic32.a(_mon_putc.o)
 .debug_ranges  0x00000bc0       0x98 c:/program files (x86)/microchip/xc32/v1.40/bin/bin/../../lib/gcc/pic32mx/4.8.3\libgcc.a(_udivdi3.o)
 .debug_ranges  0x00000c58       0xd8 c:/program files (x86)/microchip/xc32/v1.40/bin/bin/../../lib/gcc/pic32mx/4.8.3\libgcc.a(_umoddi3.o)

.gnu.attributes
                0x00000000       0x10
 *(.gnu.attributes)
 .gnu.attributes
                0x00000000       0x10 build/configRover/production/_ext/1360937237/communication.o
 .gnu.attributes
                0x00000010       0x10 build/configRover/production/_ext/1360937237/motor.o
 .gnu.attributes
                0x00000020       0x10 build/configRover/production/_ext/1360937237/main.o
 .gnu.attributes
                0x00000030       0x10 build/configRover/production/_ext/1536116519/debug.o
 .gnu.attributes
                0x00000040       0x10 build/configRover/production/_ext/1360937237/timer.o
 .gnu.attributes
                0x00000050       0x10 build/configRover/production/_ext/1879384925/osal_freertos.o
 .gnu.attributes
                0x00000060       0x10 build/configRover/production/_ext/351848739/sys_devcon.o
 .gnu.attributes
                0x00000070       0x10 build/configRover/production/_ext/351848739/sys_devcon_pic32mx.o
 .gnu.attributes
                0x00000080       0x10 build/configRover/production/_ext/474818461/sys_int_pic32.o
 .gnu.attributes
                0x00000090       0x10 build/configRover/production/_ext/1139950406/sys_ports.o
 .gnu.attributes
                0x000000a0       0x10 build/configRover/production/_ext/184327166/croutine.o
 .gnu.attributes
                0x000000b0       0x10 build/configRover/production/_ext/184327166/list.o
 .gnu.attributes
                0x000000c0       0x10 build/configRover/production/_ext/184327166/queue.o
 .gnu.attributes
                0x000000d0       0x10 build/configRover/production/_ext/184327166/tasks.o
 .gnu.attributes
                0x000000e0       0x10 build/configRover/production/_ext/184327166/timers.o
 .gnu.attributes
                0x000000f0       0x10 build/configRover/production/_ext/184327166/event_groups.o
 .gnu.attributes
                0x00000100       0x10 build/configRover/production/_ext/1818123999/heap_1.o
 .gnu.attributes
                0x00000110       0x10 build/configRover/production/_ext/1062886388/port.o
 .gnu.attributes
                0x00000120       0x10 build/configRover/production/_ext/106981565/drv_ic_static.o
 .gnu.attributes
                0x00000130       0x10 build/configRover/production/_ext/64793341/drv_oc_static.o
 .gnu.attributes
                0x00000140       0x10 build/configRover/production/_ext/1797679462/drv_tmr_static.o
 .gnu.attributes
                0x00000150       0x10 build/configRover/production/_ext/1532176561/drv_usart_static.o
 .gnu.attributes
                0x00000160       0x10 build/configRover/production/_ext/249367850/sys_clk_static.o
 .gnu.attributes
                0x00000170       0x10 build/configRover/production/_ext/1926720346/sys_ports_static.o
 .gnu.attributes
                0x00000180       0x10 build/configRover/production/_ext/369138285/system_init.o
 .gnu.attributes
                0x00000190       0x10 build/configRover/production/_ext/369138285/system_interrupt.o
 .gnu.attributes
                0x000001a0       0x10 build/configRover/production/_ext/369138285/system_exceptions.o
 .gnu.attributes
                0x000001b0       0x10 build/configRover/production/_ext/369138285/system_tasks.o
 .gnu.attributes
                0x000001c0       0x10 build/configRover/production/_ext/369138285/rtos_hooks.o
 .gnu.attributes
                0x000001d0       0x10 c:/program files (x86)/microchip/xc32/v1.40/bin/bin/../../lib/gcc/pic32mx/4.8.3/../../../../pic32mx/lib\libpic32.a(default-bootstrap-exception-handler.o)
 .gnu.attributes
                0x000001e0       0x10 c:/program files (x86)/microchip/xc32/v1.40/bin/bin/../../lib/gcc/pic32mx/4.8.3/../../../../pic32mx/lib\libpic32.a(default-on-reset.o)
 .gnu.attributes
                0x000001f0       0x10 c:/program files (x86)/microchip/xc32/v1.40/bin/bin/../../lib/gcc/pic32mx/4.8.3/../../../../pic32mx/lib\libpic32.a(default-on-bootstrap.o)
 .gnu.attributes
                0x00000200       0x10 c:/program files (x86)/microchip/xc32/v1.40/bin/bin/../../lib/gcc/pic32mx/4.8.3/../../../../pic32mx/lib\libpic32.a(defaultinterrupt.o)
 .gnu.attributes
                0x00000210       0x10 c:/program files (x86)/microchip/xc32/v1.40/bin/bin/../../lib/gcc/pic32mx/4.8.3/../../../../pic32mx/lib\libc.a(sprintf_cdnopuxX.eo)
 .gnu.attributes
                0x00000220       0x10 c:/program files (x86)/microchip/xc32/v1.40/bin/bin/../../lib/gcc/pic32mx/4.8.3/../../../../pic32mx/lib\libc.a(doprnt_cdnopuxX.eo)
 .gnu.attributes
                0x00000230       0x10 c:/program files (x86)/microchip/xc32/v1.40/bin/bin/../../lib/gcc/pic32mx/4.8.3/../../../../pic32mx/lib\libc.a(_fputc_simple.o)
 .gnu.attributes
                0x00000240       0x10 c:/program files (x86)/microchip/xc32/v1.40/bin/bin/../../lib/gcc/pic32mx/4.8.3/../../../../pic32mx/lib\libc.a(ctype.o)
 .gnu.attributes
                0x00000250       0x10 c:/program files (x86)/microchip/xc32/v1.40/bin/bin/../../lib/gcc/pic32mx/4.8.3/../../../../pic32mx/lib\libc.a(_iob.o)
 .gnu.attributes
                0x00000260       0x10 c:/program files (x86)/microchip/xc32/v1.40/bin/bin/../../lib/gcc/pic32mx/4.8.3/../../../../pic32mx/lib\libc.a(_flsbuf_simple.o)
 .gnu.attributes
                0x00000270       0x10 c:/program files (x86)/microchip/xc32/v1.40/bin/bin/../../lib/gcc/pic32mx/4.8.3/../../../../pic32mx/lib\libpic32.a(write.o)
 .gnu.attributes
                0x00000280       0x10 c:/program files (x86)/microchip/xc32/v1.40/bin/bin/../../lib/gcc/pic32mx/4.8.3/../../../../pic32mx/lib\libpic32.a(_mon_putc.o)
 .gnu.attributes
                0x00000290       0x10 c:/program files (x86)/microchip/xc32/v1.40/bin/bin/../../lib/gcc/pic32mx/4.8.3/../../../../pic32mx/lib\libpic32.a(xc32_uart.o)