
Optional file libmchp_peripheral.a not found

Optional file libmchp_peripheral_32MX795F512L.a not found
Archive member included because of file (symbol)

c:/program files (x86)/microchip/xc32/v1.40/bin/bin/../../lib/gcc/pic32mx/4.8.3/../../../../pic32mx/lib\libpic32.a(memcpy.o)
                              build/configRover/debug/_ext/184327166/queue.o (memcpy)
c:/program files (x86)/microchip/xc32/v1.40/bin/bin/../../lib/gcc/pic32mx/4.8.3/../../../../pic32mx/lib\libpic32.a(memset.o)
                              build/configRover/debug/_ext/184327166/tasks.o (memset)
c:/program files (x86)/microchip/xc32/v1.40/bin/bin/../../lib/gcc/pic32mx/4.8.3/../../../../pic32mx/lib\libpic32.a(default-bootstrap-exception-handler.o)
                              c:/program files (x86)/microchip/xc32/v1.40/bin/bin/../../lib/gcc/pic32mx/4.8.3/../../../../pic32mx/lib/./proc/32MX795F512L/crt0_mips32r2.o (_bootstrap_exception_handler)
c:/program files (x86)/microchip/xc32/v1.40/bin/bin/../../lib/gcc/pic32mx/4.8.3/../../../../pic32mx/lib\libpic32.a(default-on-reset.o)
                              c:/program files (x86)/microchip/xc32/v1.40/bin/bin/../../lib/gcc/pic32mx/4.8.3/../../../../pic32mx/lib/./proc/32MX795F512L/crt0_mips32r2.o (_on_reset)
c:/program files (x86)/microchip/xc32/v1.40/bin/bin/../../lib/gcc/pic32mx/4.8.3/../../../../pic32mx/lib\libpic32.a(default-on-bootstrap.o)
                              c:/program files (x86)/microchip/xc32/v1.40/bin/bin/../../lib/gcc/pic32mx/4.8.3/../../../../pic32mx/lib/./proc/32MX795F512L/crt0_mips32r2.o (_on_bootstrap)
c:/program files (x86)/microchip/xc32/v1.40/bin/bin/../../lib/gcc/pic32mx/4.8.3/../../../../pic32mx/lib\libpic32.a(default-nmi-handler.o)
                              c:/program files (x86)/microchip/xc32/v1.40/bin/bin/../../lib/gcc/pic32mx/4.8.3/../../../../pic32mx/lib/./proc/32MX795F512L/crt0_mips32r2.o (_nmi_handler)
c:/program files (x86)/microchip/xc32/v1.40/bin/bin/../../lib/gcc/pic32mx/4.8.3/../../../../pic32mx/lib\libpic32.a(general-exception.o)
                              c:/program files (x86)/microchip/xc32/v1.40/bin/bin/../../lib/gcc/pic32mx/4.8.3/../../../../pic32mx/lib/./proc/32MX795F512L/crt0_mips32r2.o (_general_exception_context)
c:/program files (x86)/microchip/xc32/v1.40/bin/bin/../../lib/gcc/pic32mx/4.8.3/../../../../pic32mx/lib\libpic32.a(vector0.o)
                              c:/program files (x86)/microchip/xc32/v1.40/bin/bin/../../lib/gcc/pic32mx/4.8.3/../../../../pic32mx/lib/./proc/32MX795F512L\default_isr_vectors.o (__vector_dispatch_0)
c:/program files (x86)/microchip/xc32/v1.40/bin/bin/../../lib/gcc/pic32mx/4.8.3/../../../../pic32mx/lib\libpic32.a(vector2.o)
                              c:/program files (x86)/microchip/xc32/v1.40/bin/bin/../../lib/gcc/pic32mx/4.8.3/../../../../pic32mx/lib/./proc/32MX795F512L\default_isr_vectors.o (__vector_dispatch_2)
c:/program files (x86)/microchip/xc32/v1.40/bin/bin/../../lib/gcc/pic32mx/4.8.3/../../../../pic32mx/lib\libpic32.a(vector3.o)
                              c:/program files (x86)/microchip/xc32/v1.40/bin/bin/../../lib/gcc/pic32mx/4.8.3/../../../../pic32mx/lib/./proc/32MX795F512L\default_isr_vectors.o (__vector_dispatch_3)
c:/program files (x86)/microchip/xc32/v1.40/bin/bin/../../lib/gcc/pic32mx/4.8.3/../../../../pic32mx/lib\libpic32.a(vector6.o)
                              c:/program files (x86)/microchip/xc32/v1.40/bin/bin/../../lib/gcc/pic32mx/4.8.3/../../../../pic32mx/lib/./proc/32MX795F512L\default_isr_vectors.o (__vector_dispatch_6)
c:/program files (x86)/microchip/xc32/v1.40/bin/bin/../../lib/gcc/pic32mx/4.8.3/../../../../pic32mx/lib\libpic32.a(vector7.o)
                              c:/program files (x86)/microchip/xc32/v1.40/bin/bin/../../lib/gcc/pic32mx/4.8.3/../../../../pic32mx/lib/./proc/32MX795F512L\default_isr_vectors.o (__vector_dispatch_7)
c:/program files (x86)/microchip/xc32/v1.40/bin/bin/../../lib/gcc/pic32mx/4.8.3/../../../../pic32mx/lib\libpic32.a(vector10.o)
                              c:/program files (x86)/microchip/xc32/v1.40/bin/bin/../../lib/gcc/pic32mx/4.8.3/../../../../pic32mx/lib/./proc/32MX795F512L\default_isr_vectors.o (__vector_dispatch_10)
c:/program files (x86)/microchip/xc32/v1.40/bin/bin/../../lib/gcc/pic32mx/4.8.3/../../../../pic32mx/lib\libpic32.a(vector11.o)
                              c:/program files (x86)/microchip/xc32/v1.40/bin/bin/../../lib/gcc/pic32mx/4.8.3/../../../../pic32mx/lib/./proc/32MX795F512L\default_isr_vectors.o (__vector_dispatch_11)
c:/program files (x86)/microchip/xc32/v1.40/bin/bin/../../lib/gcc/pic32mx/4.8.3/../../../../pic32mx/lib\libpic32.a(vector13.o)
                              c:/program files (x86)/microchip/xc32/v1.40/bin/bin/../../lib/gcc/pic32mx/4.8.3/../../../../pic32mx/lib/./proc/32MX795F512L\default_isr_vectors.o (__vector_dispatch_13)
c:/program files (x86)/microchip/xc32/v1.40/bin/bin/../../lib/gcc/pic32mx/4.8.3/../../../../pic32mx/lib\libpic32.a(vector14.o)
[...]
Memory Configuration

Name             Origin             Length             Attributes
kseg0_data_mem   0x80000000         0x00000200
kseg1_data_mem   0xa0000000         0x00020000         w !x
kseg0_boot_mem   0x9fc00490         0x00000970
kseg1_boot_mem   0xbfc00000         0x00000490
kseg0_program_mem 0x9d000000         0x00080000         xr
exception_mem    0x9fc01000         0x00001000
debug_exec_mem   0xbfc02000         0x00000ff0
config3          0xbfc02ff0         0x00000004
config2          0xbfc02ff4         0x00000004
config1          0xbfc02ff8         0x00000004
config0          0xbfc02ffc         0x00000004
sfrs             0xbf800000         0x00100000
configsfrs       0xbfc02ff0         0x00000010
*default*        0x00000000         0xffffffff

Linker script and memory map


reserve_data_0_kseg0
                0x80000000      0x200
                0x80000000        0x2 SHORT 0x0
                0x000001fd                . = 0x1fd
 *fill*         0x80000002      0x1fb 
                0x80000200                . = ALIGN (0x4)
 *fill*         0x800001fd        0x3 

reserve_data_0_kseg1
                0xa0000000      0x200
                0xa0000000        0x2 SHORT 0x0
                0x000001fd                . = 0x1fd
 *fill*         0xa0000002      0x1fb 
                0xa0000200                . = ALIGN (0x4)
 *fill*         0xa00001fd        0x3 

reserve_boot_0x1fc02000_kseg0
                0x9fc02000      0xff0
                0x9fc02000        0x2 SHORT 0x0
                0x00000500                . = 0x500
 *fill*         0x9fc02002      0x4fe 
                0x9fc02500                . = ALIGN (0x4)
                0x9fc02500        0x2 SHORT 0x0
                0x00000ff0                . = 0xff0
 *fill*         0x9fc02502      0xaee 
                0x9fc02ff0                . = ALIGN (0x4)

reserve_boot_0x1fc02000_kseg1
                0xbfc02000      0xff0
                0xbfc02000        0x2 SHORT 0x0
                0x00000500                . = 0x500
 *fill*         0xbfc02002      0x4fe 
                0xbfc02500                . = ALIGN (0x4)
                0xbfc02500        0x2 SHORT 0x0
                0x00000ff0                . = 0xff0
 *fill*         0xbfc02502      0xaee 
                0xbfc02ff0                . = ALIGN (0x4)
LOAD c:/program files (x86)/microchip/xc32/v1.40/bin/bin/../../lib/gcc/pic32mx/4.8.3/../../../../pic32mx/lib/./proc/32MX795F512L/crt0_mips32r2.o
LOAD c:/program files (x86)/microchip/xc32/v1.40/bin/bin/../../lib/gcc/pic32mx/4.8.3/../../../../pic32mx/lib\software-debug-break.o
LOAD build/configRover/debug/_ext/106981565/drv_ic_static.o
LOAD build/configRover/debug/_ext/64793341/drv_oc_static.o
LOAD build/configRover/debug/_ext/1797679462/drv_tmr_static.o
LOAD build/configRover/debug/_ext/1532176561/drv_usart_static.o
LOAD build/configRover/debug/_ext/249367850/sys_clk_static.o
LOAD build/configRover/debug/_ext/1926720346/sys_ports_static.o
LOAD build/configRover/debug/_ext/369138285/system_init.o
LOAD build/configRover/debug/_ext/369138285/system_interrupt.o
LOAD build/configRover/debug/_ext/369138285/system_exceptions.o
LOAD build/configRover/debug/_ext/369138285/system_tasks.o
LOAD build/configRover/debug/_ext/369138285/system_interrupt_a.o
LOAD build/configRover/debug/_ext/369138285/rtos_hooks.o
LOAD build/configRover/debug/_ext/1360937237/communication.o
LOAD build/configRover/debug/_ext/1360937237/motor.o
LOAD build/configRover/debug/_ext/1360937237/main.o
LOAD build/configRover/debug/_ext/1879384925/osal_freertos.o
LOAD build/configRover/debug/_ext/351848739/sys_devcon.o
LOAD build/configRover/debug/_ext/351848739/sys_devcon_pic32mx.o
LOAD build/configRover/debug/_ext/474818461/sys_int_pic32.o
LOAD build/configRover/debug/_ext/1139950406/sys_ports.o
LOAD build/configRover/debug/_ext/1818123999/heap_1.o
LOAD build/configRover/debug/_ext/1062886388/port.o
LOAD build/configRover/debug/_ext/1062886388/port_asm.o
LOAD build/configRover/debug/_ext/184327166/croutine.o
LOAD build/configRover/debug/_ext/184327166/list.o
LOAD build/configRover/debug/_ext/184327166/queue.o
LOAD build/configRover/debug/_ext/184327166/tasks.o
LOAD build/configRover/debug/_ext/184327166/timers.o
LOAD build/configRover/debug/_ext/184327166/event_groups.o
LOAD build/configRover/debug/_ext/1536116519/debug.o
LOAD build/configRover/debug/_ext/1360937237/timer.o
LOAD ..\..\..\..\microchip\harmony\v1_05\bin\framework\peripheral\PIC32MX795F512L_peripherals.a
                0x00000001                __MPLAB_BUILD = 0x1
                0x00000001                __MPLAB_DEBUG = 0x1
                0x00000001                __DEBUG = 0x1
                0x00000001                __MPLAB_DEBUGGER_PK3 = 0x1
                0x00000000                _min_heap_size = 0x0
LOAD c:/program files (x86)/microchip/xc32/v1.40/bin/bin/../../lib/gcc/pic32mx/4.8.3/../../../../pic32mx/lib/./proc/32MX795F512L\default_isr_vectors.o
LOAD c:/program files (x86)/microchip/xc32/v1.40/bin/bin/../../lib/gcc/pic32mx/4.8.3/../../../../pic32mx/lib\pic32_software_reset.o
                0x00000400                PROVIDE (_min_stack_size, 0x400)
LOAD c:/program files (x86)/microchip/xc32/v1.40/bin/bin/../../lib/gcc/pic32mx/4.8.3/../../../../pic32mx/lib/./proc/32MX795F512L\processor.o
START GROUP
LOAD libmchp_peripheral.a
END GROUP
START GROUP
LOAD libmchp_peripheral_32MX795F512L.a
END GROUP
                0x00000001                PROVIDE (_vector_spacing, 0x1)
                0x9fc01000                _ebase_address = 0x9fc01000
                0xbfc00000                _RESET_ADDR = 0xbfc00000
                0xbfc00380                _BEV_EXCPT_ADDR = 0xbfc00380
                0xbfc00480                _DBG_EXCPT_ADDR = 0xbfc00480
                0xbfc02000                _DBG_CODE_ADDR = 0xbfc02000
                0x00000ff0                _DBG_CODE_SIZE = 0xff0
                0x9fc01180                _GEN_EXCPT_ADDR = (_ebase_address + 0x180)

.config_BFC02FF0
                0xbfc02ff0        0x4
 *(.config_BFC02FF0)
 .config_BFC02FF0
                0xbfc02ff0        0x4 build/configRover/debug/_ext/369138285/system_init.o

.config_BFC02FF4
                0xbfc02ff4        0x4
 *(.config_BFC02FF4)
 .config_BFC02FF4
                0xbfc02ff4        0x4 build/configRover/debug/_ext/369138285/system_init.o

.config_BFC02FF8
                0xbfc02ff8        0x4
 *(.config_BFC02FF8)
 .config_BFC02FF8
                0xbfc02ff8        0x4 build/configRover/debug/_ext/369138285/system_init.o

.config_BFC02FFC
                0xbfc02ffc        0x4
 *(.config_BFC02FFC)
 .config_BFC02FFC
                0xbfc02ffc        0x4 build/configRover/debug/_ext/369138285/system_init.o
                0xbfc02000                PROVIDE (_DBG_CODE_ADDR, 0xbfc02000)
                0x00000ff0                PROVIDE (_DBG_CODE_SIZE, 0xff0)

.reset          0xbfc00000      0x1f4
 *(.reset)
 .reset         0xbfc00000        0x8 c:/program files (x86)/microchip/xc32/v1.40/bin/bin/../../lib/gcc/pic32mx/4.8.3/../../../../pic32mx/lib/./proc/32MX795F512L/crt0_mips32r2.o
                0xbfc00000                _reset
 *(.reset.startup)
 .reset.startup
                0xbfc00008      0x1ec c:/program files (x86)/microchip/xc32/v1.40/bin/bin/../../lib/gcc/pic32mx/4.8.3/../../../../pic32mx/lib/./proc/32MX795F512L/crt0_mips32r2.o

.bev_excpt      0xbfc00380       0x10
 *(.bev_handler)
 .bev_handler   0xbfc00380       0x10 c:/program files (x86)/microchip/xc32/v1.40/bin/bin/../../lib/gcc/pic32mx/4.8.3/../../../../pic32mx/lib/./proc/32MX795F512L/crt0_mips32r2.o

.dbg_excpt      0xbfc00480        0x0
                0xbfc00480                . = (. + DEFINED (_DEBUGGER)?0x8:0x0)

.dbg_code       0xbfc02000        0x0
                0xbfc02000                . = (. + DEFINED (_DEBUGGER)?_DBG_CODE_SIZE:0x0)

.app_excpt      0x9fc01180       0x10
 *(.gen_handler)
 .gen_handler   0x9fc01180       0x10 c:/program files (x86)/microchip/xc32/v1.40/bin/bin/../../lib/gcc/pic32mx/4.8.3/../../../../pic32mx/lib/./proc/32MX795F512L/crt0_mips32r2.o

.vector_0       0x9fc01200        0x8
 *(.vector_0)
 .vector_0      0x9fc01200        0x8 c:/program files (x86)/microchip/xc32/v1.40/bin/bin/../../lib/gcc/pic32mx/4.8.3/../../../../pic32mx/lib\libpic32.a(vector0.o)
                0x9fc01200                __vector_dispatch_0
                0x00000001                ASSERT (((_vector_spacing == 0x0) || (SIZEOF (.vector_0) <= (_vector_spacing << 0x5))), function at exception vector 0 too large)

.vector_1       0x9fc01220        0x8
 *(.vector_1)
 .vector_1      0x9fc01220        0x8 build/configRover/debug/_ext/1062886388/port.o
                0x9fc01220                __vector_dispatch_1
                0x00000001                ASSERT (((_vector_spacing == 0x0) || (SIZEOF (.vector_1) <= (_vector_spacing << 0x5))), function at exception vector 1 too large)

.vector_2       0x9fc01240        0x8
 *(.vector_2)
 .vector_2      0x9fc01240        0x8 c:/program files (x86)/microchip/xc32/v1.40/bin/bin/../../lib/gcc/pic32mx/4.8.3/../../../../pic32mx/lib\libpic32.a(vector2.o)
                0x9fc01240                __vector_dispatch_2
                0x00000001                ASSERT (((_vector_spacing == 0x0) || (SIZEOF (.vector_2) <= (_vector_spacing << 0x5))), function at exception vector 2 too large)

.vector_3       0x9fc01260        0x8
 *(.vector_3)
 .vector_3      0x9fc01260        0x8 c:/program files (x86)/microchip/xc32/v1.40/bin/bin/../../lib/gcc/pic32mx/4.8.3/../../../../pic32mx/lib\libpic32.a(vector3.o)
                0x9fc01260                __vector_dispatch_3
                0x00000001                ASSERT (((_vector_spacing == 0x0) || (SIZEOF (.vector_3) <= (_vector_spacing << 0x5))), function at exception vector 3 too large)

.vector_4       0x9fc01280        0x8
 *(.vector_4)
 .vector_4      0x9fc01280        0x8 build/configRover/debug/_ext/1062886388/port.o
                0x9fc01280                __vector_dispatch_4
                0x00000001                ASSERT (((_vector_spacing == 0x0) || (SIZEOF (.vector_4) <= (_vector_spacing << 0x5))), function at exception vector 4 too large)

.vector_5       0x9fc012a0       0x10
 *(.vector_5)
 .vector_5      0x9fc012a0       0x10 build/configRover/debug/_ext/369138285/system_interrupt_a.o
                0x9fc012a0                __vector_dispatch_5
                0x00000001                ASSERT (((_vector_spacing == 0x0) || (SIZEOF (.vector_5) <= (_vector_spacing << 0x5))), function at exception vector 5 too large)

.vector_6       0x9fc012c0        0x8
 *(.vector_6)
 .vector_6      0x9fc012c0        0x8 c:/program files (x86)/microchip/xc32/v1.40/bin/bin/../../lib/gcc/pic32mx/4.8.3/../../../../pic32mx/lib\libpic32.a(vector6.o)
                0x9fc012c0                __vector_dispatch_6
                0x00000001                ASSERT (((_vector_spacing == 0x0) || (SIZEOF (.vector_6) <= (_vector_spacing << 0x5))), function at exception vector 6 too large)

.vector_7       0x9fc012e0        0x8
 *(.vector_7)
 .vector_7      0x9fc012e0        0x8 c:/program files (x86)/microchip/xc32/v1.40/bin/bin/../../lib/gcc/pic32mx/4.8.3/../../../../pic32mx/lib\libpic32.a(vector7.o)
                0x9fc012e0                __vector_dispatch_7
                0x00000001                ASSERT (((_vector_spacing == 0x0) || (SIZEOF (.vector_7) <= (_vector_spacing << 0x5))), function at exception vector 7 too large)

.vector_8       0x9fc01300       0x10
 *(.vector_8)
 .vector_8      0x9fc01300       0x10 build/configRover/debug/_ext/369138285/system_interrupt_a.o
                0x9fc01300                __vector_dispatch_8
                0x00000001                ASSERT (((_vector_spacing == 0x0) || (SIZEOF (.vector_8) <= (_vector_spacing << 0x5))), function at exception vector 8 too large)

.vector_9       0x9fc01320       0x10
 *(.vector_9)
 .vector_9      0x9fc01320       0x10 build/configRover/debug/_ext/369138285/system_interrupt_a.o
                0x9fc01320                __vector_dispatch_9
                0x00000001                ASSERT (((_vector_spacing == 0x0) || (SIZEOF (.vector_9) <= (_vector_spacing << 0x5))), function at exception vector 9 too large)

.vector_10      0x9fc01340        0x8
 *(.vector_10)
 .vector_10     0x9fc01340        0x8 c:/program files (x86)/microchip/xc32/v1.40/bin/bin/../../lib/gcc/pic32mx/4.8.3/../../../../pic32mx/lib\libpic32.a(vector10.o)
                0x9fc01340                __vector_dispatch_10
                0x00000001                ASSERT (((_vector_spacing == 0x0) || (SIZEOF (.vector_10) <= (_vector_spacing << 0x5))), function at exception vector 10 too large)

.vector_11      0x9fc01360        0x8
 *(.vector_11)
 .vector_11     0x9fc01360        0x8 c:/program files (x86)/microchip/xc32/v1.40/bin/bin/../../lib/gcc/pic32mx/4.8.3/../../../../pic32mx/lib\libpic32.a(vector11.o)
                0x9fc01360                __vector_dispatch_11
                0x00000001                ASSERT (((_vector_spacing == 0x0) || (SIZEOF (.vector_11) <= (_vector_spacing << 0x5))), function at exception vector 11 too large)

.vector_12      0x9fc01380       0x10
 *(.vector_12)
 .vector_12     0x9fc01380       0x10 build/configRover/debug/_ext/369138285/system_interrupt_a.o
                0x9fc01380                __vector_dispatch_12
                0x00000001                ASSERT (((_vector_spacing == 0x0) || (SIZEOF (.vector_12) <= (_vector_spacing << 0x5))), function at exception vector 12 too large)

.vector_13      0x9fc013a0        0x8
 *(.vector_13)
 .vector_13     0x9fc013a0        0x8 c:/program files (x86)/microchip/xc32/v1.40/bin/bin/../../lib/gcc/pic32mx/4.8.3/../../../../pic32mx/lib\libpic32.a(vector13.o)
                0x9fc013a0                __vector_dispatch_13
                0x00000001                ASSERT (((_vector_spacing == 0x0) || (SIZEOF (.vector_13) <= (_vector_spacing << 0x5))), function at exception vector 13 too large)

.vector_14      0x9fc013c0        0x8
 *(.vector_14)
 .vector_14     0x9fc013c0        0x8 c:/program files (x86)/microchip/xc32/v1.40/bin/bin/../../lib/gcc/pic32mx/4.8.3/../../../../pic32mx/lib\libpic32.a(vector14.o)
                0x9fc013c0                __vector_dispatch_14
                0x00000001                ASSERT (((_vector_spacing == 0x0) || (SIZEOF (.vector_14) <= (_vector_spacing << 0x5))), function at exception vector 14 too large)

.vector_15      0x9fc013e0        0x8
 *(.vector_15)
 .vector_15     0x9fc013e0        0x8 c:/program files (x86)/microchip/xc32/v1.40/bin/bin/../../lib/gcc/pic32mx/4.8.3/../../../../pic32mx/lib\libpic32.a(vector15.o)
                0x9fc013e0                __vector_dispatch_15
                0x00000001                ASSERT (((_vector_spacing == 0x0) || (SIZEOF (.vector_15) <= (_vector_spacing << 0x5))), function at exception vector 15 too large)

.vector_16      0x9fc01400        0x8
 *(.vector_16)
 .vector_16     0x9fc01400        0x8 c:/program files (x86)/microchip/xc32/v1.40/bin/bin/../../lib/gcc/pic32mx/4.8.3/../../../../pic32mx/lib\libpic32.a(vector16.o)
                0x9fc01400                __vector_dispatch_16
                0x00000001                ASSERT (((_vector_spacing == 0x0) || (SIZEOF (.vector_16) <= (_vector_spacing << 0x5))), function at exception vector 16 too large)

.vector_17      0x9fc01420        0x8
 *(.vector_17)
 .vector_17     0x9fc01420        0x8 c:/program files (x86)/microchip/xc32/v1.40/bin/bin/../../lib/gcc/pic32mx/4.8.3/../../../../pic32mx/lib\libpic32.a(vector17.o)
                0x9fc01420                __vector_dispatch_17
                0x00000001                ASSERT (((_vector_spacing == 0x0) || (SIZEOF (.vector_17) <= (_vector_spacing << 0x5))), function at exception vector 17 too large)

.vector_18      0x9fc01440        0x8
 *(.vector_18)
 .vector_18     0x9fc01440        0x8 c:/program files (x86)/microchip/xc32/v1.40/bin/bin/../../lib/gcc/pic32mx/4.8.3/../../../../pic32mx/lib\libpic32.a(vector18.o)
                0x9fc01440                __vector_dispatch_18
                0x00000001                ASSERT (((_vector_spacing == 0x0) || (SIZEOF (.vector_18) <= (_vector_spacing << 0x5))), function at exception vector 18 too large)

.vector_19      0x9fc01460        0x8
 *(.vector_19)
 .vector_19     0x9fc01460        0x8 c:/program files (x86)/microchip/xc32/v1.40/bin/bin/../../lib/gcc/pic32mx/4.8.3/../../../../pic32mx/lib\libpic32.a(vector19.o)
                0x9fc01460                __vector_dispatch_19
                0x00000001                ASSERT (((_vector_spacing == 0x0) || (SIZEOF (.vector_19) <= (_vector_spacing << 0x5))), function at exception vector 19 too large)

.vector_20      0x9fc01480        0x8
 *(.vector_20)
 .vector_20     0x9fc01480        0x8 c:/program files (x86)/microchip/xc32/v1.40/bin/bin/../../lib/gcc/pic32mx/4.8.3/../../../../pic32mx/lib\libpic32.a(vector20.o)
                0x9fc01480                __vector_dispatch_20
                0x00000001                ASSERT (((_vector_spacing == 0x0) || (SIZEOF (.vector_20) <= (_vector_spacing << 0x5))), function at exception vector 20 too large)

.vector_21      0x9fc014a0        0x8
 *(.vector_21)
 .vector_21     0x9fc014a0        0x8 c:/program files (x86)/microchip/xc32/v1.40/bin/bin/../../lib/gcc/pic32mx/4.8.3/../../../../pic32mx/lib\libpic32.a(vector21.o)
                0x9fc014a0                __vector_dispatch_21
                0x00000001                ASSERT (((_vector_spacing == 0x0) || (SIZEOF (.vector_21) <= (_vector_spacing << 0x5))), function at exception vector 21 too large)

.vector_22      0x9fc014c0        0x8
 *(.vector_22)
 .vector_22     0x9fc014c0        0x8 c:/program files (x86)/microchip/xc32/v1.40/bin/bin/../../lib/gcc/pic32mx/4.8.3/../../../../pic32mx/lib\libpic32.a(vector22.o)
                0x9fc014c0                __vector_dispatch_22
                0x00000001                ASSERT (((_vector_spacing == 0x0) || (SIZEOF (.vector_22) <= (_vector_spacing << 0x5))), function at exception vector 22 too large)

.vector_23      0x9fc014e0        0x8
 *(.vector_23)
 .vector_23     0x9fc014e0        0x8 c:/program files (x86)/microchip/xc32/v1.40/bin/bin/../../lib/gcc/pic32mx/4.8.3/../../../../pic32mx/lib\libpic32.a(vector23.o)
                0x9fc014e0                __vector_dispatch_23
                0x00000001                ASSERT (((_vector_spacing == 0x0) || (SIZEOF (.vector_23) <= (_vector_spacing << 0x5))), function at exception vector 23 too large)

.vector_24      0x9fc01500       0x10
 *(.vector_24)
 .vector_24     0x9fc01500       0x10 build/configRover/debug/_ext/369138285/system_interrupt_a.o
                0x9fc01500                __vector_dispatch_24
                0x00000001                ASSERT (((_vector_spacing == 0x0) || (SIZEOF (.vector_24) <= (_vector_spacing << 0x5))), function at exception vector 24 too large)

.vector_25      0x9fc01520        0x8
 *(.vector_25)
 .vector_25     0x9fc01520        0x8 c:/program files (x86)/microchip/xc32/v1.40/bin/bin/../../lib/gcc/pic32mx/4.8.3/../../../../pic32mx/lib\libpic32.a(vector25.o)
                0x9fc01520                __vector_dispatch_25
                0x00000001                ASSERT (((_vector_spacing == 0x0) || (SIZEOF (.vector_25) <= (_vector_spacing << 0x5))), function at exception vector 25 too large)

.vector_26      0x9fc01540        0x8
 *(.vector_26)
 .vector_26     0x9fc01540        0x8 c:/program files (x86)/microchip/xc32/v1.40/bin/bin/../../lib/gcc/pic32mx/4.8.3/../../../../pic32mx/lib\libpic32.a(vector26.o)
                0x9fc01540                __vector_dispatch_26
                0x00000001                ASSERT (((_vector_spacing == 0x0) || (SIZEOF (.vector_26) <= (_vector_spacing << 0x5))), function at exception vector 26 too large)

.vector_27      0x9fc01560        0x8
 *(.vector_27)
 .vector_27     0x9fc01560        0x8 c:/program files (x86)/microchip/xc32/v1.40/bin/bin/../../lib/gcc/pic32mx/4.8.3/../../../../pic32mx/lib\libpic32.a(vector27.o)
                0x9fc01560                __vector_dispatch_27
                0x00000001                ASSERT (((_vector_spacing == 0x0) || (SIZEOF (.vector_27) <= (_vector_spacing << 0x5))), function at exception vector 27 too large)

.vector_28      0x9fc01580        0x8
 *(.vector_28)
 .vector_28     0x9fc01580        0x8 c:/program files (x86)/microchip/xc32/v1.40/bin/bin/../../lib/gcc/pic32mx/4.8.3/../../../../pic32mx/lib\libpic32.a(vector28.o)
                0x9fc01580                __vector_dispatch_28
                0x00000001                ASSERT (((_vector_spacing == 0x0) || (SIZEOF (.vector_28) <= (_vector_spacing << 0x5))), function at exception vector 28 too large)

.vector_29      0x9fc015a0        0x8
 *(.vector_29)
 .vector_29     0x9fc015a0        0x8 c:/program files (x86)/microchip/xc32/v1.40/bin/bin/../../lib/gcc/pic32mx/4.8.3/../../../../pic32mx/lib\libpic32.a(vector29.o)
                0x9fc015a0                __vector_dispatch_29
                0x00000001                ASSERT (((_vector_spacing == 0x0) || (SIZEOF (.vector_29) <= (_vector_spacing << 0x5))), function at exception vector 29 too large)

.vector_30      0x9fc015c0        0x8
 *(.vector_30)
 .vector_30     0x9fc015c0        0x8 c:/program files (x86)/microchip/xc32/v1.40/bin/bin/../../lib/gcc/pic32mx/4.8.3/../../../../pic32mx/lib\libpic32.a(vector30.o)
                0x9fc015c0                __vector_dispatch_30
                0x00000001                ASSERT (((_vector_spacing == 0x0) || (SIZEOF (.vector_30) <= (_vector_spacing << 0x5))), function at exception vector 30 too large)

.vector_31      0x9fc015e0        0x8
 *(.vector_31)
 .vector_31     0x9fc015e0        0x8 c:/program files (x86)/microchip/xc32/v1.40/bin/bin/../../lib/gcc/pic32mx/4.8.3/../../../../pic32mx/lib\libpic32.a(vector31.o)
                0x9fc015e0                __vector_dispatch_31
                0x00000001                ASSERT (((_vector_spacing == 0x0) || (SIZEOF (.vector_31) <= (_vector_spacing << 0x5))), function at exception vector 31 too large)

.vector_32      0x9fc01600       0x10
 *(.vector_32)
 .vector_32     0x9fc01600       0x10 build/configRover/debug/_ext/369138285/system_interrupt_a.o
                0x9fc01600                __vector_dispatch_32
                0x00000001                ASSERT (((_vector_spacing == 0x0) || (SIZEOF (.vector_32) <= (_vector_spacing << 0x5))), function at exception vector 32 too large)

.vector_33      0x9fc01620        0x8
 *(.vector_33)
 .vector_33     0x9fc01620        0x8 c:/program files (x86)/microchip/xc32/v1.40/bin/bin/../../lib/gcc/pic32mx/4.8.3/../../../../pic32mx/lib\libpic32.a(vector33.o)
                0x9fc01620                __vector_dispatch_33
                0x00000001                ASSERT (((_vector_spacing == 0x0) || (SIZEOF (.vector_33) <= (_vector_spacing << 0x5))), function at exception vector 33 too large)

.vector_34      0x9fc01640        0x8
 *(.vector_34)
 .vector_34     0x9fc01640        0x8 c:/program files (x86)/microchip/xc32/v1.40/bin/bin/../../lib/gcc/pic32mx/4.8.3/../../../../pic32mx/lib\libpic32.a(vector34.o)
                0x9fc01640                __vector_dispatch_34
                0x00000001                ASSERT (((_vector_spacing == 0x0) || (SIZEOF (.vector_34) <= (_vector_spacing << 0x5))), function at exception vector 34 too large)

.vector_35      0x9fc01660        0x8
 *(.vector_35)
 .vector_35     0x9fc01660        0x8 c:/program files (x86)/microchip/xc32/v1.40/bin/bin/../../lib/gcc/pic32mx/4.8.3/../../../../pic32mx/lib\libpic32.a(vector35.o)
                0x9fc01660                __vector_dispatch_35
                0x00000001                ASSERT (((_vector_spacing == 0x0) || (SIZEOF (.vector_35) <= (_vector_spacing << 0x5))), function at exception vector 35 too large)

.vector_36      0x9fc01680        0x8
 *(.vector_36)
 .vector_36     0x9fc01680        0x8 c:/program files (x86)/microchip/xc32/v1.40/bin/bin/../../lib/gcc/pic32mx/4.8.3/../../../../pic32mx/lib\libpic32.a(vector36.o)
                0x9fc01680                __vector_dispatch_36
                0x00000001                ASSERT (((_vector_spacing == 0x0) || (SIZEOF (.vector_36) <= (_vector_spacing << 0x5))), function at exception vector 36 too large)

.vector_37      0x9fc016a0        0x8
 *(.vector_37)
 .vector_37     0x9fc016a0        0x8 c:/program files (x86)/microchip/xc32/v1.40/bin/bin/../../lib/gcc/pic32mx/4.8.3/../../../../pic32mx/lib\libpic32.a(vector37.o)
                0x9fc016a0                __vector_dispatch_37
                0x00000001                ASSERT (((_vector_spacing == 0x0) || (SIZEOF (.vector_37) <= (_vector_spacing << 0x5))), function at exception vector 37 too large)

.vector_38      0x9fc016c0        0x8
 *(.vector_38)
 .vector_38     0x9fc016c0        0x8 c:/program files (x86)/microchip/xc32/v1.40/bin/bin/../../lib/gcc/pic32mx/4.8.3/../../../../pic32mx/lib\libpic32.a(vector38.o)
                0x9fc016c0                __vector_dispatch_38
                0x00000001                ASSERT (((_vector_spacing == 0x0) || (SIZEOF (.vector_38) <= (_vector_spacing << 0x5))), function at exception vector 38 too large)

.vector_39      0x9fc016e0        0x8
 *(.vector_39)
 .vector_39     0x9fc016e0        0x8 c:/program files (x86)/microchip/xc32/v1.40/bin/bin/../../lib/gcc/pic32mx/4.8.3/../../../../pic32mx/lib\libpic32.a(vector39.o)
                0x9fc016e0                __vector_dispatch_39
                0x00000001                ASSERT (((_vector_spacing == 0x0) || (SIZEOF (.vector_39) <= (_vector_spacing << 0x5))), function at exception vector 39 too large)

.vector_40      0x9fc01700        0x8
 *(.vector_40)
 .vector_40     0x9fc01700        0x8 c:/program files (x86)/microchip/xc32/v1.40/bin/bin/../../lib/gcc/pic32mx/4.8.3/../../../../pic32mx/lib\libpic32.a(vector40.o)
                0x9fc01700                __vector_dispatch_40
                0x00000001                ASSERT (((_vector_spacing == 0x0) || (SIZEOF (.vector_40) <= (_vector_spacing << 0x5))), function at exception vector 40 too large)

.vector_41      0x9fc01720        0x8
 *(.vector_41)
 .vector_41     0x9fc01720        0x8 c:/program files (x86)/microchip/xc32/v1.40/bin/bin/../../lib/gcc/pic32mx/4.8.3/../../../../pic32mx/lib\libpic32.a(vector41.o)
                0x9fc01720                __vector_dispatch_41
                0x00000001                ASSERT (((_vector_spacing == 0x0) || (SIZEOF (.vector_41) <= (_vector_spacing << 0x5))), function at exception vector 41 too large)

.vector_42      0x9fc01740        0x8
 *(.vector_42)
 .vector_42     0x9fc01740        0x8 c:/program files (x86)/microchip/xc32/v1.40/bin/bin/../../lib/gcc/pic32mx/4.8.3/../../../../pic32mx/lib\libpic32.a(vector42.o)
                0x9fc01740                __vector_dispatch_42
                0x00000001                ASSERT (((_vector_spacing == 0x0) || (SIZEOF (.vector_42) <= (_vector_spacing << 0x5))), function at exception vector 42 too large)

.vector_43      0x9fc01760        0x8
 *(.vector_43)
 .vector_43     0x9fc01760        0x8 c:/program files (x86)/microchip/xc32/v1.40/bin/bin/../../lib/gcc/pic32mx/4.8.3/../../../../pic32mx/lib\libpic32.a(vector43.o)
                0x9fc01760                __vector_dispatch_43
                0x00000001                ASSERT (((_vector_spacing == 0x0) || (SIZEOF (.vector_43) <= (_vector_spacing << 0x5))), function at exception vector 43 too large)

.vector_44      0x9fc01780        0x8
 *(.vector_44)
 .vector_44     0x9fc01780        0x8 c:/program files (x86)/microchip/xc32/v1.40/bin/bin/../../lib/gcc/pic32mx/4.8.3/../../../../pic32mx/lib\libpic32.a(vector44.o)
                0x9fc01780                __vector_dispatch_44
                0x00000001                ASSERT (((_vector_spacing == 0x0) || (SIZEOF (.vector_44) <= (_vector_spacing << 0x5))), function at exception vector 44 too large)

.vector_45      0x9fc017a0        0x8
 *(.vector_45)
 .vector_45     0x9fc017a0        0x8 c:/program files (x86)/microchip/xc32/v1.40/bin/bin/../../lib/gcc/pic32mx/4.8.3/../../../../pic32mx/lib\libpic32.a(vector45.o)
                0x9fc017a0                __vector_dispatch_45
                0x00000001                ASSERT (((_vector_spacing == 0x0) || (SIZEOF (.vector_45) <= (_vector_spacing << 0x5))), function at exception vector 45 too large)

.vector_46      0x9fc017c0        0x8
 *(.vector_46)
 .vector_46     0x9fc017c0        0x8 c:/program files (x86)/microchip/xc32/v1.40/bin/bin/../../lib/gcc/pic32mx/4.8.3/../../../../pic32mx/lib\libpic32.a(vector46.o)
                0x9fc017c0                __vector_dispatch_46
                0x00000001                ASSERT (((_vector_spacing == 0x0) || (SIZEOF (.vector_46) <= (_vector_spacing << 0x5))), function at exception vector 46 too large)

.vector_47      0x9fc017e0        0x8
 *(.vector_47)
 .vector_47     0x9fc017e0        0x8 c:/program files (x86)/microchip/xc32/v1.40/bin/bin/../../lib/gcc/pic32mx/4.8.3/../../../../pic32mx/lib\libpic32.a(vector47.o)
                0x9fc017e0                __vector_dispatch_47
                0x00000001                ASSERT (((_vector_spacing == 0x0) || (SIZEOF (.vector_47) <= (_vector_spacing << 0x5))), function at exception vector 47 too large)

.vector_48      0x9fc01800        0x8
 *(.vector_48)
 .vector_48     0x9fc01800        0x8 c:/program files (x86)/microchip/xc32/v1.40/bin/bin/../../lib/gcc/pic32mx/4.8.3/../../../../pic32mx/lib\libpic32.a(vector48.o)
                0x9fc01800                __vector_dispatch_48
                0x00000001                ASSERT (((_vector_spacing == 0x0) || (SIZEOF (.vector_48) <= (_vector_spacing << 0x5))), function at exception vector 48 too large)

.vector_49      0x9fc01820        0x8
 *(.vector_49)
 .vector_49     0x9fc01820        0x8 c:/program files (x86)/microchip/xc32/v1.40/bin/bin/../../lib/gcc/pic32mx/4.8.3/../../../../pic32mx/lib\libpic32.a(vector49.o)
                0x9fc01820                __vector_dispatch_49
                0x00000001                ASSERT (((_vector_spacing == 0x0) || (SIZEOF (.vector_49) <= (_vector_spacing << 0x5))), function at exception vector 49 too large)

.vector_50      0x9fc01840        0x8
 *(.vector_50)
 .vector_50     0x9fc01840        0x8 c:/program files (x86)/microchip/xc32/v1.40/bin/bin/../../lib/gcc/pic32mx/4.8.3/../../../../pic32mx/lib\libpic32.a(vector50.o)
                0x9fc01840                __vector_dispatch_50
                0x00000001                ASSERT (((_vector_spacing == 0x0) || (SIZEOF (.vector_50) <= (_vector_spacing << 0x5))), function at exception vector 50 too large)

.vector_51      0x9fc01860        0x8
 *(.vector_51)
 .vector_51     0x9fc01860        0x8 c:/program files (x86)/microchip/xc32/v1.40/bin/bin/../../lib/gcc/pic32mx/4.8.3/../../../../pic32mx/lib\libpic32.a(vector51.o)
                0x9fc01860                __vector_dispatch_51
                0x00000001                ASSERT (((_vector_spacing == 0x0) || (SIZEOF (.vector_51) <= (_vector_spacing << 0x5))), function at exception vector 51 too large)

.vector_52      0x9fc01880        0x0
 *(.vector_52)
                0x00000001                ASSERT (((_vector_spacing == 0x0) || (SIZEOF (.vector_52) <= (_vector_spacing << 0x5))), function at exception vector 52 too large)

.vector_53      0x9fc018a0        0x0
 *(.vector_53)
                0x00000001                ASSERT (((_vector_spacing == 0x0) || (SIZEOF (.vector_53) <= (_vector_spacing << 0x5))), function at exception vector 53 too large)

.vector_54      0x9fc018c0        0x0
 *(.vector_54)
                0x00000001                ASSERT (((_vector_spacing == 0x0) || (SIZEOF (.vector_54) <= (_vector_spacing << 0x5))), function at exception vector 54 too large)

.vector_55      0x9fc018e0        0x0
 *(.vector_55)
                0x00000001                ASSERT (((_vector_spacing == 0x0) || (SIZEOF (.vector_55) <= (_vector_spacing << 0x5))), function at exception vector 55 too large)

.vector_56      0x9fc01900        0x0
 *(.vector_56)
                0x00000001                ASSERT (((_vector_spacing == 0x0) || (SIZEOF (.vector_56) <= (_vector_spacing << 0x5))), function at exception vector 56 too large)

.vector_57      0x9fc01920        0x0
 *(.vector_57)
                0x00000001                ASSERT (((_vector_spacing == 0x0) || (SIZEOF (.vector_57) <= (_vector_spacing << 0x5))), function at exception vector 57 too large)

.vector_58      0x9fc01940        0x0
 *(.vector_58)
                0x00000001                ASSERT (((_vector_spacing == 0x0) || (SIZEOF (.vector_58) <= (_vector_spacing << 0x5))), function at exception vector 58 too large)

.vector_59      0x9fc01960        0x0
 *(.vector_59)
                0x00000001                ASSERT (((_vector_spacing == 0x0) || (SIZEOF (.vector_59) <= (_vector_spacing << 0x5))), function at exception vector 59 too large)

.vector_60      0x9fc01980        0x0
 *(.vector_60)
                0x00000001                ASSERT (((_vector_spacing == 0x0) || (SIZEOF (.vector_60) <= (_vector_spacing << 0x5))), function at exception vector 60 too large)

.vector_61      0x9fc019a0        0x0
 *(.vector_61)
                0x00000001                ASSERT (((_vector_spacing == 0x0) || (SIZEOF (.vector_61) <= (_vector_spacing << 0x5))), function at exception vector 61 too large)

.vector_62      0x9fc019c0        0x0
 *(.vector_62)
                0x00000001                ASSERT (((_vector_spacing == 0x0) || (SIZEOF (.vector_62) <= (_vector_spacing << 0x5))), function at exception vector 62 too large)

.vector_63      0x9fc019e0        0x0
 *(.vector_63)
                0x00000001                ASSERT (((_vector_spacing == 0x0) || (SIZEOF (.vector_63) <= (_vector_spacing << 0x5))), function at exception vector 63 too large)

.startup
 *(.startup)

.text           0x9d000000        0x0
 *(.stub .gnu.linkonce.t.*)
 *(.text.*personality*)
 *(.mips16.fn.*)
 *(.mips16.call.*)
 *(.gnu.warning)
                0x9d000000                . = ALIGN (0x4)

.init           0x9d000000        0x0
 *crti.o(.init)
 *crtbegin.o(.init)
 *(EXCLUDE_FILE(*crtn.o *crtend?.o *crtend.o) .init)
 *crtend.o(.init)
 *crtn.o(.init)
                0x9d000000                . = ALIGN (0x4)

.fini           0x9d000000        0x0
 *(.fini)
                0x9d000000                . = ALIGN (0x4)

.preinit_array  0x9d000000        0x0
                0x9d000000                PROVIDE (__preinit_array_start, .)
 *(.preinit_array)
                0x9d000000                PROVIDE (__preinit_array_end, .)
                0x9d000000                . = ALIGN (0x4)

.init_array     0x9d000000        0x0
                0x9d000000                PROVIDE (__init_array_start, .)
 *(SORT(.init_array.*))
 *(.init_array)
                0x9d000000                PROVIDE (__init_array_end, .)
                0x9d000000                . = ALIGN (0x4)

.fini_array     0x9d000000        0x0
                0x9d000000                PROVIDE (__fini_array_start, .)
 *(SORT(.fini_array.*))
 *(.fini_array)
                0x9d000000                PROVIDE (__fini_array_end, .)
                0x9d000000                . = ALIGN (0x4)

.ctors          0x9d000000        0x0
 *crtbegin.o(.ctors)
 *crtbegin?.o(.ctors)
 *(EXCLUDE_FILE(*crtend?.o *crtend.o) .ctors)
 *(SORT(.ctors.*))
 *(.ctors)
                0x9d000000                . = ALIGN (0x4)

.dtors          0x9d000000        0x0
 *crtbegin.o(.dtors)
 *crtbegin?.o(.dtors)
 *(EXCLUDE_FILE(*crtend?.o *crtend.o) .dtors)
 *(SORT(.dtors.*))
 *(.dtors)
                0x9d000000                . = ALIGN (0x4)

.rodata         0x9d000000        0x0
 *(.gnu.linkonce.r.*)
 *(.rodata1)
                0x9d000000                . = ALIGN (0x4)

.sdata2         0x9fc00490        0x0
 *(.sdata2 .sdata2.* .gnu.linkonce.s2.*)
                0x9fc00490                . = ALIGN (0x4)

.sbss2          0x9fc00490        0x0
 *(.sbss2 .sbss2.* .gnu.linkonce.sb2.*)
                0x9fc00490                . = ALIGN (0x4)

.eh_frame_hdr
 *(.eh_frame_hdr)
                0x9fc00490                . = ALIGN (0x4)

.eh_frame
 *(.eh_frame)
                0x9fc00490                . = ALIGN (0x4)

.gcc_except_table
 *(.gcc_except_table .gcc_except_table.*)
                0x9fc00490                . = ALIGN (0x4)

.dbg_data       0xa0000200        0x0
                0xa0000200                . = (. + DEFINED (_DEBUGGER)?0x200:0x0)

.jcr            0xa0000200        0x0
 *(.jcr)
                0xa0000200                . = ALIGN (0x4)

.eh_frame
 *(.eh_frame)
                0xa0000200                . = ALIGN (0x4)

.gcc_except_table
 *(.gcc_except_table .gcc_except_table.*)
                0xa0000200                . = ALIGN (0x4)

.persist        0xa0000200        0x0
                0xa0000200                _persist_begin = .
 *(.persist .persist.*)
 *(.pbss .pbss.*)
                0xa0000200                . = ALIGN (0x4)
                0xa0000200                _persist_end = .

.data           0xa0000200        0x0
 *(.gnu.linkonce.d.*)
 *(.data1)
                0xa0000200                . = ALIGN (0x4)
                0xa0000200                . = .
                0xa00081f0                _gp = (ALIGN (0x10) + 0x7ff0)

.got            0xa0000200        0x0
 *(.got.plt)
 *(.got)
                0xa0000200                . = ALIGN (0x4)

.sdata          0xa0000200        0xc
                0xa0000200                _sdata_begin = .
 *(.sdata .sdata.* .gnu.linkonce.s.*)
 .sdata         0xa0000200        0x4 build/configRover/debug/_ext/1062886388/port.o
                0xa0000200                uxInterruptNesting
 .sdata         0xa0000204        0x4 build/configRover/debug/_ext/184327166/tasks.o
                0xa0000204                xNextTaskUnblockTime
 .sdata         0xa0000208        0x4 c:/program files (x86)/microchip/xc32/v1.40/bin/bin/../../lib/gcc/pic32mx/4.8.3/../../../../pic32mx/lib\libpic32.a(xc32_uart.o)
                0xa0000208                __XC_UART
                0xa000020c                . = ALIGN (0x4)
                0xa000020c                _sdata_end = .

.lit8
 *(.lit8)

.lit4
 *(.lit4)
                0xa000020c                . = ALIGN (0x4)
                0xa000020c                _data_end = .
                0xa000020c                _bss_begin = .

.sbss           0xa000020c       0x80
                0xa000020c                _sbss_begin = .
 *(.dynsbss)
 *(.sbss .sbss.* .gnu.linkonce.sb.*)
 .sbss          0xa000020c        0xc build/configRover/debug/_ext/369138285/system_exceptions.o
 .sbss          0xa0000218        0x8 build/configRover/debug/_ext/1818123999/heap_1.o
 .sbss          0xa0000220        0x4 build/configRover/debug/_ext/1062886388/port.o
                0xa0000220                uxSavedTaskStackPointer
 .sbss          0xa0000224       0x14 build/configRover/debug/_ext/184327166/croutine.o
                0xa0000224                pxCurrentCoRoutine
                0xa0000228                uxTopCoRoutineReadyPriority
                0xa000022c                xCoRoutineTickCount
                0xa0000230                xLastTickCount
                0xa0000234                xPassedTicks
 .sbss          0xa0000238       0x2c build/configRover/debug/_ext/184327166/tasks.o
                0xa0000238                pxCurrentTCB
                0xa000023c                uxTasksDeleted
                0xa0000240                uxCurrentNumberOfTasks
                0xa0000244                xTickCount
                0xa0000248                uxTopReadyPriority
                0xa000024c                xSchedulerRunning
                0xa0000250                uxPendedTicks
                0xa0000254                xYieldPending
                0xa0000258                xNumOfOverflows
                0xa000025c                uxTaskNumber
                0xa0000260                uxSchedulerSuspended
 .sbss          0xa0000264       0x10 build/configRover/debug/_ext/184327166/timers.o
 *(.scommon)
 .scommon       0xa0000274        0x8 build/configRover/debug/_ext/351848739/sys_devcon.o
                0xa0000274                sysDevconObj
 .scommon       0xa000027c        0x8 build/configRover/debug/_ext/184327166/croutine.o
                0xa000027c                pxOverflowDelayedCoRoutineList
                0xa0000280                pxDelayedCoRoutineList
 .scommon       0xa0000284        0x8 build/configRover/debug/_ext/184327166/tasks.o
                0xa0000284                pxDelayedTaskList
                0xa0000288                pxOverflowDelayedTaskList
                0xa000028c                _sbss_end = .
                0xa000028c                . = ALIGN (0x4)

.bss            0xa000028c      0x140
 *(.dynbss)
 *(COMMON)
 COMMON         0xa000028c        0xc build/configRover/debug/_ext/369138285/system_init.o
                0xa000028c                sysObj
 COMMON         0xa0000298       0x44 build/configRover/debug/_ext/1360937237/communication.o
                0xa0000298                communicationData
 COMMON         0xa00002dc       0x28 build/configRover/debug/_ext/1360937237/motor.o
                0xa00002dc                motorData
 COMMON         0xa0000304       0xc8 build/configRover/debug/_ext/184327166/tasks.o
                0xa0000304                pxReadyTasksLists
                0xa0000368                xPendingReadyList
                0xa000037c                xTasksWaitingTermination
                0xa0000390                xSuspendedTaskList
                0xa00003a4                xDelayedTaskList2
                0xa00003b8                xDelayedTaskList1
                0xa00003cc                . = ALIGN ((. != 0x0)?0x4:0x1)
                0xa00003cc                . = ALIGN (0x4)
                0xa00003cc                _end = .
                0xa00003cc                _bss_end = .
                0x00020000                _bmxdudba_address = 0x20000
                0x00020000                _bmxdupba_address = 0x20000

/DISCARD/
 *(.pdr)
 *(.rel.dyn)
 *(.note.GNU-stack)
 *(.note.GNU-stack)
 *(.gnu_debuglink)
 *(.gnu.lto_*)
 *(.discard)

.gptab.sdata
 *(.gptab.data)
 *(.gptab.sdata)

.gptab.sbss
 *(.gptab.bss)
 *(.gptab.sbss)

.mdebug.abi32   0xa00003cc        0x0
 *(.mdebug.abi32)
 .mdebug.abi32  0xa00003cc        0x0 c:/program files (x86)/microchip/xc32/v1.40/bin/bin/../../lib/gcc/pic32mx/4.8.3/../../../../pic32mx/lib\software-debug-break.o
 .mdebug.abi32  0xa00003cc        0x0 build/configRover/debug/_ext/106981565/drv_ic_static.o
 .mdebug.abi32  0xa00003cc        0x0 build/configRover/debug/_ext/64793341/drv_oc_static.o
 .mdebug.abi32  0xa00003cc        0x0 build/configRover/debug/_ext/1797679462/drv_tmr_static.o
 .mdebug.abi32  0xa00003cc        0x0 build/configRover/debug/_ext/1532176561/drv_usart_static.o
 .mdebug.abi32  0xa00003cc        0x0 build/configRover/debug/_ext/249367850/sys_clk_static.o
 .mdebug.abi32  0xa00003cc        0x0 build/configRover/debug/_ext/1926720346/sys_ports_static.o
 .mdebug.abi32  0xa00003cc        0x0 build/configRover/debug/_ext/369138285/system_init.o
 .mdebug.abi32  0xa00003cc        0x0 build/configRover/debug/_ext/369138285/system_interrupt.o
 .mdebug.abi32  0xa00003cc        0x0 build/configRover/debug/_ext/369138285/system_exceptions.o
 .mdebug.abi32  0xa00003cc        0x0 build/configRover/debug/_ext/369138285/system_tasks.o
 .mdebug.abi32  0xa00003cc        0x0 build/configRover/debug/_ext/369138285/rtos_hooks.o
 .mdebug.abi32  0xa00003cc        0x0 build/configRover/debug/_ext/1360937237/communication.o
 .mdebug.abi32  0xa00003cc        0x0 build/configRover/debug/_ext/1360937237/motor.o
 .mdebug.abi32  0xa00003cc        0x0 build/configRover/debug/_ext/1360937237/main.o
 .mdebug.abi32  0xa00003cc        0x0 build/configRover/debug/_ext/1879384925/osal_freertos.o
 .mdebug.abi32  0xa00003cc        0x0 build/configRover/debug/_ext/351848739/sys_devcon.o
 .mdebug.abi32  0xa00003cc        0x0 build/configRover/debug/_ext/351848739/sys_devcon_pic32mx.o
 .mdebug.abi32  0xa00003cc        0x0 build/configRover/debug/_ext/474818461/sys_int_pic32.o
 .mdebug.abi32  0xa00003cc        0x0 build/configRover/debug/_ext/1139950406/sys_ports.o
 .mdebug.abi32  0xa00003cc        0x0 build/configRover/debug/_ext/1818123999/heap_1.o
 .mdebug.abi32  0xa00003cc        0x0 build/configRover/debug/_ext/1062886388/port.o
 .mdebug.abi32  0xa00003cc        0x0 build/configRover/debug/_ext/184327166/croutine.o
 .mdebug.abi32  0xa00003cc        0x0 build/configRover/debug/_ext/184327166/list.o
 .mdebug.abi32  0xa00003cc        0x0 build/configRover/debug/_ext/184327166/queue.o
 .mdebug.abi32  0xa00003cc        0x0 build/configRover/debug/_ext/184327166/tasks.o
 .mdebug.abi32  0xa00003cc        0x0 build/configRover/debug/_ext/184327166/timers.o
 .mdebug.abi32  0xa00003cc        0x0 build/configRover/debug/_ext/184327166/event_groups.o
 .mdebug.abi32  0xa00003cc        0x0 build/configRover/debug/_ext/1536116519/debug.o
 .mdebug.abi32  0xa00003cc        0x0 build/configRover/debug/_ext/1360937237/timer.o
 .mdebug.abi32  0xa00003cc        0x0 c:/program files (x86)/microchip/xc32/v1.40/bin/bin/../../lib/gcc/pic32mx/4.8.3/../../../../pic32mx/lib\libpic32.a(default-bootstrap-exception-handler.o)
 .mdebug.abi32  0xa00003cc        0x0 c:/program files (x86)/microchip/xc32/v1.40/bin/bin/../../lib/gcc/pic32mx/4.8.3/../../../../pic32mx/lib\libpic32.a(default-on-reset.o)
 .mdebug.abi32  0xa00003cc        0x0 c:/program files (x86)/microchip/xc32/v1.40/bin/bin/../../lib/gcc/pic32mx/4.8.3/../../../../pic32mx/lib\libpic32.a(default-on-bootstrap.o)
 .mdebug.abi32  0xa00003cc        0x0 c:/program files (x86)/microchip/xc32/v1.40/bin/bin/../../lib/gcc/pic32mx/4.8.3/../../../../pic32mx/lib\libpic32.a(defaultinterrupt.o)
 .mdebug.abi32  0xa00003cc        0x0 c:/program files (x86)/microchip/xc32/v1.40/bin/bin/../../lib/gcc/pic32mx/4.8.3/../../../../pic32mx/lib\libc.a(sprintf_cdnopuxX.eo)
 .mdebug.abi32  0xa00003cc        0x0 c:/program files (x86)/microchip/xc32/v1.40/bin/bin/../../lib/gcc/pic32mx/4.8.3/../../../../pic32mx/lib\libc.a(doprnt_cdnopuxX.eo)
 .mdebug.abi32  0xa00003cc        0x0 c:/program files (x86)/microchip/xc32/v1.40/bin/bin/../../lib/gcc/pic32mx/4.8.3/../../../../pic32mx/lib\libc.a(_fputc_simple.o)
 .mdebug.abi32  0xa00003cc        0x0 c:/program files (x86)/microchip/xc32/v1.40/bin/bin/../../lib/gcc/pic32mx/4.8.3/../../../../pic32mx/lib\libc.a(ctype.o)
 .mdebug.abi32  0xa00003cc        0x0 c:/program files (x86)/microchip/xc32/v1.40/bin/bin/../../lib/gcc/pic32mx/4.8.3/../../../../pic32mx/lib\libc.a(_iob.o)
 .mdebug.abi32  0xa00003cc        0x0 c:/program files (x86)/microchip/xc32/v1.40/bin/bin/../../lib/gcc/pic32mx/4.8.3/../../../../pic32mx/lib\libc.a(_flsbuf_simple.o)
 .mdebug.abi32  0xa00003cc        0x0 c:/program files (x86)/microchip/xc32/v1.40/bin/bin/../../lib/gcc/pic32mx/4.8.3/../../../../pic32mx/lib\libpic32.a(write.o)
 .mdebug.abi32  0xa00003cc        0x0 c:/program files (x86)/microchip/xc32/v1.40/bin/bin/../../lib/gcc/pic32mx/4.8.3/../../../../pic32mx/lib\libpic32.a(_mon_putc.o)
 .mdebug.abi32  0xa00003cc        0x0 c:/program files (x86)/microchip/xc32/v1.40/bin/bin/../../lib/gcc/pic32mx/4.8.3/../../../../pic32mx/lib\libpic32.a(xc32_uart.o)
 .mdebug.abi32  0xa00003cc        0x0 c:/program files (x86)/microchip/xc32/v1.40/bin/bin/../../lib/gcc/pic32mx/4.8.3\libgcc.a(_udivdi3.o)
 .mdebug.abi32  0xa00003cc        0x0 c:/program files (x86)/microchip/xc32/v1.40/bin/bin/../../lib/gcc/pic32mx/4.8.3\libgcc.a(_umoddi3.o)

.mdebug.abiN32
 *(.mdebug.abiN32)

.mdebug.abi64
 *(.mdebug.abi64)

.mdebug.abiO64
 *(.mdebug.abiO64)

.mdebug.eabi32
 *(.mdebug.eabi32)

.mdebug.eabi64
 *(.mdebug.eabi64)

.gcc_compiled_long32
 *(.gcc_compiled_long32)

.gcc_compiled_long64
 *(.gcc_compiled_long64)

.stab
 *(.stab)

.stabstr
 *(.stabstr)

.stab.excl
 *(.stab.excl)

.stab.exclstr
 *(.stab.exclstr)

.stab.index
 *(.stab.index)

.stab.indexstr
 *(.stab.indexstr)

.comment        0x00000000       0xba
 *(.comment)
 .comment       0x00000000       0x3c c:/program files (x86)/microchip/xc32/v1.40/bin/bin/../../lib/gcc/pic32mx/4.8.3/../../../../pic32mx/lib\software-debug-break.o
                                 0x3d (size before relaxing)
 .comment       0x00000000       0x3d build/configRover/debug/_ext/106981565/drv_ic_static.o
 .comment       0x00000000       0x3d build/configRover/debug/_ext/64793341/drv_oc_static.o
 .comment       0x00000000       0x3d build/configRover/debug/_ext/1797679462/drv_tmr_static.o
 .comment       0x00000000       0x3d build/configRover/debug/_ext/1532176561/drv_usart_static.o
 .comment       0x00000000       0x3d build/configRover/debug/_ext/249367850/sys_clk_static.o
 .comment       0x00000000       0x3d build/configRover/debug/_ext/1926720346/sys_ports_static.o
 .comment       0x00000000       0x3d build/configRover/debug/_ext/369138285/system_init.o
 .comment       0x00000000       0x3d build/configRover/debug/_ext/369138285/system_interrupt.o
 .comment       0x00000000       0x3d build/configRover/debug/_ext/369138285/system_exceptions.o
 .comment       0x00000000       0x3d build/configRover/debug/_ext/369138285/system_tasks.o
 .comment       0x00000000       0x3d build/configRover/debug/_ext/369138285/rtos_hooks.o
 .comment       0x00000000       0x3d build/configRover/debug/_ext/1360937237/communication.o
 .comment       0x00000000       0x3d build/configRover/debug/_ext/1360937237/motor.o
 .comment       0x00000000       0x3d build/configRover/debug/_ext/1360937237/main.o
 .comment       0x00000000       0x3d build/configRover/debug/_ext/1879384925/osal_freertos.o
 .comment       0x00000000       0x3d build/configRover/debug/_ext/351848739/sys_devcon.o
 .comment       0x00000000       0x3d build/configRover/debug/_ext/351848739/sys_devcon_pic32mx.o
 .comment       0x00000000       0x3d build/configRover/debug/_ext/474818461/sys_int_pic32.o
 .comment       0x00000000       0x3d build/configRover/debug/_ext/1139950406/sys_ports.o
 .comment       0x00000000       0x3d build/configRover/debug/_ext/1818123999/heap_1.o
 .comment       0x00000000       0x3d build/configRover/debug/_ext/1062886388/port.o
 .comment       0x00000000       0x3d build/configRover/debug/_ext/184327166/croutine.o
 .comment       0x00000000       0x3d build/configRover/debug/_ext/184327166/list.o
 .comment       0x00000000       0x3d build/configRover/debug/_ext/184327166/queue.o
 .comment       0x00000000       0x3d build/configRover/debug/_ext/184327166/tasks.o
 .comment       0x00000000       0x3d build/configRover/debug/_ext/184327166/timers.o
 .comment       0x00000000       0x3d build/configRover/debug/_ext/184327166/event_groups.o
 .comment       0x00000000       0x3d build/configRover/debug/_ext/1536116519/debug.o
 .comment       0x00000000       0x3d build/configRover/debug/_ext/1360937237/timer.o
 .comment       0x0000003c       0x18 c:/program files (x86)/microchip/xc32/v1.40/bin/bin/../../lib/gcc/pic32mx/4.8.3/../../../../pic32mx/lib\libpic32.a(memset.o)
                                 0x19 (size before relaxing)
 .comment       0x00000000       0x3d c:/program files (x86)/microchip/xc32/v1.40/bin/bin/../../lib/gcc/pic32mx/4.8.3/../../../../pic32mx/lib\libpic32.a(default-bootstrap-exception-handler.o)
 .comment       0x00000000       0x3d c:/program files (x86)/microchip/xc32/v1.40/bin/bin/../../lib/gcc/pic32mx/4.8.3/../../../../pic32mx/lib\libpic32.a(default-on-reset.o)
 .comment       0x00000000       0x3d c:/program files (x86)/microchip/xc32/v1.40/bin/bin/../../lib/gcc/pic32mx/4.8.3/../../../../pic32mx/lib\libpic32.a(default-on-bootstrap.o)
 .comment       0x00000054       0x18 c:/program files (x86)/microchip/xc32/v1.40/bin/bin/../../lib/gcc/pic32mx/4.8.3/../../../../pic32mx/lib\libpic32.a(memcmp.o)
                                 0x19 (size before relaxing)
 .comment       0x00000000       0x3d c:/program files (x86)/microchip/xc32/v1.40/bin/bin/../../lib/gcc/pic32mx/4.8.3/../../../../pic32mx/lib\libpic32.a(defaultinterrupt.o)
 .comment       0x00000000       0x3d c:/program files (x86)/microchip/xc32/v1.40/bin/bin/../../lib/gcc/pic32mx/4.8.3/../../../../pic32mx/lib\libc.a(sprintf_cdnopuxX.eo)
 .comment       0x00000000       0x3d c:/program files (x86)/microchip/xc32/v1.40/bin/bin/../../lib/gcc/pic32mx/4.8.3/../../../../pic32mx/lib\libc.a(doprnt_cdnopuxX.eo)
 .comment       0x00000000       0x3d c:/program files (x86)/microchip/xc32/v1.40/bin/bin/../../lib/gcc/pic32mx/4.8.3/../../../../pic32mx/lib\libc.a(_fputc_simple.o)
 .comment       0x0000006c       0x4e c:/program files (x86)/microchip/xc32/v1.40/bin/bin/../../lib/gcc/pic32mx/4.8.3/../../../../pic32mx/lib\libc.a(ctype.o)
                                 0x8b (size before relaxing)
 .comment       0x00000000       0x3d c:/program files (x86)/microchip/xc32/v1.40/bin/bin/../../lib/gcc/pic32mx/4.8.3/../../../../pic32mx/lib\libc.a(_iob.o)
 .comment       0x00000000       0x3d c:/program files (x86)/microchip/xc32/v1.40/bin/bin/../../lib/gcc/pic32mx/4.8.3/../../../../pic32mx/lib\libc.a(_flsbuf_simple.o)
 .comment       0x00000000       0x3d c:/program files (x86)/microchip/xc32/v1.40/bin/bin/../../lib/gcc/pic32mx/4.8.3/../../../../pic32mx/lib\libpic32.a(write.o)
 .comment       0x00000000       0x3d c:/program files (x86)/microchip/xc32/v1.40/bin/bin/../../lib/gcc/pic32mx/4.8.3/../../../../pic32mx/lib\libpic32.a(_mon_putc.o)
 .comment       0x00000000       0x3d c:/program files (x86)/microchip/xc32/v1.40/bin/bin/../../lib/gcc/pic32mx/4.8.3/../../../../pic32mx/lib\libpic32.a(xc32_uart.o)
 .comment       0x00000000       0x3d c:/program files (x86)/microchip/xc32/v1.40/bin/bin/../../lib/gcc/pic32mx/4.8.3\libgcc.a(_udivdi3.o)
 .comment       0x00000000       0x3d c:/program files (x86)/microchip/xc32/v1.40/bin/bin/../../lib/gcc/pic32mx/4.8.3\libgcc.a(_umoddi3.o)

.debug
 *(.debug)

.line
 *(.line)

.debug_srcinfo
 *(.debug_srcinfo)

.debug_sfnames
 *(.debug_sfnames)

.debug_aranges  0x00000000      0xd08
 *(.debug_aranges)
 .debug_aranges
                0x00000000       0x20 c:/program files (x86)/microchip/xc32/v1.40/bin/bin/../../lib/gcc/pic32mx/4.8.3/../../../../pic32mx/lib\software-debug-break.o
 .debug_aranges
                0x00000020       0x78 build/configRover/debug/_ext/106981565/drv_ic_static.o
 .debug_aranges
                0x00000098       0x78 build/configRover/debug/_ext/64793341/drv_oc_static.o
 .debug_aranges
                0x00000110       0x78 build/configRover/debug/_ext/1797679462/drv_tmr_static.o
 .debug_aranges
                0x00000188       0x48 build/configRover/debug/_ext/1532176561/drv_usart_static.o
 .debug_aranges
                0x000001d0       0x38 build/configRover/debug/_ext/249367850/sys_clk_static.o
 .debug_aranges
                0x00000208       0x20 build/configRover/debug/_ext/1926720346/sys_ports_static.o
 .debug_aranges
                0x00000228       0x20 build/configRover/debug/_ext/369138285/system_init.o
 .debug_aranges
                0x00000248       0x48 build/configRover/debug/_ext/369138285/system_interrupt.o
 .debug_aranges
                0x00000290       0x20 build/configRover/debug/_ext/369138285/system_exceptions.o
 .debug_aranges
                0x000002b0       0x38 build/configRover/debug/_ext/369138285/system_tasks.o
 .debug_aranges
                0x000002e8       0x78 build/configRover/debug/_ext/369138285/system_interrupt_a.o
 .debug_aranges
                0x00000360       0x28 build/configRover/debug/_ext/369138285/rtos_hooks.o
 .debug_aranges
                0x00000388       0x78 build/configRover/debug/_ext/1360937237/communication.o
 .debug_aranges
                0x00000400       0x40 build/configRover/debug/_ext/1360937237/motor.o
 .debug_aranges
                0x00000440       0x20 build/configRover/debug/_ext/1360937237/main.o
 .debug_aranges
                0x00000460       0x88 build/configRover/debug/_ext/1879384925/osal_freertos.o
 .debug_aranges
                0x000004e8       0x78 build/configRover/debug/_ext/351848739/sys_devcon.o
 .debug_aranges
                0x00000560       0x20 build/configRover/debug/_ext/351848739/sys_devcon_pic32mx.o
 .debug_aranges
                0x00000580       0x48 build/configRover/debug/_ext/474818461/sys_int_pic32.o
 .debug_aranges
                0x000005c8       0xf8 build/configRover/debug/_ext/1139950406/sys_ports.o
 .debug_aranges
                0x000006c0       0x38 build/configRover/debug/_ext/1818123999/heap_1.o
 .debug_aranges
                0x000006f8       0x58 build/configRover/debug/_ext/1062886388/port.o
 .debug_aranges
                0x00000750       0x20 build/configRover/debug/_ext/1062886388/port_asm.o
 .debug_aranges
                0x00000770       0x50 build/configRover/debug/_ext/184327166/croutine.o
 .debug_aranges
                0x000007c0       0x40 build/configRover/debug/_ext/184327166/list.o
 .debug_aranges
                0x00000800       0xb8 build/configRover/debug/_ext/184327166/queue.o
 .debug_aranges
                0x000008b8      0x1a0 build/configRover/debug/_ext/184327166/tasks.o
 .debug_aranges
                0x00000a58       0x68 build/configRover/debug/_ext/184327166/timers.o
 .debug_aranges
                0x00000ac0       0x60 build/configRover/debug/_ext/184327166/event_groups.o
 .debug_aranges
                0x00000b20       0x40 build/configRover/debug/_ext/1536116519/debug.o
 .debug_aranges
                0x00000b60       0x28 build/configRover/debug/_ext/1360937237/timer.o
 .debug_aranges
                0x00000b88       0x20 c:/program files (x86)/microchip/xc32/v1.40/bin/bin/../../lib/gcc/pic32mx/4.8.3/../../../../pic32mx/lib\libpic32.a(default-bootstrap-exception-handler.o)
 .debug_aranges
                0x00000ba8       0x20 c:/program files (x86)/microchip/xc32/v1.40/bin/bin/../../lib/gcc/pic32mx/4.8.3/../../../../pic32mx/lib\libpic32.a(default-on-reset.o)
 .debug_aranges
                0x00000bc8       0x20 c:/program files (x86)/microchip/xc32/v1.40/bin/bin/../../lib/gcc/pic32mx/4.8.3/../../../../pic32mx/lib\libpic32.a(default-on-bootstrap.o)
 .debug_aranges
                0x00000be8       0x20 c:/program files (x86)/microchip/xc32/v1.40/bin/bin/../../lib/gcc/pic32mx/4.8.3/../../../../pic32mx/lib\libpic32.a(defaultinterrupt.o)
 .debug_aranges
                0x00000c08       0x20 c:/program files (x86)/microchip/xc32/v1.40/bin/bin/../../lib/gcc/pic32mx/4.8.3/../../../../pic32mx/lib\libc.a(sprintf_cdnopuxX.eo)
 .debug_aranges
                0x00000c28       0x20 c:/program files (x86)/microchip/xc32/v1.40/bin/bin/../../lib/gcc/pic32mx/4.8.3/../../../../pic32mx/lib\libc.a(doprnt_cdnopuxX.eo)
 .debug_aranges
                0x00000c48       0x20 c:/program files (x86)/microchip/xc32/v1.40/bin/bin/../../lib/gcc/pic32mx/4.8.3/../../../../pic32mx/lib\libc.a(_fputc_simple.o)
 .debug_aranges
                0x00000c68       0x20 c:/program files (x86)/microchip/xc32/v1.40/bin/bin/../../lib/gcc/pic32mx/4.8.3/../../../../pic32mx/lib\libc.a(_flsbuf_simple.o)
 .debug_aranges
                0x00000c88       0x20 c:/program files (x86)/microchip/xc32/v1.40/bin/bin/../../lib/gcc/pic32mx/4.8.3/../../../../pic32mx/lib\libpic32.a(write.o)
 .debug_aranges
                0x00000ca8       0x20 c:/program files (x86)/microchip/xc32/v1.40/bin/bin/../../lib/gcc/pic32mx/4.8.3/../../../../pic32mx/lib\libpic32.a(_mon_putc.o)
 .debug_aranges
                0x00000cc8       0x20 c:/program files (x86)/microchip/xc32/v1.40/bin/bin/../../lib/gcc/pic32mx/4.8.3\libgcc.a(_udivdi3.o)
 .debug_aranges
                0x00000ce8       0x20 c:/program files (x86)/microchip/xc32/v1.40/bin/bin/../../lib/gcc/pic32mx/4.8.3\libgcc.a(_umoddi3.o)

.debug_pubnames
 *(.debug_pubnames)

.debug_info     0x00000000    0x2546f
 *(.debug_info .gnu.linkonce.wi.*)
 .debug_info    0x00000000       0xd3 c:/program files (x86)/microchip/xc32/v1.40/bin/bin/../../lib/gcc/pic32mx/4.8.3/../../../../pic32mx/lib\software-debug-break.o
 .debug_info    0x000000d3     0x2853 build/configRover/debug/_ext/106981565/drv_ic_static.o
 .debug_info    0x00002926     0x129f build/configRover/debug/_ext/64793341/drv_oc_static.o
 .debug_info    0x00003bc5     0x258b build/configRover/debug/_ext/1797679462/drv_tmr_static.o
 .debug_info    0x00006150     0x3772 build/configRover/debug/_ext/1532176561/drv_usart_static.o
 .debug_info    0x000098c2     0x10b3 build/configRover/debug/_ext/249367850/sys_clk_static.o
 .debug_info    0x0000a975      0xcb3 build/configRover/debug/_ext/1926720346/sys_ports_static.o
 .debug_info    0x0000b628      0xdbf build/configRover/debug/_ext/369138285/system_init.o
 .debug_info    0x0000c3e7     0x1ae4 build/configRover/debug/_ext/369138285/system_interrupt.o
 .debug_info    0x0000decb      0x7b3 build/configRover/debug/_ext/369138285/system_exceptions.o
 .debug_info    0x0000e67e      0xb89 build/configRover/debug/_ext/369138285/system_tasks.o
 .debug_info    0x0000f207       0x90 build/configRover/debug/_ext/369138285/system_interrupt_a.o
 .debug_info    0x0000f297      0x24a build/configRover/debug/_ext/369138285/rtos_hooks.o
 .debug_info    0x0000f4e1     0x20c8 build/configRover/debug/_ext/1360937237/communication.o
 .debug_info    0x000115a9     0x190c build/configRover/debug/_ext/1360937237/motor.o
 .debug_info    0x00012eb5      0x19c build/configRover/debug/_ext/1360937237/main.o
 .debug_info    0x00013051      0xab0 build/configRover/debug/_ext/1879384925/osal_freertos.o
 .debug_info    0x00013b01     0x1093 build/configRover/debug/_ext/351848739/sys_devcon.o
 .debug_info    0x00014b94      0xd5d build/configRover/debug/_ext/351848739/sys_devcon_pic32mx.o
 .debug_info    0x000158f1     0x15cc build/configRover/debug/_ext/474818461/sys_int_pic32.o
 .debug_info    0x00016ebd     0x3261 build/configRover/debug/_ext/1139950406/sys_ports.o
 .debug_info    0x0001a11e      0x380 build/configRover/debug/_ext/1818123999/heap_1.o
 .debug_info    0x0001a49e     0x11b4 build/configRover/debug/_ext/1062886388/port.o
 .debug_info    0x0001b652       0xc5 build/configRover/debug/_ext/1062886388/port_asm.o
 .debug_info    0x0001b717      0xb96 build/configRover/debug/_ext/184327166/croutine.o
 .debug_info    0x0001c2ad      0x480 build/configRover/debug/_ext/184327166/list.o
 .debug_info    0x0001c72d     0x184f build/configRover/debug/_ext/184327166/queue.o
 .debug_info    0x0001df7c     0x29cd build/configRover/debug/_ext/184327166/tasks.o
 .debug_info    0x00020949     0x1479 build/configRover/debug/_ext/184327166/timers.o
 .debug_info    0x00021dc2      0xd5b build/configRover/debug/_ext/184327166/event_groups.o
 .debug_info    0x00022b1d      0x941 build/configRover/debug/_ext/1536116519/debug.o
 .debug_info    0x0002345e      0x9a6 build/configRover/debug/_ext/1360937237/timer.o
 .debug_info    0x00023e04       0xe3 c:/program files (x86)/microchip/xc32/v1.40/bin/bin/../../lib/gcc/pic32mx/4.8.3/../../../../pic32mx/lib\libpic32.a(default-bootstrap-exception-handler.o)
 .debug_info    0x00023ee7       0xbd c:/program files (x86)/microchip/xc32/v1.40/bin/bin/../../lib/gcc/pic32mx/4.8.3/../../../../pic32mx/lib\libpic32.a(default-on-reset.o)
 .debug_info    0x00023fa4       0xc5 c:/program files (x86)/microchip/xc32/v1.40/bin/bin/../../lib/gcc/pic32mx/4.8.3/../../../../pic32mx/lib\libpic32.a(default-on-bootstrap.o)
 .debug_info    0x00024069       0xd7 c:/program files (x86)/microchip/xc32/v1.40/bin/bin/../../lib/gcc/pic32mx/4.8.3/../../../../pic32mx/lib\libpic32.a(defaultinterrupt.o)
 .debug_info    0x00024140       0xc2 c:/program files (x86)/microchip/xc32/v1.40/bin/bin/../../lib/gcc/pic32mx/4.8.3/../../../../pic32mx/lib\libc.a(sprintf_cdnopuxX.eo)
 .debug_info    0x00024202       0xc3 c:/program files (x86)/microchip/xc32/v1.40/bin/bin/../../lib/gcc/pic32mx/4.8.3/../../../../pic32mx/lib\libc.a(doprnt_cdnopuxX.eo)
 .debug_info    0x000242c5       0xb4 c:/program files (x86)/microchip/xc32/v1.40/bin/bin/../../lib/gcc/pic32mx/4.8.3/../../../../pic32mx/lib\libc.a(_fputc_simple.o)
 .debug_info    0x00024379       0xb7 c:/program files (x86)/microchip/xc32/v1.40/bin/bin/../../lib/gcc/pic32mx/4.8.3/../../../../pic32mx/lib\libc.a(_flsbuf_simple.o)
 .debug_info    0x00024430       0xae c:/program files (x86)/microchip/xc32/v1.40/bin/bin/../../lib/gcc/pic32mx/4.8.3/../../../../pic32mx/lib\libpic32.a(write.o)
 .debug_info    0x000244de       0xb6 c:/program files (x86)/microchip/xc32/v1.40/bin/bin/../../lib/gcc/pic32mx/4.8.3/../../../../pic32mx/lib\libpic32.a(_mon_putc.o)
 .debug_info    0x00024594      0x74f c:/program files (x86)/microchip/xc32/v1.40/bin/bin/../../lib/gcc/pic32mx/4.8.3\libgcc.a(_udivdi3.o)
 .debug_info    0x00024ce3      0x78c c:/program files (x86)/microchip/xc32/v1.40/bin/bin/../../lib/gcc/pic32mx/4.8.3\libgcc.a(_umoddi3.o)

.debug_abbrev   0x00000000     0x3a9a
 *(.debug_abbrev)
 .debug_abbrev  0x00000000       0x28 c:/program files (x86)/microchip/xc32/v1.40/bin/bin/../../lib/gcc/pic32mx/4.8.3/../../../../pic32mx/lib\software-debug-break.o
 .debug_abbrev  0x00000028      0x193 build/configRover/debug/_ext/106981565/drv_ic_static.o
 .debug_abbrev  0x000001bb      0x157 build/configRover/debug/_ext/64793341/drv_oc_static.o
 .debug_abbrev  0x00000312      0x1bc build/configRover/debug/_ext/1797679462/drv_tmr_static.o
 .debug_abbrev  0x000004ce      0x220 build/configRover/debug/_ext/1532176561/drv_usart_static.o
 .debug_abbrev  0x000006ee      0x209 build/configRover/debug/_ext/249367850/sys_clk_static.o
 .debug_abbrev  0x000008f7      0x12f build/configRover/debug/_ext/1926720346/sys_ports_static.o
 .debug_abbrev  0x00000a26      0x1ee build/configRover/debug/_ext/369138285/system_init.o
 .debug_abbrev  0x00000c14      0x233 build/configRover/debug/_ext/369138285/system_interrupt.o
 .debug_abbrev  0x00000e47       0x8c build/configRover/debug/_ext/369138285/system_exceptions.o
 .debug_abbrev  0x00000ed3      0x154 build/configRover/debug/_ext/369138285/system_tasks.o
 .debug_abbrev  0x00001027       0x12 build/configRover/debug/_ext/369138285/system_interrupt_a.o
 .debug_abbrev  0x00001039       0x97 build/configRover/debug/_ext/369138285/rtos_hooks.o
 .debug_abbrev  0x000010d0      0x2f4 build/configRover/debug/_ext/1360937237/communication.o
 .debug_abbrev  0x000013c4      0x28d build/configRover/debug/_ext/1360937237/motor.o
 .debug_abbrev  0x00001651       0x93 build/configRover/debug/_ext/1360937237/main.o
 .debug_abbrev  0x000016e4      0x1fe build/configRover/debug/_ext/1879384925/osal_freertos.o
 .debug_abbrev  0x000018e2      0x2a1 build/configRover/debug/_ext/351848739/sys_devcon.o
 .debug_abbrev  0x00001b83      0x16d build/configRover/debug/_ext/351848739/sys_devcon_pic32mx.o
 .debug_abbrev  0x00001cf0      0x1ea build/configRover/debug/_ext/474818461/sys_int_pic32.o
 .debug_abbrev  0x00001eda      0x219 build/configRover/debug/_ext/1139950406/sys_ports.o
 .debug_abbrev  0x000020f3      0x13f build/configRover/debug/_ext/1818123999/heap_1.o
 .debug_abbrev  0x00002232      0x2cf build/configRover/debug/_ext/1062886388/port.o
 .debug_abbrev  0x00002501       0x14 build/configRover/debug/_ext/1062886388/port_asm.o
 .debug_abbrev  0x00002515      0x241 build/configRover/debug/_ext/184327166/croutine.o
 .debug_abbrev  0x00002756       0xf1 build/configRover/debug/_ext/184327166/list.o
 .debug_abbrev  0x00002847      0x2e0 build/configRover/debug/_ext/184327166/queue.o
 .debug_abbrev  0x00002b27      0x2f9 build/configRover/debug/_ext/184327166/tasks.o
 .debug_abbrev  0x00002e20      0x339 build/configRover/debug/_ext/184327166/timers.o
 .debug_abbrev  0x00003159      0x29a build/configRover/debug/_ext/184327166/event_groups.o
 .debug_abbrev  0x000033f3      0x159 build/configRover/debug/_ext/1536116519/debug.o
 .debug_abbrev  0x0000354c      0x13f build/configRover/debug/_ext/1360937237/timer.o
 .debug_abbrev  0x0000368b       0x28 c:/program files (x86)/microchip/xc32/v1.40/bin/bin/../../lib/gcc/pic32mx/4.8.3/../../../../pic32mx/lib\libpic32.a(default-bootstrap-exception-handler.o)
 .debug_abbrev  0x000036b3       0x28 c:/program files (x86)/microchip/xc32/v1.40/bin/bin/../../lib/gcc/pic32mx/4.8.3/../../../../pic32mx/lib\libpic32.a(default-on-reset.o)
 .debug_abbrev  0x000036db       0x28 c:/program files (x86)/microchip/xc32/v1.40/bin/bin/../../lib/gcc/pic32mx/4.8.3/../../../../pic32mx/lib\libpic32.a(default-on-bootstrap.o)
 .debug_abbrev  0x00003703       0x28 c:/program files (x86)/microchip/xc32/v1.40/bin/bin/../../lib/gcc/pic32mx/4.8.3/../../../../pic32mx/lib\libpic32.a(defaultinterrupt.o)
 .debug_abbrev  0x0000372b       0x28 c:/program files (x86)/microchip/xc32/v1.40/bin/bin/../../lib/gcc/pic32mx/4.8.3/../../../../pic32mx/lib\libc.a(sprintf_cdnopuxX.eo)
 .debug_abbrev  0x00003753       0x28 c:/program files (x86)/microchip/xc32/v1.40/bin/bin/../../lib/gcc/pic32mx/4.8.3/../../../../pic32mx/lib\libc.a(doprnt_cdnopuxX.eo)
 .debug_abbrev  0x0000377b       0x28 c:/program files (x86)/microchip/xc32/v1.40/bin/bin/../../lib/gcc/pic32mx/4.8.3/../../../../pic32mx/lib\libc.a(_fputc_simple.o)
 .debug_abbrev  0x000037a3       0x28 c:/program files (x86)/microchip/xc32/v1.40/bin/bin/../../lib/gcc/pic32mx/4.8.3/../../../../pic32mx/lib\libc.a(_flsbuf_simple.o)
 .debug_abbrev  0x000037cb       0x28 c:/program files (x86)/microchip/xc32/v1.40/bin/bin/../../lib/gcc/pic32mx/4.8.3/../../../../pic32mx/lib\libpic32.a(write.o)
 .debug_abbrev  0x000037f3       0x28 c:/program files (x86)/microchip/xc32/v1.40/bin/bin/../../lib/gcc/pic32mx/4.8.3/../../../../pic32mx/lib\libpic32.a(_mon_putc.o)
 .debug_abbrev  0x0000381b      0x138 c:/program files (x86)/microchip/xc32/v1.40/bin/bin/../../lib/gcc/pic32mx/4.8.3\libgcc.a(_udivdi3.o)
 .debug_abbrev  0x00003953      0x147 c:/program files (x86)/microchip/xc32/v1.40/bin/bin/../../lib/gcc/pic32mx/4.8.3\libgcc.a(_umoddi3.o)

.debug_line     0x00000000     0x779f
 *(.debug_line)
 .debug_line    0x00000000       0x8a c:/program files (x86)/microchip/xc32/v1.40/bin/bin/../../lib/gcc/pic32mx/4.8.3/../../../../pic32mx/lib\software-debug-break.o
 .debug_line    0x0000008a      0x51b build/configRover/debug/_ext/106981565/drv_ic_static.o
 .debug_line    0x000005a5      0x422 build/configRover/debug/_ext/64793341/drv_oc_static.o
 .debug_line    0x000009c7      0x4fe build/configRover/debug/_ext/1797679462/drv_tmr_static.o
 .debug_line    0x00000ec5      0x69a build/configRover/debug/_ext/1532176561/drv_usart_static.o
 .debug_line    0x0000155f      0x36b build/configRover/debug/_ext/249367850/sys_clk_static.o
 .debug_line    0x000018ca      0x2c6 build/configRover/debug/_ext/1926720346/sys_ports_static.o
 .debug_line    0x00001b90      0x4df build/configRover/debug/_ext/369138285/system_init.o
 .debug_line    0x0000206f      0x451 build/configRover/debug/_ext/369138285/system_interrupt.o
 .debug_line    0x000024c0       0xe0 build/configRover/debug/_ext/369138285/system_exceptions.o
 .debug_line    0x000025a0      0x30d build/configRover/debug/_ext/369138285/system_tasks.o
 .debug_line    0x000028ad      0x151 build/configRover/debug/_ext/369138285/system_interrupt_a.o
 .debug_line    0x000029fe      0x134 build/configRover/debug/_ext/369138285/rtos_hooks.o
 .debug_line    0x00002b32      0x560 build/configRover/debug/_ext/1360937237/communication.o
 .debug_line    0x00003092      0x515 build/configRover/debug/_ext/1360937237/motor.o
 .debug_line    0x000035a7       0xa5 build/configRover/debug/_ext/1360937237/main.o
 .debug_line    0x0000364c      0x2bb build/configRover/debug/_ext/1879384925/osal_freertos.o
 .debug_line    0x00003907      0x5c6 build/configRover/debug/_ext/351848739/sys_devcon.o
 .debug_line    0x00003ecd      0x471 build/configRover/debug/_ext/351848739/sys_devcon_pic32mx.o
 .debug_line    0x0000433e      0x38c build/configRover/debug/_ext/474818461/sys_int_pic32.o
 .debug_line    0x000046ca      0x870 build/configRover/debug/_ext/1139950406/sys_ports.o
 .debug_line    0x00004f3a      0x216 build/configRover/debug/_ext/1818123999/heap_1.o
 .debug_line    0x00005150      0x23a build/configRover/debug/_ext/1062886388/port.o
 .debug_line    0x0000538a      0x11a build/configRover/debug/_ext/1062886388/port_asm.o
 .debug_line    0x000054a4      0x2d1 build/configRover/debug/_ext/184327166/croutine.o
 .debug_line    0x00005775      0x1dc build/configRover/debug/_ext/184327166/list.o
 .debug_line    0x00005951      0x4a2 build/configRover/debug/_ext/184327166/queue.o
 .debug_line    0x00005df3      0x83b build/configRover/debug/_ext/184327166/tasks.o
 .debug_line    0x0000662e      0x377 build/configRover/debug/_ext/184327166/timers.o
 .debug_line    0x000069a5      0x321 build/configRover/debug/_ext/184327166/event_groups.o
 .debug_line    0x00006cc6      0x212 build/configRover/debug/_ext/1536116519/debug.o
 .debug_line    0x00006ed8      0x1ec build/configRover/debug/_ext/1360937237/timer.o
 .debug_line    0x000070c4       0x97 c:/program files (x86)/microchip/xc32/v1.40/bin/bin/../../lib/gcc/pic32mx/4.8.3/../../../../pic32mx/lib\libpic32.a(default-bootstrap-exception-handler.o)
 .debug_line    0x0000715b       0x84 c:/program files (x86)/microchip/xc32/v1.40/bin/bin/../../lib/gcc/pic32mx/4.8.3/../../../../pic32mx/lib\libpic32.a(default-on-reset.o)
 .debug_line    0x000071df       0x88 c:/program files (x86)/microchip/xc32/v1.40/bin/bin/../../lib/gcc/pic32mx/4.8.3/../../../../pic32mx/lib\libpic32.a(default-on-bootstrap.o)
 .debug_line    0x00007267       0x96 c:/program files (x86)/microchip/xc32/v1.40/bin/bin/../../lib/gcc/pic32mx/4.8.3/../../../../pic32mx/lib\libpic32.a(defaultinterrupt.o)
 .debug_line    0x000072fd       0x71 c:/program files (x86)/microchip/xc32/v1.40/bin/bin/../../lib/gcc/pic32mx/4.8.3/../../../../pic32mx/lib\libc.a(sprintf_cdnopuxX.eo)
 .debug_line    0x0000736e       0x70 c:/program files (x86)/microchip/xc32/v1.40/bin/bin/../../lib/gcc/pic32mx/4.8.3/../../../../pic32mx/lib\libc.a(doprnt_cdnopuxX.eo)
 .debug_line    0x000073de       0x6f c:/program files (x86)/microchip/xc32/v1.40/bin/bin/../../lib/gcc/pic32mx/4.8.3/../../../../pic32mx/lib\libc.a(_fputc_simple.o)
 .debug_line    0x0000744d        0x0 c:/program files (x86)/microchip/xc32/v1.40/bin/bin/../../lib/gcc/pic32mx/4.8.3/../../../../pic32mx/lib\libc.a(ctype.o)
 .debug_line    0x0000744d        0x0 c:/program files (x86)/microchip/xc32/v1.40/bin/bin/../../lib/gcc/pic32mx/4.8.3/../../../../pic32mx/lib\libc.a(_iob.o)
 .debug_line    0x0000744d       0x70 c:/program files (x86)/microchip/xc32/v1.40/bin/bin/../../lib/gcc/pic32mx/4.8.3/../../../../pic32mx/lib\libc.a(_flsbuf_simple.o)
 .debug_line    0x000074bd       0x79 c:/program files (x86)/microchip/xc32/v1.40/bin/bin/../../lib/gcc/pic32mx/4.8.3/../../../../pic32mx/lib\libpic32.a(write.o)
 .debug_line    0x00007536       0x7d c:/program files (x86)/microchip/xc32/v1.40/bin/bin/../../lib/gcc/pic32mx/4.8.3/../../../../pic32mx/lib\libpic32.a(_mon_putc.o)
 .debug_line    0x000075b3        0x0 c:/program files (x86)/microchip/xc32/v1.40/bin/bin/../../lib/gcc/pic32mx/4.8.3/../../../../pic32mx/lib\libpic32.a(xc32_uart.o)
 .debug_line    0x000075b3       0xed c:/program files (x86)/microchip/xc32/v1.40/bin/bin/../../lib/gcc/pic32mx/4.8.3\libgcc.a(_udivdi3.o)
 .debug_line    0x000076a0       0xff c:/program files (x86)/microchip/xc32/v1.40/bin/bin/../../lib/gcc/pic32mx/4.8.3\libgcc.a(_umoddi3.o)

.debug_frame    0x00000000     0x19f4
 *(.debug_frame)
 .debug_frame   0x00000000       0x20 c:/program files (x86)/microchip/xc32/v1.40/bin/bin/../../lib/gcc/pic32mx/4.8.3/../../../../pic32mx/lib\software-debug-break.o
 .debug_frame   0x00000020       0xd0 build/configRover/debug/_ext/106981565/drv_ic_static.o
 .debug_frame   0x000000f0       0xd0 build/configRover/debug/_ext/64793341/drv_oc_static.o
 .debug_frame   0x000001c0       0xd0 build/configRover/debug/_ext/1797679462/drv_tmr_static.o
 .debug_frame   0x00000290       0x80 build/configRover/debug/_ext/1532176561/drv_usart_static.o
 .debug_frame   0x00000310       0x58 build/configRover/debug/_ext/249367850/sys_clk_static.o
 .debug_frame   0x00000368       0x20 build/configRover/debug/_ext/1926720346/sys_ports_static.o
 .debug_frame   0x00000388       0x28 build/configRover/debug/_ext/369138285/system_init.o
 .debug_frame   0x000003b0       0x78 build/configRover/debug/_ext/369138285/system_interrupt.o
 .debug_frame   0x00000428       0x28 build/configRover/debug/_ext/369138285/system_exceptions.o
 .debug_frame   0x00000450       0x70 build/configRover/debug/_ext/369138285/system_tasks.o
 .debug_frame   0x000004c0       0x40 build/configRover/debug/_ext/369138285/rtos_hooks.o
 .debug_frame   0x00000500      0x144 build/configRover/debug/_ext/1360937237/communication.o
 .debug_frame   0x00000644       0xa0 build/configRover/debug/_ext/1360937237/motor.o
 .debug_frame   0x000006e4       0x28 build/configRover/debug/_ext/1360937237/main.o
 .debug_frame   0x0000070c      0x150 build/configRover/debug/_ext/1879384925/osal_freertos.o
 .debug_frame   0x0000085c       0xe8 build/configRover/debug/_ext/351848739/sys_devcon.o
 .debug_frame   0x00000944       0x28 build/configRover/debug/_ext/351848739/sys_devcon_pic32mx.o
 .debug_frame   0x0000096c       0x90 build/configRover/debug/_ext/474818461/sys_int_pic32.o
 .debug_frame   0x000009fc      0x1d0 build/configRover/debug/_ext/1139950406/sys_ports.o
 .debug_frame   0x00000bcc       0x5c build/configRover/debug/_ext/1818123999/heap_1.o
 .debug_frame   0x00000c28       0xc0 build/configRover/debug/_ext/1062886388/port.o
 .debug_frame   0x00000ce8       0xe8 build/configRover/debug/_ext/184327166/croutine.o
 .debug_frame   0x00000dd0       0x60 build/configRover/debug/_ext/184327166/list.o
 .debug_frame   0x00000e30      0x230 build/configRover/debug/_ext/184327166/queue.o
 .debug_frame   0x00001060      0x4d0 build/configRover/debug/_ext/184327166/tasks.o
 .debug_frame   0x00001530      0x110 build/configRover/debug/_ext/184327166/timers.o
 .debug_frame   0x00001640      0x108 build/configRover/debug/_ext/184327166/event_groups.o
 .debug_frame   0x00001748       0x8c build/configRover/debug/_ext/1536116519/debug.o
 .debug_frame   0x000017d4       0x40 build/configRover/debug/_ext/1360937237/timer.o
 .debug_frame   0x00001814       0x2c c:/program files (x86)/microchip/xc32/v1.40/bin/bin/../../lib/gcc/pic32mx/4.8.3/../../../../pic32mx/lib\libpic32.a(default-bootstrap-exception-handler.o)
 .debug_frame   0x00001840       0x20 c:/program files (x86)/microchip/xc32/v1.40/bin/bin/../../lib/gcc/pic32mx/4.8.3/../../../../pic32mx/lib\libpic32.a(default-on-reset.o)
 .debug_frame   0x00001860       0x20 c:/program files (x86)/microchip/xc32/v1.40/bin/bin/../../lib/gcc/pic32mx/4.8.3/../../../../pic32mx/lib\libpic32.a(default-on-bootstrap.o)
 .debug_frame   0x00001880       0x20 c:/program files (x86)/microchip/xc32/v1.40/bin/bin/../../lib/gcc/pic32mx/4.8.3/../../../../pic32mx/lib\libpic32.a(defaultinterrupt.o)
 .debug_frame   0x000018a0       0x28 c:/program files (x86)/microchip/xc32/v1.40/bin/bin/../../lib/gcc/pic32mx/4.8.3/../../../../pic32mx/lib\libc.a(sprintf_cdnopuxX.eo)
 .debug_frame   0x000018c8       0x38 c:/program files (x86)/microchip/xc32/v1.40/bin/bin/../../lib/gcc/pic32mx/4.8.3/../../../../pic32mx/lib\libc.a(doprnt_cdnopuxX.eo)
 .debug_frame   0x00001900       0x2c c:/program files (x86)/microchip/xc32/v1.40/bin/bin/../../lib/gcc/pic32mx/4.8.3/../../../../pic32mx/lib\libc.a(_fputc_simple.o)
 .debug_frame   0x0000192c       0x28 c:/program files (x86)/microchip/xc32/v1.40/bin/bin/../../lib/gcc/pic32mx/4.8.3/../../../../pic32mx/lib\libc.a(_flsbuf_simple.o)
 .debug_frame   0x00001954       0x38 c:/program files (x86)/microchip/xc32/v1.40/bin/bin/../../lib/gcc/pic32mx/4.8.3/../../../../pic32mx/lib\libpic32.a(write.o)
 .debug_frame   0x0000198c       0x28 c:/program files (x86)/microchip/xc32/v1.40/bin/bin/../../lib/gcc/pic32mx/4.8.3/../../../../pic32mx/lib\libpic32.a(_mon_putc.o)
 .debug_frame   0x000019b4       0x20 c:/program files (x86)/microchip/xc32/v1.40/bin/bin/../../lib/gcc/pic32mx/4.8.3\libgcc.a(_udivdi3.o)
 .debug_frame   0x000019d4       0x20 c:/program files (x86)/microchip/xc32/v1.40/bin/bin/../../lib/gcc/pic32mx/4.8.3\libgcc.a(_umoddi3.o)

.debug_str      0x00000000      0x7d0
 *(.debug_str)
 .debug_str     0x00000000        0x0 c:/program files (x86)/microchip/xc32/v1.40/bin/bin/../../lib/gcc/pic32mx/4.8.3/../../../../pic32mx/lib\software-debug-break.o
 .debug_str     0x00000000       0x28 build/configRover/debug/_ext/106981565/drv_ic_static.o
 .debug_str     0x00000028       0x1a build/configRover/debug/_ext/64793341/drv_oc_static.o
 .debug_str     0x00000042       0x35 build/configRover/debug/_ext/1797679462/drv_tmr_static.o
 .debug_str     0x00000077       0x7c build/configRover/debug/_ext/1532176561/drv_usart_static.o
 .debug_str     0x000000f3       0x39 build/configRover/debug/_ext/249367850/sys_clk_static.o
 .debug_str     0x0000012c        0xd build/configRover/debug/_ext/1926720346/sys_ports_static.o
 .debug_str     0x00000139        0xb build/configRover/debug/_ext/369138285/system_init.o
 .debug_str     0x00000144       0x17 build/configRover/debug/_ext/369138285/system_interrupt.o
 .debug_str     0x0000015b        0x0 build/configRover/debug/_ext/369138285/system_exceptions.o
 .debug_str     0x0000015b        0x0 build/configRover/debug/_ext/369138285/system_tasks.o
 .debug_str     0x0000015b        0x9 build/configRover/debug/_ext/369138285/rtos_hooks.o
 .debug_str     0x00000164       0x2d build/configRover/debug/_ext/1360937237/communication.o
 .debug_str     0x00000191       0x42 build/configRover/debug/_ext/1360937237/motor.o
 .debug_str     0x000001d3        0x0 build/configRover/debug/_ext/1360937237/main.o
 .debug_str     0x000001d3       0x40 build/configRover/debug/_ext/1879384925/osal_freertos.o
 .debug_str     0x00000213       0x16 build/configRover/debug/_ext/351848739/sys_devcon.o
 .debug_str     0x00000229        0x6 build/configRover/debug/_ext/351848739/sys_devcon_pic32mx.o
 .debug_str     0x0000022f       0x2d build/configRover/debug/_ext/474818461/sys_int_pic32.o
 .debug_str     0x0000025c       0x98 build/configRover/debug/_ext/1139950406/sys_ports.o
 .debug_str     0x000002f4       0x1d build/configRover/debug/_ext/1818123999/heap_1.o
 .debug_str     0x00000311       0x37 build/configRover/debug/_ext/1062886388/port.o
 .debug_str     0x00000348       0x46 build/configRover/debug/_ext/184327166/croutine.o
 .debug_str     0x0000038e       0x2b build/configRover/debug/_ext/184327166/list.o
 .debug_str     0x000003b9       0xf1 build/configRover/debug/_ext/184327166/queue.o
 .debug_str     0x000004aa      0x174 build/configRover/debug/_ext/184327166/tasks.o
 .debug_str     0x0000061e       0xbf build/configRover/debug/_ext/184327166/timers.o
 .debug_str     0x000006dd       0xe6 build/configRover/debug/_ext/184327166/event_groups.o
 .debug_str     0x000007c3        0xd build/configRover/debug/_ext/1536116519/debug.o
 .debug_str     0x000007d0        0x0 build/configRover/debug/_ext/1360937237/timer.o
 .debug_str     0x000007d0        0x0 c:/program files (x86)/microchip/xc32/v1.40/bin/bin/../../lib/gcc/pic32mx/4.8.3/../../../../pic32mx/lib\libpic32.a(default-bootstrap-exception-handler.o)
 .debug_str     0x000007d0        0x0 c:/program files (x86)/microchip/xc32/v1.40/bin/bin/../../lib/gcc/pic32mx/4.8.3/../../../../pic32mx/lib\libpic32.a(default-on-reset.o)
 .debug_str     0x000007d0        0x0 c:/program files (x86)/microchip/xc32/v1.40/bin/bin/../../lib/gcc/pic32mx/4.8.3/../../../../pic32mx/lib\libpic32.a(default-on-bootstrap.o)
 .debug_str     0x000007d0        0x0 c:/program files (x86)/microchip/xc32/v1.40/bin/bin/../../lib/gcc/pic32mx/4.8.3/../../../../pic32mx/lib\libpic32.a(defaultinterrupt.o)
 .debug_str     0x000007d0        0x0 c:/program files (x86)/microchip/xc32/v1.40/bin/bin/../../lib/gcc/pic32mx/4.8.3/../../../../pic32mx/lib\libc.a(sprintf_cdnopuxX.eo)
 .debug_str     0x000007d0        0x0 c:/program files (x86)/microchip/xc32/v1.40/bin/bin/../../lib/gcc/pic32mx/4.8.3/../../../../pic32mx/lib\libc.a(doprnt_cdnopuxX.eo)
 .debug_str     0x000007d0        0x0 c:/program files (x86)/microchip/xc32/v1.40/bin/bin/../../lib/gcc/pic32mx/4.8.3/../../../../pic32mx/lib\libc.a(_fputc_simple.o)
 .debug_str     0x000007d0        0x0 c:/program files (x86)/microchip/xc32/v1.40/bin/bin/../../lib/gcc/pic32mx/4.8.3/../../../../pic32mx/lib\libc.a(ctype.o)
 .debug_str     0x000007d0        0x0 c:/program files (x86)/microchip/xc32/v1.40/bin/bin/../../lib/gcc/pic32mx/4.8.3/../../../../pic32mx/lib\libc.a(_iob.o)
 .debug_str     0x000007d0        0x0 c:/program files (x86)/microchip/xc32/v1.40/bin/bin/../../lib/gcc/pic32mx/4.8.3/../../../../pic32mx/lib\libc.a(_flsbuf_simple.o)
 .debug_str     0x000007d0        0x0 c:/program files (x86)/microchip/xc32/v1.40/bin/bin/../../lib/gcc/pic32mx/4.8.3/../../../../pic32mx/lib\libpic32.a(write.o)
 .debug_str     0x000007d0        0x0 c:/program files (x86)/microchip/xc32/v1.40/bin/bin/../../lib/gcc/pic32mx/4.8.3/../../../../pic32mx/lib\libpic32.a(_mon_putc.o)
 .debug_str     0x000007d0        0x0 c:/program files (x86)/microchip/xc32/v1.40/bin/bin/../../lib/gcc/pic32mx/4.8.3/../../../../pic32mx/lib\libpic32.a(xc32_uart.o)
 .debug_str     0x000007d0        0x0 c:/program files (x86)/microchip/xc32/v1.40/bin/bin/../../lib/gcc/pic32mx/4.8.3\libgcc.a(_udivdi3.o)
 .debug_str     0x000007d0        0x0 c:/program files (x86)/microchip/xc32/v1.40/bin/bin/../../lib/gcc/pic32mx/4.8.3\libgcc.a(_umoddi3.o)

.debug_loc      0x00000000     0x7b7b
 *(.debug_loc)
 .debug_loc     0x00000000       0x42 build/configRover/debug/_ext/1797679462/drv_tmr_static.o
 .debug_loc     0x00000042       0xa0 build/configRover/debug/_ext/1532176561/drv_usart_static.o
 .debug_loc     0x000000e2       0x6d build/configRover/debug/_ext/249367850/sys_clk_static.o
 .debug_loc     0x0000014f       0x41 build/configRover/debug/_ext/369138285/system_init.o
 .debug_loc     0x00000190       0x79 build/configRover/debug/_ext/369138285/system_interrupt.o
 .debug_loc     0x00000209       0x20 build/configRover/debug/_ext/369138285/system_exceptions.o
 .debug_loc     0x00000229       0x80 build/configRover/debug/_ext/369138285/system_tasks.o
 .debug_loc     0x000002a9       0x74 build/configRover/debug/_ext/369138285/rtos_hooks.o
 .debug_loc     0x0000031d      0x56d build/configRover/debug/_ext/1360937237/communication.o
 .debug_loc     0x0000088a      0x36c build/configRover/debug/_ext/1360937237/motor.o
 .debug_loc     0x00000bf6       0x20 build/configRover/debug/_ext/1360937237/main.o
 .debug_loc     0x00000c16      0x58c build/configRover/debug/_ext/1879384925/osal_freertos.o
 .debug_loc     0x000011a2      0x150 build/configRover/debug/_ext/351848739/sys_devcon.o
 .debug_loc     0x000012f2      0x100 build/configRover/debug/_ext/351848739/sys_devcon_pic32mx.o
 .debug_loc     0x000013f2      0x10d build/configRover/debug/_ext/474818461/sys_int_pic32.o
 .debug_loc     0x000014ff      0xee1 build/configRover/debug/_ext/1139950406/sys_ports.o
 .debug_loc     0x000023e0       0x69 build/configRover/debug/_ext/1818123999/heap_1.o
 .debug_loc     0x00002449      0x1aa build/configRover/debug/_ext/1062886388/port.o
 .debug_loc     0x000025f3      0x410 build/configRover/debug/_ext/184327166/croutine.o
 .debug_loc     0x00002a03       0x31 build/configRover/debug/_ext/184327166/list.o
 .debug_loc     0x00002a34      0xf5e build/configRover/debug/_ext/184327166/queue.o
 .debug_loc     0x00003992     0x1926 build/configRover/debug/_ext/184327166/tasks.o
 .debug_loc     0x000052b8      0x7c7 build/configRover/debug/_ext/184327166/timers.o
 .debug_loc     0x00005a7f      0xa0a build/configRover/debug/_ext/184327166/event_groups.o
 .debug_loc     0x00006489      0x179 build/configRover/debug/_ext/1536116519/debug.o
 .debug_loc     0x00006602       0xd2 build/configRover/debug/_ext/1360937237/timer.o
 .debug_loc     0x000066d4      0xa6a c:/program files (x86)/microchip/xc32/v1.40/bin/bin/../../lib/gcc/pic32mx/4.8.3\libgcc.a(_udivdi3.o)
 .debug_loc     0x0000713e      0xa3d c:/program files (x86)/microchip/xc32/v1.40/bin/bin/../../lib/gcc/pic32mx/4.8.3\libgcc.a(_umoddi3.o)

.debug_macinfo
 *(.debug_macinfo)

.debug_weaknames
 *(.debug_weaknames)

.debug_funcnames
 *(.debug_funcnames)

.debug_typenames
 *(.debug_typenames)

.debug_varnames
 *(.debug_varnames)

.debug_pubtypes
 *(.debug_pubtypes)

.debug_ranges   0x00000000      0xd58
 *(.debug_ranges)
 .debug_ranges  0x00000000       0x10 c:/program files (x86)/microchip/xc32/v1.40/bin/bin/../../lib/gcc/pic32mx/4.8.3/../../../../pic32mx/lib\software-debug-break.o
 .debug_ranges  0x00000010       0x68 build/configRover/debug/_ext/106981565/drv_ic_static.o
 .debug_ranges  0x00000078       0x68 build/configRover/debug/_ext/64793341/drv_oc_static.o
 .debug_ranges  0x000000e0       0x68 build/configRover/debug/_ext/1797679462/drv_tmr_static.o
 .debug_ranges  0x00000148       0x38 build/configRover/debug/_ext/1532176561/drv_usart_static.o
 .debug_ranges  0x00000180       0x28 build/configRover/debug/_ext/249367850/sys_clk_static.o
 .debug_ranges  0x000001a8       0x10 build/configRover/debug/_ext/1926720346/sys_ports_static.o
 .debug_ranges  0x000001b8       0x10 build/configRover/debug/_ext/369138285/system_init.o
 .debug_ranges  0x000001c8       0x38 build/configRover/debug/_ext/369138285/system_interrupt.o
 .debug_ranges  0x00000200       0x10 build/configRover/debug/_ext/369138285/system_exceptions.o
 .debug_ranges  0x00000210       0x28 build/configRover/debug/_ext/369138285/system_tasks.o
 .debug_ranges  0x00000238       0x70 build/configRover/debug/_ext/369138285/system_interrupt_a.o
 .debug_ranges  0x000002a8       0x18 build/configRover/debug/_ext/369138285/rtos_hooks.o
 .debug_ranges  0x000002c0       0xd0 build/configRover/debug/_ext/1360937237/communication.o
 .debug_ranges  0x00000390       0x60 build/configRover/debug/_ext/1360937237/motor.o
 .debug_ranges  0x000003f0       0x10 build/configRover/debug/_ext/1360937237/main.o
 .debug_ranges  0x00000400       0x78 build/configRover/debug/_ext/1879384925/osal_freertos.o
 .debug_ranges  0x00000478       0x68 build/configRover/debug/_ext/351848739/sys_devcon.o
 .debug_ranges  0x000004e0       0x10 build/configRover/debug/_ext/351848739/sys_devcon_pic32mx.o
 .debug_ranges  0x000004f0       0x50 build/configRover/debug/_ext/474818461/sys_int_pic32.o
 .debug_ranges  0x00000540       0xe8 build/configRover/debug/_ext/1139950406/sys_ports.o
 .debug_ranges  0x00000628       0x28 build/configRover/debug/_ext/1818123999/heap_1.o
 .debug_ranges  0x00000650       0x48 build/configRover/debug/_ext/1062886388/port.o
 .debug_ranges  0x00000698       0x70 build/configRover/debug/_ext/184327166/croutine.o
 .debug_ranges  0x00000708       0x30 build/configRover/debug/_ext/184327166/list.o
 .debug_ranges  0x00000738       0xa8 build/configRover/debug/_ext/184327166/queue.o
 .debug_ranges  0x000007e0      0x1a8 build/configRover/debug/_ext/184327166/tasks.o
 .debug_ranges  0x00000988       0xe0 build/configRover/debug/_ext/184327166/timers.o
 .debug_ranges  0x00000a68       0x98 build/configRover/debug/_ext/184327166/event_groups.o
 .debug_ranges  0x00000b00       0x30 build/configRover/debug/_ext/1536116519/debug.o
 .debug_ranges  0x00000b30       0x18 build/configRover/debug/_ext/1360937237/timer.o
 .debug_ranges  0x00000b48       0x10 c:/program files (x86)/microchip/xc32/v1.40/bin/bin/../../lib/gcc/pic32mx/4.8.3/../../../../pic32mx/lib\libpic32.a(default-bootstrap-exception-handler.o)
 .debug_ranges  0x00000b58       0x10 c:/program files (x86)/microchip/xc32/v1.40/bin/bin/../../lib/gcc/pic32mx/4.8.3/../../../../pic32mx/lib\libpic32.a(default-on-reset.o)
 .debug_ranges  0x00000b68       0x10 c:/program files (x86)/microchip/xc32/v1.40/bin/bin/../../lib/gcc/pic32mx/4.8.3/../../../../pic32mx/lib\libpic32.a(default-on-bootstrap.o)
 .debug_ranges  0x00000b78       0x10 c:/program files (x86)/microchip/xc32/v1.40/bin/bin/../../lib/gcc/pic32mx/4.8.3/../../../../pic32mx/lib\libpic32.a(defaultinterrupt.o)
 .debug_ranges  0x00000b88       0x10 c:/program files (x86)/microchip/xc32/v1.40/bin/bin/../../lib/gcc/pic32mx/4.8.3/../../../../pic32mx/lib\libc.a(sprintf_cdnopuxX.eo)
 .debug_ranges  0x00000b98       0x10 c:/program files (x86)/microchip/xc32/v1.40/bin/bin/../../lib/gcc/pic32mx/4.8.3/../../../../pic32mx/lib\libc.a(doprnt_cdnopuxX.eo)
 .debug_ranges  0x00000ba8       0x10 c:/program files (x86)/microchip/xc32/v1.40/bin/bin/../../lib/gcc/pic32mx/4.8.3/../../../../pic32mx/lib\libc.a(_fputc_simple.o)
 .debug_ranges  0x00000bb8       0x10 c:/program files (x86)/microchip/xc32/v1.40/bin/bin/../../lib/gcc/pic32mx/4.8.3/../../../../pic32mx/lib\libc.a(_flsbuf_simple.o)
 .debug_ranges  0x00000bc8       0x10 c:/program files (x86)/microchip/xc32/v1.40/bin/bin/../../lib/gcc/pic32mx/4.8.3/../../../../pic32mx/lib\libpic32.a(write.o)
 .debug_ranges  0x00000bd8       0x10 c:/program files (x86)/microchip/xc32/v1.40/bin/bin/../../lib/gcc/pic32mx/4.8.3/../../../../pic32mx/lib\libpic32.a(_mon_putc.o)
 .debug_ranges  0x00000be8       0x98 c:/program files (x86)/microchip/xc32/v1.40/bin/bin/../../lib/gcc/pic32mx/4.8.3\libgcc.a(_udivdi3.o)
 .debug_ranges  0x00000c80       0xd8 c:/program files (x86)/microchip/xc32/v1.40/bin/bin/../../lib/gcc/pic32mx/4.8.3\libgcc.a(_umoddi3.o)

.gnu.attributes
                0x00000000       0x10
 *(.gnu.attributes)
 .gnu.attributes
                0x00000000       0x10 c:/program files (x86)/microchip/xc32/v1.40/bin/bin/../../lib/gcc/pic32mx/4.8.3/../../../../pic32mx/lib\software-debug-break.o
 .gnu.attributes
                0x00000010       0x10 build/configRover/debug/_ext/106981565/drv_ic_static.o
 .gnu.attributes
                0x00000020       0x10 build/configRover/debug/_ext/64793341/drv_oc_static.o
 .gnu.attributes
                0x00000030       0x10 build/configRover/debug/_ext/1797679462/drv_tmr_static.o
 .gnu.attributes
                0x00000040       0x10 build/configRover/debug/_ext/1532176561/drv_usart_static.o
 .gnu.attributes
                0x00000050       0x10 build/configRover/debug/_ext/249367850/sys_clk_static.o
 .gnu.attributes
                0x00000060       0x10 build/configRover/debug/_ext/1926720346/sys_ports_static.o
 .gnu.attributes
                0x00000070       0x10 build/configRover/debug/_ext/369138285/system_init.o
 .gnu.attributes
                0x00000080       0x10 build/configRover/debug/_ext/369138285/system_interrupt.o
 .gnu.attributes
                0x00000090       0x10 build/configRover/debug/_ext/369138285/system_exceptions.o
 .gnu.attributes
                0x000000a0       0x10 build/configRover/debug/_ext/369138285/system_tasks.o
 .gnu.attributes
                0x000000b0       0x10 build/configRover/debug/_ext/369138285/rtos_hooks.o